Archive member included to satisfy reference by file (symbol)

/Applications/ARM/bin/../lib/gcc/arm-none-eabi/10.3.1/../../../../arm-none-eabi/lib/thumb/v7e-m+fp/hard/libstdc++.a(atexit_arm.o)
                              CMakeFiles/STM32Grape.elf.dir/Core/Src/RobotMain.cpp.obj (__aeabi_atexit)
/Applications/ARM/bin/../lib/gcc/arm-none-eabi/10.3.1/../../../../arm-none-eabi/lib/thumb/v7e-m+fp/hard/libstdc++.a(eh_arm.o)
                              CMakeFiles/STM32Grape.elf.dir/Core/Src/motor.cpp.obj (__cxa_end_cleanup)
/Applications/ARM/bin/../lib/gcc/arm-none-eabi/10.3.1/../../../../arm-none-eabi/lib/thumb/v7e-m+fp/hard/libstdc++.a(eh_exception.o)
                              /Applications/ARM/bin/../lib/gcc/arm-none-eabi/10.3.1/../../../../arm-none-eabi/lib/thumb/v7e-m+fp/hard/libstdc++.a(eh_arm.o) (typeinfo for __cxxabiv1::__forced_unwind)
/Applications/ARM/bin/../lib/gcc/arm-none-eabi/10.3.1/../../../../arm-none-eabi/lib/thumb/v7e-m+fp/hard/libstdc++.a(eh_globals.o)
                              /Applications/ARM/bin/../lib/gcc/arm-none-eabi/10.3.1/../../../../arm-none-eabi/lib/thumb/v7e-m+fp/hard/libstdc++.a(eh_arm.o) (__cxa_get_globals)
/Applications/ARM/bin/../lib/gcc/arm-none-eabi/10.3.1/../../../../arm-none-eabi/lib/thumb/v7e-m+fp/hard/libstdc++.a(eh_personality.o)
                              CMakeFiles/STM32Grape.elf.dir/Core/Src/motor.cpp.obj (__gxx_personality_v0)
/Applications/ARM/bin/../lib/gcc/arm-none-eabi/10.3.1/../../../../arm-none-eabi/lib/thumb/v7e-m+fp/hard/libstdc++.a(eh_terminate.o)
                              /Applications/ARM/bin/../lib/gcc/arm-none-eabi/10.3.1/../../../../arm-none-eabi/lib/thumb/v7e-m+fp/hard/libstdc++.a(eh_arm.o) (std::terminate())
/Applications/ARM/bin/../lib/gcc/arm-none-eabi/10.3.1/../../../../arm-none-eabi/lib/thumb/v7e-m+fp/hard/libstdc++.a(eh_unex_handler.o)
                              /Applications/ARM/bin/../lib/gcc/arm-none-eabi/10.3.1/../../../../arm-none-eabi/lib/thumb/v7e-m+fp/hard/libstdc++.a(eh_terminate.o) (__cxxabiv1::__unexpected_handler)
/Applications/ARM/bin/../lib/gcc/arm-none-eabi/10.3.1/../../../../arm-none-eabi/lib/thumb/v7e-m+fp/hard/libstdc++.a(pure.o)
                              /Applications/ARM/bin/../lib/gcc/arm-none-eabi/10.3.1/../../../../arm-none-eabi/lib/thumb/v7e-m+fp/hard/libstdc++.a(eh_exception.o) (__cxa_pure_virtual)
/Applications/ARM/bin/../lib/gcc/arm-none-eabi/10.3.1/../../../../arm-none-eabi/lib/thumb/v7e-m+fp/hard/libstdc++.a(si_class_type_info.o)
                              /Applications/ARM/bin/../lib/gcc/arm-none-eabi/10.3.1/../../../../arm-none-eabi/lib/thumb/v7e-m+fp/hard/libstdc++.a(eh_exception.o) (vtable for __cxxabiv1::__si_class_type_info)
/Applications/ARM/bin/../lib/gcc/arm-none-eabi/10.3.1/../../../../arm-none-eabi/lib/thumb/v7e-m+fp/hard/libstdc++.a(tinfo.o)
                              /Applications/ARM/bin/../lib/gcc/arm-none-eabi/10.3.1/../../../../arm-none-eabi/lib/thumb/v7e-m+fp/hard/libstdc++.a(si_class_type_info.o) (std::type_info::__is_pointer_p() const)
/Applications/ARM/bin/../lib/gcc/arm-none-eabi/10.3.1/../../../../arm-none-eabi/lib/thumb/v7e-m+fp/hard/libstdc++.a(vterminate.o)
                              /Applications/ARM/bin/../lib/gcc/arm-none-eabi/10.3.1/../../../../arm-none-eabi/lib/thumb/v7e-m+fp/hard/libstdc++.a(eh_terminate.o) (__gnu_cxx::__verbose_terminate_handler())
/Applications/ARM/bin/../lib/gcc/arm-none-eabi/10.3.1/../../../../arm-none-eabi/lib/thumb/v7e-m+fp/hard/libstdc++.a(class_type_info.o)
                              /Applications/ARM/bin/../lib/gcc/arm-none-eabi/10.3.1/../../../../arm-none-eabi/lib/thumb/v7e-m+fp/hard/libstdc++.a(si_class_type_info.o) (__cxxabiv1::__class_type_info::__do_upcast(__cxxabiv1::__class_type_info const*, void**) const)
/Applications/ARM/bin/../lib/gcc/arm-none-eabi/10.3.1/../../../../arm-none-eabi/lib/thumb/v7e-m+fp/hard/libstdc++.a(cp-demangle.o)
                              /Applications/ARM/bin/../lib/gcc/arm-none-eabi/10.3.1/../../../../arm-none-eabi/lib/thumb/v7e-m+fp/hard/libstdc++.a(vterminate.o) (__cxa_demangle)
/Applications/ARM/bin/../lib/gcc/arm-none-eabi/10.3.1/../../../../arm-none-eabi/lib/thumb/v7e-m+fp/hard/libstdc++.a(del_ops.o)
                              /Applications/ARM/bin/../lib/gcc/arm-none-eabi/10.3.1/../../../../arm-none-eabi/lib/thumb/v7e-m+fp/hard/libstdc++.a(eh_exception.o) (operator delete(void*, unsigned int))
/Applications/ARM/bin/../lib/gcc/arm-none-eabi/10.3.1/../../../../arm-none-eabi/lib/thumb/v7e-m+fp/hard/libstdc++.a(eh_call.o)
                              /Applications/ARM/bin/../lib/gcc/arm-none-eabi/10.3.1/../../../../arm-none-eabi/lib/thumb/v7e-m+fp/hard/libstdc++.a(eh_personality.o) (__cxa_call_terminate)
/Applications/ARM/bin/../lib/gcc/arm-none-eabi/10.3.1/../../../../arm-none-eabi/lib/thumb/v7e-m+fp/hard/libstdc++.a(eh_catch.o)
[...]
Memory Configuration

Name             Origin             Length             Attributes
CCMRAM           0x0000000010000000 0x0000000000010000 xrw
RAM              0x0000000020000000 0x0000000000020000 xrw
FLASH            0x0000000008000000 0x0000000000100000 xr
*default*        0x0000000000000000 0xffffffffffffffff

Linker script and memory map

LOAD /Applications/ARM/bin/../lib/gcc/arm-none-eabi/10.3.1/thumb/v7e-m+fp/hard/crti.o
LOAD /Applications/ARM/bin/../lib/gcc/arm-none-eabi/10.3.1/thumb/v7e-m+fp/hard/crtbegin.o
LOAD /Applications/ARM/bin/../lib/gcc/arm-none-eabi/10.3.1/../../../../arm-none-eabi/lib/thumb/v7e-m+fp/hard/crt0.o
LOAD CMakeFiles/STM32Grape.elf.dir/Core/Src/RobotMain.cpp.obj
LOAD CMakeFiles/STM32Grape.elf.dir/Core/Src/freertos.c.obj
LOAD CMakeFiles/STM32Grape.elf.dir/Core/Src/gpio.c.obj
LOAD CMakeFiles/STM32Grape.elf.dir/Core/Src/main.c.obj
LOAD CMakeFiles/STM32Grape.elf.dir/Core/Src/motor.cpp.obj
LOAD CMakeFiles/STM32Grape.elf.dir/Core/Src/pid.cpp.obj
LOAD CMakeFiles/STM32Grape.elf.dir/Core/Src/stm32f4xx_hal_msp.c.obj
LOAD CMakeFiles/STM32Grape.elf.dir/Core/Src/stm32f4xx_hal_timebase_tim.c.obj
LOAD CMakeFiles/STM32Grape.elf.dir/Core/Src/stm32f4xx_it.c.obj
LOAD CMakeFiles/STM32Grape.elf.dir/Core/Src/syscalls.c.obj
LOAD CMakeFiles/STM32Grape.elf.dir/Core/Src/sysmem.c.obj
LOAD CMakeFiles/STM32Grape.elf.dir/Core/Src/system_stm32f4xx.c.obj
LOAD CMakeFiles/STM32Grape.elf.dir/Core/Src/tim.c.obj
LOAD CMakeFiles/STM32Grape.elf.dir/Core/Src/usart.c.obj
LOAD CMakeFiles/STM32Grape.elf.dir/Core/Startup/startup_stm32f407zgtx.s.obj
LOAD CMakeFiles/STM32Grape.elf.dir/Drivers/STM32F4xx_HAL_Driver/Src/stm32f4xx_hal.c.obj
LOAD CMakeFiles/STM32Grape.elf.dir/Drivers/STM32F4xx_HAL_Driver/Src/stm32f4xx_hal_cortex.c.obj
LOAD CMakeFiles/STM32Grape.elf.dir/Drivers/STM32F4xx_HAL_Driver/Src/stm32f4xx_hal_dma.c.obj
LOAD CMakeFiles/STM32Grape.elf.dir/Drivers/STM32F4xx_HAL_Driver/Src/stm32f4xx_hal_dma_ex.c.obj
LOAD CMakeFiles/STM32Grape.elf.dir/Drivers/STM32F4xx_HAL_Driver/Src/stm32f4xx_hal_exti.c.obj
LOAD CMakeFiles/STM32Grape.elf.dir/Drivers/STM32F4xx_HAL_Driver/Src/stm32f4xx_hal_flash.c.obj
LOAD CMakeFiles/STM32Grape.elf.dir/Drivers/STM32F4xx_HAL_Driver/Src/stm32f4xx_hal_flash_ex.c.obj
LOAD CMakeFiles/STM32Grape.elf.dir/Drivers/STM32F4xx_HAL_Driver/Src/stm32f4xx_hal_flash_ramfunc.c.obj
LOAD CMakeFiles/STM32Grape.elf.dir/Drivers/STM32F4xx_HAL_Driver/Src/stm32f4xx_hal_gpio.c.obj
LOAD CMakeFiles/STM32Grape.elf.dir/Drivers/STM32F4xx_HAL_Driver/Src/stm32f4xx_hal_pwr.c.obj
LOAD CMakeFiles/STM32Grape.elf.dir/Drivers/STM32F4xx_HAL_Driver/Src/stm32f4xx_hal_pwr_ex.c.obj
LOAD CMakeFiles/STM32Grape.elf.dir/Drivers/STM32F4xx_HAL_Driver/Src/stm32f4xx_hal_rcc.c.obj
LOAD CMakeFiles/STM32Grape.elf.dir/Drivers/STM32F4xx_HAL_Driver/Src/stm32f4xx_hal_rcc_ex.c.obj
LOAD CMakeFiles/STM32Grape.elf.dir/Drivers/STM32F4xx_HAL_Driver/Src/stm32f4xx_hal_tim.c.obj
LOAD CMakeFiles/STM32Grape.elf.dir/Drivers/STM32F4xx_HAL_Driver/Src/stm32f4xx_hal_tim_ex.c.obj
LOAD CMakeFiles/STM32Grape.elf.dir/Drivers/STM32F4xx_HAL_Driver/Src/stm32f4xx_hal_uart.c.obj
LOAD CMakeFiles/STM32Grape.elf.dir/Middlewares/Third_Party/FreeRTOS/Source/CMSIS_RTOS_V2/cmsis_os2.c.obj
LOAD CMakeFiles/STM32Grape.elf.dir/Middlewares/Third_Party/FreeRTOS/Source/croutine.c.obj
LOAD CMakeFiles/STM32Grape.elf.dir/Middlewares/Third_Party/FreeRTOS/Source/event_groups.c.obj
LOAD CMakeFiles/STM32Grape.elf.dir/Middlewares/Third_Party/FreeRTOS/Source/list.c.obj
LOAD CMakeFiles/STM32Grape.elf.dir/Middlewares/Third_Party/FreeRTOS/Source/portable/GCC/ARM_CM4F/port.c.obj
LOAD CMakeFiles/STM32Grape.elf.dir/Middlewares/Third_Party/FreeRTOS/Source/portable/MemMang/heap_4.c.obj
LOAD CMakeFiles/STM32Grape.elf.dir/Middlewares/Third_Party/FreeRTOS/Source/queue.c.obj
LOAD CMakeFiles/STM32Grape.elf.dir/Middlewares/Third_Party/FreeRTOS/Source/stream_buffer.c.obj
LOAD CMakeFiles/STM32Grape.elf.dir/Middlewares/Third_Party/FreeRTOS/Source/tasks.c.obj
LOAD CMakeFiles/STM32Grape.elf.dir/Middlewares/Third_Party/FreeRTOS/Source/timers.c.obj
LOAD /Applications/ARM/bin/../lib/gcc/arm-none-eabi/10.3.1/../../../../arm-none-eabi/lib/thumb/v7e-m+fp/hard/libstdc++.a
LOAD /Applications/ARM/bin/../lib/gcc/arm-none-eabi/10.3.1/../../../../arm-none-eabi/lib/thumb/v7e-m+fp/hard/libm.a
START GROUP
LOAD /Applications/ARM/bin/../lib/gcc/arm-none-eabi/10.3.1/thumb/v7e-m+fp/hard/libgcc.a
LOAD /Applications/ARM/bin/../lib/gcc/arm-none-eabi/10.3.1/../../../../arm-none-eabi/lib/thumb/v7e-m+fp/hard/libg.a
LOAD /Applications/ARM/bin/../lib/gcc/arm-none-eabi/10.3.1/../../../../arm-none-eabi/lib/thumb/v7e-m+fp/hard/libc.a
END GROUP
LOAD /Applications/ARM/bin/../lib/gcc/arm-none-eabi/10.3.1/thumb/v7e-m+fp/hard/crtend.o
LOAD /Applications/ARM/bin/../lib/gcc/arm-none-eabi/10.3.1/thumb/v7e-m+fp/hard/crtn.o
                0x0000000020020000                _estack = (ORIGIN (RAM) + LENGTH (RAM))
                0x0000000000000200                _Min_Heap_Size = 0x200
                0x0000000000000400                _Min_Stack_Size = 0x400

.isr_vector     0x0000000008000000      0x188
                0x0000000008000000                . = ALIGN (0x4)
 *(.isr_vector)
 .isr_vector    0x0000000008000000      0x188 CMakeFiles/STM32Grape.elf.dir/Core/Startup/startup_stm32f407zgtx.s.obj
                0x0000000008000000                g_pfnVectors
                0x0000000008000188                . = ALIGN (0x4)

.text           0x00000000080001c0    0x12370
                0x00000000080001c0                . = ALIGN (0x4)
 *(.text)
 .text          0x00000000080001c0       0x40 /Applications/ARM/bin/../lib/gcc/arm-none-eabi/10.3.1/thumb/v7e-m+fp/hard/crtbegin.o
 .text          0x0000000008000200     0x5ee4 /Applications/ARM/bin/../lib/gcc/arm-none-eabi/10.3.1/../../../../arm-none-eabi/lib/thumb/v7e-m+fp/hard/libstdc++.a(cp-demangle.o)
                0x0000000008005ffc                __cxa_demangle
                0x00000000080060c0                __gcclibcxx_demangle_callback
 .text          0x00000000080060e4      0x378 /Applications/ARM/bin/../lib/gcc/arm-none-eabi/10.3.1/thumb/v7e-m+fp/hard/libgcc.a(_arm_addsubdf3.o)
                0x00000000080060e4                __aeabi_drsub
                0x00000000080060ec                __subdf3
                0x00000000080060ec                __aeabi_dsub
                0x00000000080060f0                __aeabi_dadd
                0x00000000080060f0                __adddf3
                0x0000000008006368                __aeabi_ui2d
                0x0000000008006368                __floatunsidf
                0x0000000008006388                __floatsidf
                0x0000000008006388                __aeabi_i2d
                0x00000000080063ac                __extendsfdf2
                0x00000000080063ac                __aeabi_f2d
                0x00000000080063f0                __aeabi_ul2d
                0x00000000080063f0                __floatundidf
                0x0000000008006400                __aeabi_l2d
                0x0000000008006400                __floatdidf
 .text          0x000000000800645c      0x110 /Applications/ARM/bin/../lib/gcc/arm-none-eabi/10.3.1/thumb/v7e-m+fp/hard/libgcc.a(_arm_cmpdf2.o)
                0x000000000800645c                __gedf2
                0x000000000800645c                __gtdf2
                0x0000000008006464                __ledf2
                0x0000000008006464                __ltdf2
                0x000000000800646c                __cmpdf2
                0x000000000800646c                __eqdf2
                0x000000000800646c                __nedf2
                0x00000000080064e8                __aeabi_cdrcmple
                0x00000000080064f8                __aeabi_cdcmple
                0x00000000080064f8                __aeabi_cdcmpeq
                0x0000000008006508                __aeabi_dcmpeq
                0x000000000800651c                __aeabi_dcmplt
                0x0000000008006530                __aeabi_dcmple
                0x0000000008006544                __aeabi_dcmpge
                0x0000000008006558                __aeabi_dcmpgt
 .text          0x000000000800656c       0x40 /Applications/ARM/bin/../lib/gcc/arm-none-eabi/10.3.1/thumb/v7e-m+fp/hard/libgcc.a(_arm_fixunsdfsi.o)
                0x000000000800656c                __fixunsdfsi
                0x000000000800656c                __aeabi_d2uiz
 .text          0x00000000080065ac       0x30 /Applications/ARM/bin/../lib/gcc/arm-none-eabi/10.3.1/thumb/v7e-m+fp/hard/libgcc.a(_aeabi_uldivmod.o)
                0x00000000080065ac                __aeabi_uldivmod
 .text          0x00000000080065dc      0x2d0 /Applications/ARM/bin/../lib/gcc/arm-none-eabi/10.3.1/thumb/v7e-m+fp/hard/libgcc.a(_udivmoddi4.o)
                0x00000000080065dc                __udivmoddi4
 .text          0x00000000080068ac      0x9d8 /Applications/ARM/bin/../lib/gcc/arm-none-eabi/10.3.1/thumb/v7e-m+fp/hard/libgcc.a(unwind-arm.o)
                0x0000000008006b54                _Unwind_GetCFA
                0x0000000008006b58                __gnu_Unwind_RaiseException
                0x0000000008006bc0                __gnu_Unwind_ForcedUnwind
                0x0000000008006bd0                __gnu_Unwind_Resume
                0x0000000008006c14                __gnu_Unwind_Resume_or_Rethrow
                0x0000000008006c24                _Unwind_Complete
                0x0000000008006c28                _Unwind_DeleteException
                0x0000000008006c34                _Unwind_VRS_Get
                0x0000000008006c80                _Unwind_VRS_Set
                0x0000000008006cc8                __gnu_Unwind_Backtrace
                0x0000000008006ff4                __aeabi_unwind_cpp_pr0
                0x0000000008006ff8                __aeabi_unwind_cpp_pr1
                0x0000000008006ffc                __aeabi_unwind_cpp_pr2
                0x0000000008007000                _Unwind_VRS_Pop
 .text          0x0000000008007284      0x1ac /Applications/ARM/bin/../lib/gcc/arm-none-eabi/10.3.1/thumb/v7e-m+fp/hard/libgcc.a(libunwind.o)
                0x0000000008007284                __restore_core_regs
                0x0000000008007284                restore_core_regs
                0x000000000800729c                __gnu_Unwind_Restore_VFP
                0x00000000080072a4                __gnu_Unwind_Save_VFP
                0x00000000080072ac                __gnu_Unwind_Restore_VFP_D
                0x00000000080072b4                __gnu_Unwind_Save_VFP_D
                0x00000000080072bc                __gnu_Unwind_Restore_VFP_D_16_to_31
                0x00000000080072c4                __gnu_Unwind_Save_VFP_D_16_to_31
                0x00000000080072cc                __gnu_Unwind_Restore_WMMXD
                0x0000000008007310                __gnu_Unwind_Save_WMMXD
                0x0000000008007354                __gnu_Unwind_Restore_WMMXC
                0x0000000008007368                __gnu_Unwind_Save_WMMXC
                0x000000000800737c                _Unwind_RaiseException
                0x000000000800737c                ___Unwind_RaiseException
                0x00000000080073a0                ___Unwind_Resume
                0x00000000080073a0                _Unwind_Resume
                0x00000000080073c4                ___Unwind_Resume_or_Rethrow
                0x00000000080073c4                _Unwind_Resume_or_Rethrow
                0x00000000080073e8                _Unwind_ForcedUnwind
                0x00000000080073e8                ___Unwind_ForcedUnwind
                0x000000000800740c                _Unwind_Backtrace
                0x000000000800740c                ___Unwind_Backtrace
 .text          0x0000000008007430      0x350 /Applications/ARM/bin/../lib/gcc/arm-none-eabi/10.3.1/thumb/v7e-m+fp/hard/libgcc.a(pr-support.o)
                0x0000000008007488                __gnu_unwind_execute
                0x0000000008007734                __gnu_unwind_frame
                0x0000000008007760                _Unwind_GetRegionStart
                0x000000000800776c                _Unwind_GetLanguageSpecificData
 .text          0x0000000008007780        0x4 /Applications/ARM/bin/../lib/gcc/arm-none-eabi/10.3.1/thumb/v7e-m+fp/hard/libgcc.a(_dvmd_tls.o)
                0x0000000008007780                __aeabi_ldiv0
                0x0000000008007780                __aeabi_idiv0
 *fill*         0x0000000008007784        0xc 
 .text          0x0000000008007790       0xa0 /Applications/ARM/bin/../lib/gcc/arm-none-eabi/10.3.1/../../../../arm-none-eabi/lib/thumb/v7e-m+fp/hard/libg.a(lib_a-memchr.o)
                0x0000000008007790                memchr
 .text          0x0000000008007830      0x134 /Applications/ARM/bin/../lib/gcc/arm-none-eabi/10.3.1/../../../../arm-none-eabi/lib/thumb/v7e-m+fp/hard/libg.a(lib_a-memcpy.o)
                0x0000000008007830                memcpy
 *fill*         0x0000000008007964       0x1c 
 .text          0x0000000008007980      0x2dc /Applications/ARM/bin/../lib/gcc/arm-none-eabi/10.3.1/../../../../arm-none-eabi/lib/thumb/v7e-m+fp/hard/libg.a(lib_a-strcmp.o)
                0x0000000008007988                strcmp
 *fill*         0x0000000008007c5c       0x24 
 .text          0x0000000008007c80       0xdc /Applications/ARM/bin/../lib/gcc/arm-none-eabi/10.3.1/../../../../arm-none-eabi/lib/thumb/v7e-m+fp/hard/libg.a(lib_a-strlen.o)
                0x0000000008007c80                strlen
 .text          0x0000000008007d5c      0x424 /Applications/ARM/bin/../lib/gcc/arm-none-eabi/10.3.1/thumb/v7e-m+fp/hard/libgcc.a(_arm_muldivdf3.o)
                0x0000000008007d5c                __aeabi_dmul
                0x0000000008007d5c                __muldf3
                0x0000000008007fb0                __aeabi_ddiv
                0x0000000008007fb0                __divdf3
 .text          0x0000000008008180       0x2c /Applications/ARM/bin/../lib/gcc/arm-none-eabi/10.3.1/thumb/v7e-m+fp/hard/libgcc.a(_arm_unorddf2.o)
                0x0000000008008180                __aeabi_dcmpun
                0x0000000008008180                __unorddf2
 .text          0x00000000080081ac       0x50 /Applications/ARM/bin/../lib/gcc/arm-none-eabi/10.3.1/thumb/v7e-m+fp/hard/libgcc.a(_arm_fixdfsi.o)
                0x00000000080081ac                __fixdfsi
                0x00000000080081ac                __aeabi_d2iz
 *(.text*)
 .text._Z14Motor1Callbackd
                0x00000000080081fc       0x80 CMakeFiles/STM32Grape.elf.dir/Core/Src/RobotMain.cpp.obj
                0x00000000080081fc                Motor1Callback(double)
 .text._Z14Motor2Callbackd
                0x000000000800827c       0x80 CMakeFiles/STM32Grape.elf.dir/Core/Src/RobotMain.cpp.obj
                0x000000000800827c                Motor2Callback(double)
 .text._Z14Motor3Callbackd
                0x00000000080082fc       0x80 CMakeFiles/STM32Grape.elf.dir/Core/Src/RobotMain.cpp.obj
                0x00000000080082fc                Motor3Callback(double)
 .text._Z14Motor4Callbackd
                0x000000000800837c       0x80 CMakeFiles/STM32Grape.elf.dir/Core/Src/RobotMain.cpp.obj
                0x000000000800837c                Motor4Callback(double)
 .text._Z41__static_initialization_and_destruction_0ii
                0x00000000080083fc       0x78 CMakeFiles/STM32Grape.elf.dir/Core/Src/RobotMain.cpp.obj
 *fill*         0x0000000008008474        0x4 
 .text.RobotInit
                0x0000000008008478      0x1a8 CMakeFiles/STM32Grape.elf.dir/Core/Src/RobotMain.cpp.obj
                0x0000000008008478                RobotInit
 .text.RobotTick
                0x0000000008008620       0x88 CMakeFiles/STM32Grape.elf.dir/Core/Src/RobotMain.cpp.obj
                0x0000000008008620                RobotTick
 .text.RobotTest
                0x00000000080086a8       0x48 CMakeFiles/STM32Grape.elf.dir/Core/Src/RobotMain.cpp.obj
                0x00000000080086a8                RobotTest
 .text._GLOBAL__sub_I_encodingMotor1
                0x00000000080086f0        0xe CMakeFiles/STM32Grape.elf.dir/Core/Src/RobotMain.cpp.obj
 *fill*         0x00000000080086fe        0x2 
 .text.MX_GPIO_Init
                0x0000000008008700       0xdc CMakeFiles/STM32Grape.elf.dir/Core/Src/gpio.c.obj
                0x0000000008008700                MX_GPIO_Init
 .text.HAL_TIM_PeriodElapsedCallback
                0x00000000080087dc       0x2c CMakeFiles/STM32Grape.elf.dir/Core/Src/main.c.obj
                0x00000000080087dc                HAL_TIM_PeriodElapsedCallback
 .text.Error_Handler
                0x0000000008008808        0x4 CMakeFiles/STM32Grape.elf.dir/Core/Src/main.c.obj
                0x0000000008008808                Error_Handler
 .text.SystemClock_Config
                0x000000000800880c       0xa0 CMakeFiles/STM32Grape.elf.dir/Core/Src/main.c.obj
                0x000000000800880c                SystemClock_Config
 .text.main     0x00000000080088ac       0xa8 CMakeFiles/STM32Grape.elf.dir/Core/Src/main.c.obj
                0x00000000080088ac                main
 .text._ZN3RDK13EncodingMotorC2Ev
                0x0000000008008954       0x2e CMakeFiles/STM32Grape.elf.dir/Core/Src/motor.cpp.obj
                0x0000000008008954                RDK::EncodingMotor::EncodingMotor()
                0x0000000008008954                RDK::EncodingMotor::EncodingMotor()
 .text._ZN3RDK13EncodingMotorD2Ev
                0x0000000008008982        0xe CMakeFiles/STM32Grape.elf.dir/Core/Src/motor.cpp.obj
                0x0000000008008982                RDK::EncodingMotor::~EncodingMotor()
                0x0000000008008982                RDK::EncodingMotor::~EncodingMotor()
 .text._ZN3RDK13EncodingMotor6SetPIDEddd
                0x0000000008008990       0x42 CMakeFiles/STM32Grape.elf.dir/Core/Src/motor.cpp.obj
                0x0000000008008990                RDK::EncodingMotor::SetPID(double, double, double)
 .text._ZN3RDK13EncodingMotor14SetOutputRangeEdd
                0x00000000080089d2       0x18 CMakeFiles/STM32Grape.elf.dir/Core/Src/motor.cpp.obj
                0x00000000080089d2                RDK::EncodingMotor::SetOutputRange(double, double)
 .text._ZN3RDK13EncodingMotor8SetSpeedEd
                0x00000000080089ea       0x1e CMakeFiles/STM32Grape.elf.dir/Core/Src/motor.cpp.obj
                0x00000000080089ea                RDK::EncodingMotor::SetSpeed(double)
 .text._ZN3RDK13EncodingMotor11SetCallbackEPFvdE
                0x0000000008008a08        0x4 CMakeFiles/STM32Grape.elf.dir/Core/Src/motor.cpp.obj
                0x0000000008008a08                RDK::EncodingMotor::SetCallback(void (*)(double))
 .text._ZN3RDK13EncodingMotor8AddPulseEi
                0x0000000008008a0c       0x20 CMakeFiles/STM32Grape.elf.dir/Core/Src/motor.cpp.obj
                0x0000000008008a0c                RDK::EncodingMotor::AddPulse(int)
 .text._ZN3RDK13EncodingMotor4TickEv
                0x0000000008008a2c       0x1c CMakeFiles/STM32Grape.elf.dir/Core/Src/motor.cpp.obj
                0x0000000008008a2c                RDK::EncodingMotor::Tick()
 .text._ZN3RDK3PID10CheckRangeEdRKSt4pairIddE
                0x0000000008008a48       0x50 CMakeFiles/STM32Grape.elf.dir/Core/Src/pid.cpp.obj
                0x0000000008008a48                RDK::PID::CheckRange(double, std::pair<double, double> const&)
 .text._ZN3RDK3PIDC2Ev
                0x0000000008008a98       0x30 CMakeFiles/STM32Grape.elf.dir/Core/Src/pid.cpp.obj
                0x0000000008008a98                RDK::PID::PID()
                0x0000000008008a98                RDK::PID::PID()
 .text._ZN3RDK3PIDD2Ev
                0x0000000008008ac8        0x2 CMakeFiles/STM32Grape.elf.dir/Core/Src/pid.cpp.obj
                0x0000000008008ac8                RDK::PID::~PID()
                0x0000000008008ac8                RDK::PID::~PID()
 .text._ZN3RDK3PID10SetPIDTypeENS_7PIDTypeE
                0x0000000008008aca        0x6 CMakeFiles/STM32Grape.elf.dir/Core/Src/pid.cpp.obj
                0x0000000008008aca                RDK::PID::SetPIDType(RDK::PIDType)
 .text._ZN3RDK3PID5SetKpEd
                0x0000000008008ad0        0x6 CMakeFiles/STM32Grape.elf.dir/Core/Src/pid.cpp.obj
                0x0000000008008ad0                RDK::PID::SetKp(double)
 .text._ZN3RDK3PID5SetKiEd
                0x0000000008008ad6        0x6 CMakeFiles/STM32Grape.elf.dir/Core/Src/pid.cpp.obj
                0x0000000008008ad6                RDK::PID::SetKi(double)
 .text._ZN3RDK3PID5SetKdEd
                0x0000000008008adc        0x6 CMakeFiles/STM32Grape.elf.dir/Core/Src/pid.cpp.obj
                0x0000000008008adc                RDK::PID::SetKd(double)
 .text._ZN3RDK3PID8SetInputEd
                0x0000000008008ae2        0x6 CMakeFiles/STM32Grape.elf.dir/Core/Src/pid.cpp.obj
                0x0000000008008ae2                RDK::PID::SetInput(double)
 .text._ZN3RDK3PID9SetTargetEd
                0x0000000008008ae8        0x6 CMakeFiles/STM32Grape.elf.dir/Core/Src/pid.cpp.obj
                0x0000000008008ae8                RDK::PID::SetTarget(double)
 .text._ZN3RDK3PID9GetOutputEv
                0x0000000008008aee        0x6 CMakeFiles/STM32Grape.elf.dir/Core/Src/pid.cpp.obj
                0x0000000008008aee                RDK::PID::GetOutput()
 .text._ZN3RDK3PID18GetTotalErrorRangeEv
                0x0000000008008af4       0x1a CMakeFiles/STM32Grape.elf.dir/Core/Src/pid.cpp.obj
                0x0000000008008af4                RDK::PID::GetTotalErrorRange()
 .text._ZN3RDK3PID14SetOutputRangeEdd
                0x0000000008008b0e       0x4a CMakeFiles/STM32Grape.elf.dir/Core/Src/pid.cpp.obj
                0x0000000008008b0e                RDK::PID::SetOutputRange(double, double)
 .text._ZN3RDK3PID14GetOutputRangeEv
                0x0000000008008b58       0x1a CMakeFiles/STM32Grape.elf.dir/Core/Src/pid.cpp.obj
                0x0000000008008b58                RDK::PID::GetOutputRange()
 .text._ZN3RDK3PID7IncTickEv
                0x0000000008008b72       0xe8 CMakeFiles/STM32Grape.elf.dir/Core/Src/pid.cpp.obj
                0x0000000008008b72                RDK::PID::IncTick()
 .text._ZN3RDK3PID7PosTickEv
                0x0000000008008c5a       0xee CMakeFiles/STM32Grape.elf.dir/Core/Src/pid.cpp.obj
                0x0000000008008c5a                RDK::PID::PosTick()
 .text._ZN3RDK3PID4TickEv
                0x0000000008008d48       0x22 CMakeFiles/STM32Grape.elf.dir/Core/Src/pid.cpp.obj
                0x0000000008008d48                RDK::PID::Tick()
 *fill*         0x0000000008008d6a        0x2 
 .text.HAL_MspInit
                0x0000000008008d6c       0x44 CMakeFiles/STM32Grape.elf.dir/Core/Src/stm32f4xx_hal_msp.c.obj
                0x0000000008008d6c                HAL_MspInit
 .text.HAL_InitTick
                0x0000000008008db0       0x7c CMakeFiles/STM32Grape.elf.dir/Core/Src/stm32f4xx_hal_timebase_tim.c.obj
                0x0000000008008db0                HAL_InitTick
 .text.NMI_Handler
                0x0000000008008e2c        0x2 CMakeFiles/STM32Grape.elf.dir/Core/Src/stm32f4xx_it.c.obj
                0x0000000008008e2c                NMI_Handler
 .text.HardFault_Handler
                0x0000000008008e2e        0x2 CMakeFiles/STM32Grape.elf.dir/Core/Src/stm32f4xx_it.c.obj
                0x0000000008008e2e                HardFault_Handler
 .text.MemManage_Handler
                0x0000000008008e30        0x2 CMakeFiles/STM32Grape.elf.dir/Core/Src/stm32f4xx_it.c.obj
                0x0000000008008e30                MemManage_Handler
 .text.BusFault_Handler
                0x0000000008008e32        0x2 CMakeFiles/STM32Grape.elf.dir/Core/Src/stm32f4xx_it.c.obj
                0x0000000008008e32                BusFault_Handler
 .text.UsageFault_Handler
                0x0000000008008e34        0x2 CMakeFiles/STM32Grape.elf.dir/Core/Src/stm32f4xx_it.c.obj
                0x0000000008008e34                UsageFault_Handler
 .text.DebugMon_Handler
                0x0000000008008e36        0x2 CMakeFiles/STM32Grape.elf.dir/Core/Src/stm32f4xx_it.c.obj
                0x0000000008008e36                DebugMon_Handler
 .text.TIM6_DAC_IRQHandler
                0x0000000008008e38       0x10 CMakeFiles/STM32Grape.elf.dir/Core/Src/stm32f4xx_it.c.obj
                0x0000000008008e38                TIM6_DAC_IRQHandler
 .text.TIM7_IRQHandler
                0x0000000008008e48       0x10 CMakeFiles/STM32Grape.elf.dir/Core/Src/stm32f4xx_it.c.obj
                0x0000000008008e48                TIM7_IRQHandler
 .text._getpid  0x0000000008008e58        0x4 CMakeFiles/STM32Grape.elf.dir/Core/Src/syscalls.c.obj
                0x0000000008008e58                _getpid
 .text._kill    0x0000000008008e5c       0x10 CMakeFiles/STM32Grape.elf.dir/Core/Src/syscalls.c.obj
                0x0000000008008e5c                _kill
 .text._exit    0x0000000008008e6c        0xc CMakeFiles/STM32Grape.elf.dir/Core/Src/syscalls.c.obj
                0x0000000008008e6c                _exit
 .text._read    0x0000000008008e78       0x20 CMakeFiles/STM32Grape.elf.dir/Core/Src/syscalls.c.obj
                0x0000000008008e78                _read
 .text._write   0x0000000008008e98       0x1c CMakeFiles/STM32Grape.elf.dir/Core/Src/syscalls.c.obj
                0x0000000008008e98                _write
 .text._close   0x0000000008008eb4        0x6 CMakeFiles/STM32Grape.elf.dir/Core/Src/syscalls.c.obj
                0x0000000008008eb4                _close
 .text._fstat   0x0000000008008eba        0xa CMakeFiles/STM32Grape.elf.dir/Core/Src/syscalls.c.obj
                0x0000000008008eba                _fstat
 .text._isatty  0x0000000008008ec4        0x4 CMakeFiles/STM32Grape.elf.dir/Core/Src/syscalls.c.obj
                0x0000000008008ec4                _isatty
 .text._lseek   0x0000000008008ec8        0x4 CMakeFiles/STM32Grape.elf.dir/Core/Src/syscalls.c.obj
                0x0000000008008ec8                _lseek
 .text._sbrk    0x0000000008008ecc       0x48 CMakeFiles/STM32Grape.elf.dir/Core/Src/sysmem.c.obj
                0x0000000008008ecc                _sbrk
 .text.SystemInit
                0x0000000008008f14       0x14 CMakeFiles/STM32Grape.elf.dir/Core/Src/system_stm32f4xx.c.obj
                0x0000000008008f14                SystemInit
 .text.MX_TIM2_Init
                0x0000000008008f28       0x64 CMakeFiles/STM32Grape.elf.dir/Core/Src/tim.c.obj
                0x0000000008008f28                MX_TIM2_Init
 .text.MX_TIM3_Init
                0x0000000008008f8c       0x64 CMakeFiles/STM32Grape.elf.dir/Core/Src/tim.c.obj
                0x0000000008008f8c                MX_TIM3_Init
 .text.MX_TIM4_Init
                0x0000000008008ff0       0x64 CMakeFiles/STM32Grape.elf.dir/Core/Src/tim.c.obj
                0x0000000008008ff0                MX_TIM4_Init
 .text.MX_TIM7_Init
                0x0000000008009054       0x50 CMakeFiles/STM32Grape.elf.dir/Core/Src/tim.c.obj
                0x0000000008009054                MX_TIM7_Init
 .text.MX_TIM8_Init
                0x00000000080090a4       0x68 CMakeFiles/STM32Grape.elf.dir/Core/Src/tim.c.obj
                0x00000000080090a4                MX_TIM8_Init
 .text.HAL_TIM_Base_MspInit
                0x000000000800910c       0x68 CMakeFiles/STM32Grape.elf.dir/Core/Src/tim.c.obj
                0x000000000800910c                HAL_TIM_Base_MspInit
 .text.HAL_TIM_Encoder_MspInit
                0x0000000008009174      0x15c CMakeFiles/STM32Grape.elf.dir/Core/Src/tim.c.obj
                0x0000000008009174                HAL_TIM_Encoder_MspInit
 .text.HAL_TIM_MspPostInit
                0x00000000080092d0       0x5c CMakeFiles/STM32Grape.elf.dir/Core/Src/tim.c.obj
                0x00000000080092d0                HAL_TIM_MspPostInit
 .text.MX_TIM1_Init
                0x000000000800932c      0x120 CMakeFiles/STM32Grape.elf.dir/Core/Src/tim.c.obj
                0x000000000800932c                MX_TIM1_Init
 .text.MX_USART1_UART_Init
                0x000000000800944c       0x34 CMakeFiles/STM32Grape.elf.dir/Core/Src/usart.c.obj
                0x000000000800944c                MX_USART1_UART_Init
 .text.HAL_UART_MspInit
                0x0000000008009480       0x74 CMakeFiles/STM32Grape.elf.dir/Core/Src/usart.c.obj
                0x0000000008009480                HAL_UART_MspInit
 .text.Reset_Handler
                0x00000000080094f4       0x50 CMakeFiles/STM32Grape.elf.dir/Core/Startup/startup_stm32f407zgtx.s.obj
                0x00000000080094f4                Reset_Handler
 .text.Default_Handler
                0x0000000008009544        0x2 CMakeFiles/STM32Grape.elf.dir/Core/Startup/startup_stm32f407zgtx.s.obj
                0x0000000008009544                DMA1_Stream3_IRQHandler
                0x0000000008009544                HASH_RNG_IRQHandler
                0x0000000008009544                EXTI2_IRQHandler
                0x0000000008009544                TIM8_CC_IRQHandler
                0x0000000008009544                TIM1_CC_IRQHandler
                0x0000000008009544                DMA2_Stream5_IRQHandler
                0x0000000008009544                DMA1_Stream5_IRQHandler
                0x0000000008009544                PVD_IRQHandler
                0x0000000008009544                SDIO_IRQHandler
                0x0000000008009544                TAMP_STAMP_IRQHandler
                0x0000000008009544                CAN2_RX1_IRQHandler
                0x0000000008009544                EXTI3_IRQHandler
                0x0000000008009544                TIM8_TRG_COM_TIM14_IRQHandler
                0x0000000008009544                TIM1_UP_TIM10_IRQHandler
                0x0000000008009544                TIM8_UP_TIM13_IRQHandler
                0x0000000008009544                I2C3_ER_IRQHandler
                0x0000000008009544                EXTI0_IRQHandler
                0x0000000008009544                I2C2_EV_IRQHandler
                0x0000000008009544                DMA1_Stream2_IRQHandler
                0x0000000008009544                CAN1_RX0_IRQHandler
                0x0000000008009544                FPU_IRQHandler
                0x0000000008009544                OTG_HS_WKUP_IRQHandler
                0x0000000008009544                CAN2_SCE_IRQHandler
                0x0000000008009544                DMA2_Stream2_IRQHandler
                0x0000000008009544                SPI1_IRQHandler
                0x0000000008009544                TIM1_BRK_TIM9_IRQHandler
                0x0000000008009544                DCMI_IRQHandler
                0x0000000008009544                CAN2_RX0_IRQHandler
                0x0000000008009544                DMA2_Stream3_IRQHandler
                0x0000000008009544                USART6_IRQHandler
                0x0000000008009544                USART3_IRQHandler
                0x0000000008009544                CAN1_RX1_IRQHandler
                0x0000000008009544                UART5_IRQHandler
                0x0000000008009544                DMA2_Stream0_IRQHandler
                0x0000000008009544                TIM4_IRQHandler
                0x0000000008009544                I2C1_EV_IRQHandler
                0x0000000008009544                DMA1_Stream6_IRQHandler
                0x0000000008009544                DMA1_Stream1_IRQHandler
                0x0000000008009544                UART4_IRQHandler
                0x0000000008009544                TIM3_IRQHandler
                0x0000000008009544                RCC_IRQHandler
                0x0000000008009544                TIM8_BRK_TIM12_IRQHandler
                0x0000000008009544                Default_Handler
                0x0000000008009544                EXTI15_10_IRQHandler
                0x0000000008009544                ADC_IRQHandler
                0x0000000008009544                DMA1_Stream7_IRQHandler
                0x0000000008009544                CAN2_TX_IRQHandler
                0x0000000008009544                TIM5_IRQHandler
                0x0000000008009544                DMA2_Stream7_IRQHandler
                0x0000000008009544                I2C3_EV_IRQHandler
                0x0000000008009544                EXTI9_5_IRQHandler
                0x0000000008009544                RTC_WKUP_IRQHandler
                0x0000000008009544                ETH_WKUP_IRQHandler
                0x0000000008009544                SPI2_IRQHandler
                0x0000000008009544                OTG_HS_EP1_IN_IRQHandler
                0x0000000008009544                DMA1_Stream0_IRQHandler
                0x0000000008009544                CAN1_TX_IRQHandler
                0x0000000008009544                EXTI4_IRQHandler
                0x0000000008009544                FSMC_IRQHandler
                0x0000000008009544                ETH_IRQHandler
                0x0000000008009544                OTG_HS_EP1_OUT_IRQHandler
                0x0000000008009544                WWDG_IRQHandler
                0x0000000008009544                TIM2_IRQHandler
                0x0000000008009544                OTG_FS_WKUP_IRQHandler
                0x0000000008009544                TIM1_TRG_COM_TIM11_IRQHandler
                0x0000000008009544                OTG_HS_IRQHandler
                0x0000000008009544                EXTI1_IRQHandler
                0x0000000008009544                USART2_IRQHandler
                0x0000000008009544                I2C2_ER_IRQHandler
                0x0000000008009544                DMA2_Stream1_IRQHandler
                0x0000000008009544                CAN1_SCE_IRQHandler
                0x0000000008009544                FLASH_IRQHandler
                0x0000000008009544                DMA2_Stream4_IRQHandler
                0x0000000008009544                USART1_IRQHandler
                0x0000000008009544                OTG_FS_IRQHandler
                0x0000000008009544                SPI3_IRQHandler
                0x0000000008009544                DMA1_Stream4_IRQHandler
                0x0000000008009544                I2C1_ER_IRQHandler
                0x0000000008009544                DMA2_Stream6_IRQHandler
                0x0000000008009544                RTC_Alarm_IRQHandler
 *fill*         0x0000000008009546        0x2 
 .text.HAL_Init
                0x0000000008009548       0x34 CMakeFiles/STM32Grape.elf.dir/Drivers/STM32F4xx_HAL_Driver/Src/stm32f4xx_hal.c.obj
                0x0000000008009548                HAL_Init
 .text.HAL_IncTick
                0x000000000800957c       0x18 CMakeFiles/STM32Grape.elf.dir/Drivers/STM32F4xx_HAL_Driver/Src/stm32f4xx_hal.c.obj
                0x000000000800957c                HAL_IncTick
 .text.HAL_GetTick
                0x0000000008009594        0xc CMakeFiles/STM32Grape.elf.dir/Drivers/STM32F4xx_HAL_Driver/Src/stm32f4xx_hal.c.obj
                0x0000000008009594                HAL_GetTick
 .text.HAL_Delay
                0x00000000080095a0       0x28 CMakeFiles/STM32Grape.elf.dir/Drivers/STM32F4xx_HAL_Driver/Src/stm32f4xx_hal.c.obj
                0x00000000080095a0                HAL_Delay
 .text.HAL_NVIC_SetPriorityGrouping
                0x00000000080095c8       0x24 CMakeFiles/STM32Grape.elf.dir/Drivers/STM32F4xx_HAL_Driver/Src/stm32f4xx_hal_cortex.c.obj
                0x00000000080095c8                HAL_NVIC_SetPriorityGrouping
 .text.HAL_NVIC_SetPriority
                0x00000000080095ec       0x70 CMakeFiles/STM32Grape.elf.dir/Drivers/STM32F4xx_HAL_Driver/Src/stm32f4xx_hal_cortex.c.obj
                0x00000000080095ec                HAL_NVIC_SetPriority
 .text.HAL_NVIC_EnableIRQ
                0x000000000800965c       0x1c CMakeFiles/STM32Grape.elf.dir/Drivers/STM32F4xx_HAL_Driver/Src/stm32f4xx_hal_cortex.c.obj
                0x000000000800965c                HAL_NVIC_EnableIRQ
 .text.HAL_GPIO_Init
                0x0000000008009678      0x1e4 CMakeFiles/STM32Grape.elf.dir/Drivers/STM32F4xx_HAL_Driver/Src/stm32f4xx_hal_gpio.c.obj
                0x0000000008009678                HAL_GPIO_Init
 .text.HAL_GPIO_WritePin
                0x000000000800985c        0xc CMakeFiles/STM32Grape.elf.dir/Drivers/STM32F4xx_HAL_Driver/Src/stm32f4xx_hal_gpio.c.obj
                0x000000000800985c                HAL_GPIO_WritePin
 .text.HAL_RCC_OscConfig
                0x0000000008009868      0x3f8 CMakeFiles/STM32Grape.elf.dir/Drivers/STM32F4xx_HAL_Driver/Src/stm32f4xx_hal_rcc.c.obj
                0x0000000008009868                HAL_RCC_OscConfig
 .text.HAL_RCC_GetSysClockFreq
                0x0000000008009c60       0xa4 CMakeFiles/STM32Grape.elf.dir/Drivers/STM32F4xx_HAL_Driver/Src/stm32f4xx_hal_rcc.c.obj
                0x0000000008009c60                HAL_RCC_GetSysClockFreq
 .text.HAL_RCC_ClockConfig
                0x0000000008009d04      0x160 CMakeFiles/STM32Grape.elf.dir/Drivers/STM32F4xx_HAL_Driver/Src/stm32f4xx_hal_rcc.c.obj
                0x0000000008009d04                HAL_RCC_ClockConfig
 .text.HAL_RCC_GetHCLKFreq
                0x0000000008009e64        0xc CMakeFiles/STM32Grape.elf.dir/Drivers/STM32F4xx_HAL_Driver/Src/stm32f4xx_hal_rcc.c.obj
                0x0000000008009e64                HAL_RCC_GetHCLKFreq
 .text.HAL_RCC_GetPCLK1Freq
                0x0000000008009e70       0x20 CMakeFiles/STM32Grape.elf.dir/Drivers/STM32F4xx_HAL_Driver/Src/stm32f4xx_hal_rcc.c.obj
                0x0000000008009e70                HAL_RCC_GetPCLK1Freq
 .text.HAL_RCC_GetPCLK2Freq
                0x0000000008009e90       0x20 CMakeFiles/STM32Grape.elf.dir/Drivers/STM32F4xx_HAL_Driver/Src/stm32f4xx_hal_rcc.c.obj
                0x0000000008009e90                HAL_RCC_GetPCLK2Freq
 .text.HAL_RCC_GetClockConfig
                0x0000000008009eb0       0x3c CMakeFiles/STM32Grape.elf.dir/Drivers/STM32F4xx_HAL_Driver/Src/stm32f4xx_hal_rcc.c.obj
                0x0000000008009eb0                HAL_RCC_GetClockConfig
 .text.TIM_OC1_SetConfig
                0x0000000008009eec       0x68 CMakeFiles/STM32Grape.elf.dir/Drivers/STM32F4xx_HAL_Driver/Src/stm32f4xx_hal_tim.c.obj
 .text.TIM_OC3_SetConfig
                0x0000000008009f54       0x70 CMakeFiles/STM32Grape.elf.dir/Drivers/STM32F4xx_HAL_Driver/Src/stm32f4xx_hal_tim.c.obj
 .text.TIM_OC4_SetConfig
                0x0000000008009fc4       0x50 CMakeFiles/STM32Grape.elf.dir/Drivers/STM32F4xx_HAL_Driver/Src/stm32f4xx_hal_tim.c.obj
 .text.TIM_TI1_ConfigInputStage
                0x000000000800a014       0x26 CMakeFiles/STM32Grape.elf.dir/Drivers/STM32F4xx_HAL_Driver/Src/stm32f4xx_hal_tim.c.obj
 .text.TIM_TI2_ConfigInputStage
                0x000000000800a03a       0x28 CMakeFiles/STM32Grape.elf.dir/Drivers/STM32F4xx_HAL_Driver/Src/stm32f4xx_hal_tim.c.obj
 .text.TIM_ITRx_SetConfig
                0x000000000800a062       0x10 CMakeFiles/STM32Grape.elf.dir/Drivers/STM32F4xx_HAL_Driver/Src/stm32f4xx_hal_tim.c.obj
 *fill*         0x000000000800a072        0x2 
 .text.HAL_TIM_Base_Start_IT
                0x000000000800a074       0x88 CMakeFiles/STM32Grape.elf.dir/Drivers/STM32F4xx_HAL_Driver/Src/stm32f4xx_hal_tim.c.obj
                0x000000000800a074                HAL_TIM_Base_Start_IT
 .text.HAL_TIM_PWM_MspInit
                0x000000000800a0fc        0x2 CMakeFiles/STM32Grape.elf.dir/Drivers/STM32F4xx_HAL_Driver/Src/stm32f4xx_hal_tim.c.obj
                0x000000000800a0fc                HAL_TIM_PWM_MspInit
 .text.HAL_TIM_OC_DelayElapsedCallback
                0x000000000800a0fe        0x2 CMakeFiles/STM32Grape.elf.dir/Drivers/STM32F4xx_HAL_Driver/Src/stm32f4xx_hal_tim.c.obj
                0x000000000800a0fe                HAL_TIM_OC_DelayElapsedCallback
 .text.HAL_TIM_IC_CaptureCallback
                0x000000000800a100        0x2 CMakeFiles/STM32Grape.elf.dir/Drivers/STM32F4xx_HAL_Driver/Src/stm32f4xx_hal_tim.c.obj
                0x000000000800a100                HAL_TIM_IC_CaptureCallback
 .text.HAL_TIM_PWM_PulseFinishedCallback
                0x000000000800a102        0x2 CMakeFiles/STM32Grape.elf.dir/Drivers/STM32F4xx_HAL_Driver/Src/stm32f4xx_hal_tim.c.obj
                0x000000000800a102                HAL_TIM_PWM_PulseFinishedCallback
 .text.HAL_TIM_TriggerCallback
                0x000000000800a104        0x2 CMakeFiles/STM32Grape.elf.dir/Drivers/STM32F4xx_HAL_Driver/Src/stm32f4xx_hal_tim.c.obj
                0x000000000800a104                HAL_TIM_TriggerCallback
 .text.HAL_TIM_IRQHandler
                0x000000000800a106      0x17a CMakeFiles/STM32Grape.elf.dir/Drivers/STM32F4xx_HAL_Driver/Src/stm32f4xx_hal_tim.c.obj
                0x000000000800a106                HAL_TIM_IRQHandler
 .text.TIM_Base_SetConfig
                0x000000000800a280       0xc8 CMakeFiles/STM32Grape.elf.dir/Drivers/STM32F4xx_HAL_Driver/Src/stm32f4xx_hal_tim.c.obj
                0x000000000800a280                TIM_Base_SetConfig
 .text.HAL_TIM_Base_Init
                0x000000000800a348       0x58 CMakeFiles/STM32Grape.elf.dir/Drivers/STM32F4xx_HAL_Driver/Src/stm32f4xx_hal_tim.c.obj
                0x000000000800a348                HAL_TIM_Base_Init
 .text.HAL_TIM_PWM_Init
                0x000000000800a3a0       0x58 CMakeFiles/STM32Grape.elf.dir/Drivers/STM32F4xx_HAL_Driver/Src/stm32f4xx_hal_tim.c.obj
                0x000000000800a3a0                HAL_TIM_PWM_Init
 .text.HAL_TIM_Encoder_Init
                0x000000000800a3f8       0xb6 CMakeFiles/STM32Grape.elf.dir/Drivers/STM32F4xx_HAL_Driver/Src/stm32f4xx_hal_tim.c.obj
                0x000000000800a3f8                HAL_TIM_Encoder_Init
 *fill*         0x000000000800a4ae        0x2 
 .text.TIM_OC2_SetConfig
                0x000000000800a4b0       0x70 CMakeFiles/STM32Grape.elf.dir/Drivers/STM32F4xx_HAL_Driver/Src/stm32f4xx_hal_tim.c.obj
                0x000000000800a4b0                TIM_OC2_SetConfig
 .text.HAL_TIM_PWM_ConfigChannel
                0x000000000800a520       0xdc CMakeFiles/STM32Grape.elf.dir/Drivers/STM32F4xx_HAL_Driver/Src/stm32f4xx_hal_tim.c.obj
                0x000000000800a520                HAL_TIM_PWM_ConfigChannel
 .text.TIM_ETR_SetConfig
                0x000000000800a5fc       0x1a CMakeFiles/STM32Grape.elf.dir/Drivers/STM32F4xx_HAL_Driver/Src/stm32f4xx_hal_tim.c.obj
                0x000000000800a5fc                TIM_ETR_SetConfig
 .text.HAL_TIM_ConfigClockSource
                0x000000000800a616       0xfe CMakeFiles/STM32Grape.elf.dir/Drivers/STM32F4xx_HAL_Driver/Src/stm32f4xx_hal_tim.c.obj
                0x000000000800a616                HAL_TIM_ConfigClockSource
 .text.TIM_CCxChannelCmd
                0x000000000800a714       0x1e CMakeFiles/STM32Grape.elf.dir/Drivers/STM32F4xx_HAL_Driver/Src/stm32f4xx_hal_tim.c.obj
                0x000000000800a714                TIM_CCxChannelCmd
 *fill*         0x000000000800a732        0x2 
 .text.HAL_TIM_PWM_Start
                0x000000000800a734      0x104 CMakeFiles/STM32Grape.elf.dir/Drivers/STM32F4xx_HAL_Driver/Src/stm32f4xx_hal_tim.c.obj
                0x000000000800a734                HAL_TIM_PWM_Start
 .text.HAL_TIM_Encoder_Start
                0x000000000800a838       0xcc CMakeFiles/STM32Grape.elf.dir/Drivers/STM32F4xx_HAL_Driver/Src/stm32f4xx_hal_tim.c.obj
                0x000000000800a838                HAL_TIM_Encoder_Start
 .text.HAL_TIMEx_MasterConfigSynchronization
                0x000000000800a904       0x8c CMakeFiles/STM32Grape.elf.dir/Drivers/STM32F4xx_HAL_Driver/Src/stm32f4xx_hal_tim_ex.c.obj
                0x000000000800a904                HAL_TIMEx_MasterConfigSynchronization
 .text.HAL_TIMEx_ConfigBreakDeadTime
                0x000000000800a990       0x52 CMakeFiles/STM32Grape.elf.dir/Drivers/STM32F4xx_HAL_Driver/Src/stm32f4xx_hal_tim_ex.c.obj
                0x000000000800a990                HAL_TIMEx_ConfigBreakDeadTime
 .text.HAL_TIMEx_CommutCallback
                0x000000000800a9e2        0x2 CMakeFiles/STM32Grape.elf.dir/Drivers/STM32F4xx_HAL_Driver/Src/stm32f4xx_hal_tim_ex.c.obj
                0x000000000800a9e2                HAL_TIMEx_CommutCallback
 .text.HAL_TIMEx_BreakCallback
                0x000000000800a9e4        0x2 CMakeFiles/STM32Grape.elf.dir/Drivers/STM32F4xx_HAL_Driver/Src/stm32f4xx_hal_tim_ex.c.obj
                0x000000000800a9e4                HAL_TIMEx_BreakCallback
 *fill*         0x000000000800a9e6        0x2 
 .text.UART_SetConfig
                0x000000000800a9e8      0x110 CMakeFiles/STM32Grape.elf.dir/Drivers/STM32F4xx_HAL_Driver/Src/stm32f4xx_hal_uart.c.obj
 .text.UART_WaitOnFlagUntilTimeout
                0x000000000800aaf8       0x88 CMakeFiles/STM32Grape.elf.dir/Drivers/STM32F4xx_HAL_Driver/Src/stm32f4xx_hal_uart.c.obj
 .text.HAL_UART_Init
                0x000000000800ab80       0x5e CMakeFiles/STM32Grape.elf.dir/Drivers/STM32F4xx_HAL_Driver/Src/stm32f4xx_hal_uart.c.obj
                0x000000000800ab80                HAL_UART_Init
 .text.HAL_UART_Transmit
                0x000000000800abde       0xd8 CMakeFiles/STM32Grape.elf.dir/Drivers/STM32F4xx_HAL_Driver/Src/stm32f4xx_hal_uart.c.obj
                0x000000000800abde                HAL_UART_Transmit
 .text.SysTick_Handler
                0x000000000800acb6       0x18 CMakeFiles/STM32Grape.elf.dir/Middlewares/Third_Party/FreeRTOS/Source/CMSIS_RTOS_V2/cmsis_os2.c.obj
                0x000000000800acb6                SysTick_Handler
 .text.vListInsertEnd
                0x000000000800acce       0x16 CMakeFiles/STM32Grape.elf.dir/Middlewares/Third_Party/FreeRTOS/Source/list.c.obj
                0x000000000800acce                vListInsertEnd
 .text.uxListRemove
                0x000000000800ace4       0x26 CMakeFiles/STM32Grape.elf.dir/Middlewares/Third_Party/FreeRTOS/Source/list.c.obj
                0x000000000800ace4                uxListRemove
 *fill*         0x000000000800ad0a        0x6 
 .text.SVC_Handler
                0x000000000800ad10       0x24 CMakeFiles/STM32Grape.elf.dir/Middlewares/Third_Party/FreeRTOS/Source/portable/GCC/ARM_CM4F/port.c.obj
                0x000000000800ad10                SVC_Handler
 *fill*         0x000000000800ad34        0xc 
 .text.PendSV_Handler
                0x000000000800ad40       0x64 CMakeFiles/STM32Grape.elf.dir/Middlewares/Third_Party/FreeRTOS/Source/portable/GCC/ARM_CM4F/port.c.obj
                0x000000000800ad40                PendSV_Handler
 .text.xPortSysTickHandler
                0x000000000800ada4       0x2c CMakeFiles/STM32Grape.elf.dir/Middlewares/Third_Party/FreeRTOS/Source/portable/GCC/ARM_CM4F/port.c.obj
                0x000000000800ada4                xPortSysTickHandler
 .text.prvResetNextTaskUnblockTime
                0x000000000800add0       0x2c CMakeFiles/STM32Grape.elf.dir/Middlewares/Third_Party/FreeRTOS/Source/tasks.c.obj
 .text.xTaskIncrementTick
                0x000000000800adfc      0x118 CMakeFiles/STM32Grape.elf.dir/Middlewares/Third_Party/FreeRTOS/Source/tasks.c.obj
                0x000000000800adfc                xTaskIncrementTick
 .text.vTaskSwitchContext
                0x000000000800af14       0x94 CMakeFiles/STM32Grape.elf.dir/Middlewares/Third_Party/FreeRTOS/Source/tasks.c.obj
                0x000000000800af14                vTaskSwitchContext
 .text.xTaskGetSchedulerState
                0x000000000800afa8       0x20 CMakeFiles/STM32Grape.elf.dir/Middlewares/Third_Party/FreeRTOS/Source/tasks.c.obj
                0x000000000800afa8                xTaskGetSchedulerState
 .text.__aeabi_atexit
                0x000000000800afc8        0xc /Applications/ARM/bin/../lib/gcc/arm-none-eabi/10.3.1/../../../../arm-none-eabi/lib/thumb/v7e-m+fp/hard/libstdc++.a(atexit_arm.o)
                0x000000000800afc8                __aeabi_atexit
 .text.__cxa_end_cleanup
                0x000000000800afd4        0xc /Applications/ARM/bin/../lib/gcc/arm-none-eabi/10.3.1/../../../../arm-none-eabi/lib/thumb/v7e-m+fp/hard/libstdc++.a(eh_arm.o)
                0x000000000800afd4                __cxa_end_cleanup
 .text.__cxa_type_match
                0x000000000800afe0       0xb4 /Applications/ARM/bin/../lib/gcc/arm-none-eabi/10.3.1/../../../../arm-none-eabi/lib/thumb/v7e-m+fp/hard/libstdc++.a(eh_arm.o)
                0x000000000800afe0                __cxa_type_match
 .text.__cxa_begin_cleanup
                0x000000000800b094       0x64 /Applications/ARM/bin/../lib/gcc/arm-none-eabi/10.3.1/../../../../arm-none-eabi/lib/thumb/v7e-m+fp/hard/libstdc++.a(eh_arm.o)
                0x000000000800b094                __cxa_begin_cleanup
 .text.__gnu_end_cleanup
                0x000000000800b0f8       0x70 /Applications/ARM/bin/../lib/gcc/arm-none-eabi/10.3.1/../../../../arm-none-eabi/lib/thumb/v7e-m+fp/hard/libstdc++.a(eh_arm.o)
                0x000000000800b0f8                __gnu_end_cleanup
 .text._ZNSt13bad_exceptionD2Ev
                0x000000000800b168        0x4 /Applications/ARM/bin/../lib/gcc/arm-none-eabi/10.3.1/../../../../arm-none-eabi/lib/thumb/v7e-m+fp/hard/libstdc++.a(eh_exception.o)
                0x000000000800b168                std::bad_exception::~bad_exception()
                0x000000000800b168                std::bad_exception::~bad_exception()
 .text._ZNKSt13bad_exception4whatEv
                0x000000000800b16c        0x8 /Applications/ARM/bin/../lib/gcc/arm-none-eabi/10.3.1/../../../../arm-none-eabi/lib/thumb/v7e-m+fp/hard/libstdc++.a(eh_exception.o)
                0x000000000800b16c                transaction clone for std::bad_exception::what() const
                0x000000000800b16c                std::bad_exception::what() const
 .text._ZNSt13bad_exceptionD0Ev
                0x000000000800b174       0x10 /Applications/ARM/bin/../lib/gcc/arm-none-eabi/10.3.1/../../../../arm-none-eabi/lib/thumb/v7e-m+fp/hard/libstdc++.a(eh_exception.o)
                0x000000000800b174                std::bad_exception::~bad_exception()
 .text.__cxa_get_globals_fast
                0x000000000800b184        0x8 /Applications/ARM/bin/../lib/gcc/arm-none-eabi/10.3.1/../../../../arm-none-eabi/lib/thumb/v7e-m+fp/hard/libstdc++.a(eh_globals.o)
                0x000000000800b184                __cxa_get_globals_fast
 .text.__cxa_get_globals
                0x000000000800b18c        0x8 /Applications/ARM/bin/../lib/gcc/arm-none-eabi/10.3.1/../../../../arm-none-eabi/lib/thumb/v7e-m+fp/hard/libstdc++.a(eh_globals.o)
                0x000000000800b18c                __cxa_get_globals
 .text._ZL28read_encoded_value_with_basehjPKhPj
                0x000000000800b194       0xc0 /Applications/ARM/bin/../lib/gcc/arm-none-eabi/10.3.1/../../../../arm-none-eabi/lib/thumb/v7e-m+fp/hard/libstdc++.a(eh_personality.o)
 .text._ZL21base_of_encoded_valuehP15_Unwind_Context
                0x000000000800b254       0x50 /Applications/ARM/bin/../lib/gcc/arm-none-eabi/10.3.1/../../../../arm-none-eabi/lib/thumb/v7e-m+fp/hard/libstdc++.a(eh_personality.o)
 .text._ZL17parse_lsda_headerP15_Unwind_ContextPKhP16lsda_header_info
                0x000000000800b2a4       0x94 /Applications/ARM/bin/../lib/gcc/arm-none-eabi/10.3.1/../../../../arm-none-eabi/lib/thumb/v7e-m+fp/hard/libstdc++.a(eh_personality.o)
 .text.__gxx_personality_v0
                0x000000000800b338      0x4a8 /Applications/ARM/bin/../lib/gcc/arm-none-eabi/10.3.1/../../../../arm-none-eabi/lib/thumb/v7e-m+fp/hard/libstdc++.a(eh_personality.o)
                0x000000000800b338                __gxx_personality_v0
 .text._ZN10__cxxabiv111__terminateEPFvvE
                0x000000000800b7e0       0x28 /Applications/ARM/bin/../lib/gcc/arm-none-eabi/10.3.1/../../../../arm-none-eabi/lib/thumb/v7e-m+fp/hard/libstdc++.a(eh_terminate.o)
                0x000000000800b7e0                __cxxabiv1::__terminate(void (*)())
 .text._ZSt9terminatev
                0x000000000800b808       0x14 /Applications/ARM/bin/../lib/gcc/arm-none-eabi/10.3.1/../../../../arm-none-eabi/lib/thumb/v7e-m+fp/hard/libstdc++.a(eh_terminate.o)
                0x000000000800b808                std::terminate()
 .text._ZN10__cxxabiv112__unexpectedEPFvvE
                0x000000000800b81c        0x8 /Applications/ARM/bin/../lib/gcc/arm-none-eabi/10.3.1/../../../../arm-none-eabi/lib/thumb/v7e-m+fp/hard/libstdc++.a(eh_terminate.o)
                0x000000000800b81c                __cxxabiv1::__unexpected(void (*)())
 .text._ZSt10unexpectedv
                0x000000000800b824       0x14 /Applications/ARM/bin/../lib/gcc/arm-none-eabi/10.3.1/../../../../arm-none-eabi/lib/thumb/v7e-m+fp/hard/libstdc++.a(eh_terminate.o)
                0x000000000800b824                std::unexpected()
 .text._ZSt13get_terminatev
                0x000000000800b838       0x10 /Applications/ARM/bin/../lib/gcc/arm-none-eabi/10.3.1/../../../../arm-none-eabi/lib/thumb/v7e-m+fp/hard/libstdc++.a(eh_terminate.o)
                0x000000000800b838                std::get_terminate()
 .text._ZSt14get_unexpectedv
                0x000000000800b848       0x10 /Applications/ARM/bin/../lib/gcc/arm-none-eabi/10.3.1/../../../../arm-none-eabi/lib/thumb/v7e-m+fp/hard/libstdc++.a(eh_terminate.o)
                0x000000000800b848                std::get_unexpected()
 .text._ZN10__cxxabiv120__si_class_type_infoD2Ev
                0x000000000800b858       0x14 /Applications/ARM/bin/../lib/gcc/arm-none-eabi/10.3.1/../../../../arm-none-eabi/lib/thumb/v7e-m+fp/hard/libstdc++.a(si_class_type_info.o)
                0x000000000800b858                __cxxabiv1::__si_class_type_info::~__si_class_type_info()
                0x000000000800b858                __cxxabiv1::__si_class_type_info::~__si_class_type_info()
 .text._ZN10__cxxabiv120__si_class_type_infoD0Ev
                0x000000000800b86c       0x1c /Applications/ARM/bin/../lib/gcc/arm-none-eabi/10.3.1/../../../../arm-none-eabi/lib/thumb/v7e-m+fp/hard/libstdc++.a(si_class_type_info.o)
                0x000000000800b86c                __cxxabiv1::__si_class_type_info::~__si_class_type_info()
 .text._ZNK10__cxxabiv120__si_class_type_info20__do_find_public_srcEiPKvPKNS_17__class_type_infoES2_
                0x000000000800b888       0x3c /Applications/ARM/bin/../lib/gcc/arm-none-eabi/10.3.1/../../../../arm-none-eabi/lib/thumb/v7e-m+fp/hard/libstdc++.a(si_class_type_info.o)
                0x000000000800b888                __cxxabiv1::__si_class_type_info::__do_find_public_src(int, void const*, __cxxabiv1::__class_type_info const*, void const*) const
 .text._ZNK10__cxxabiv120__si_class_type_info12__do_dyncastEiNS_17__class_type_info10__sub_kindEPKS1_PKvS4_S6_RNS1_16__dyncast_resultE
                0x000000000800b8c4       0x80 /Applications/ARM/bin/../lib/gcc/arm-none-eabi/10.3.1/../../../../arm-none-eabi/lib/thumb/v7e-m+fp/hard/libstdc++.a(si_class_type_info.o)
                0x000000000800b8c4                __cxxabiv1::__si_class_type_info::__do_dyncast(int, __cxxabiv1::__class_type_info::__sub_kind, __cxxabiv1::__class_type_info const*, void const*, __cxxabiv1::__class_type_info const*, void const*, __cxxabiv1::__class_type_info::__dyncast_result&) const
 .text._ZNK10__cxxabiv120__si_class_type_info11__do_upcastEPKNS_17__class_type_infoEPKvRNS1_15__upcast_resultE
                0x000000000800b944       0x2c /Applications/ARM/bin/../lib/gcc/arm-none-eabi/10.3.1/../../../../arm-none-eabi/lib/thumb/v7e-m+fp/hard/libstdc++.a(si_class_type_info.o)
                0x000000000800b944                __cxxabiv1::__si_class_type_info::__do_upcast(__cxxabiv1::__class_type_info const*, void const*, __cxxabiv1::__class_type_info::__upcast_result&) const
 .text._ZNSt9type_infoD2Ev
                0x000000000800b970        0x4 /Applications/ARM/bin/../lib/gcc/arm-none-eabi/10.3.1/../../../../arm-none-eabi/lib/thumb/v7e-m+fp/hard/libstdc++.a(tinfo.o)
                0x000000000800b970                std::type_info::~type_info()
                0x000000000800b970                std::type_info::~type_info()
 .text._ZNKSt9type_info14__is_pointer_pEv
                0x000000000800b974        0x4 /Applications/ARM/bin/../lib/gcc/arm-none-eabi/10.3.1/../../../../arm-none-eabi/lib/thumb/v7e-m+fp/hard/libstdc++.a(tinfo.o)
                0x000000000800b974                std::type_info::__is_function_p() const
                0x000000000800b974                std::type_info::__is_pointer_p() const
 .text._ZNKSt9type_infoeqERKS_
                0x000000000800b978       0x2c /Applications/ARM/bin/../lib/gcc/arm-none-eabi/10.3.1/../../../../arm-none-eabi/lib/thumb/v7e-m+fp/hard/libstdc++.a(tinfo.o)
                0x000000000800b978                std::type_info::operator==(std::type_info const&) const
 .text._ZN9__gnu_cxx27__verbose_terminate_handlerEv
                0x000000000800b9a4      0x10c /Applications/ARM/bin/../lib/gcc/arm-none-eabi/10.3.1/../../../../arm-none-eabi/lib/thumb/v7e-m+fp/hard/libstdc++.a(vterminate.o)
                0x000000000800b9a4                __gnu_cxx::__verbose_terminate_handler()
 .text._ZNK10__cxxabiv117__class_type_info11__do_upcastEPKS0_PPv
                0x000000000800bab0       0x34 /Applications/ARM/bin/../lib/gcc/arm-none-eabi/10.3.1/../../../../arm-none-eabi/lib/thumb/v7e-m+fp/hard/libstdc++.a(class_type_info.o)
                0x000000000800bab0                __cxxabiv1::__class_type_info::__do_upcast(__cxxabiv1::__class_type_info const*, void**) const
 .text._ZNK10__cxxabiv117__class_type_info20__do_find_public_srcEiPKvPKS0_S2_
                0x000000000800bae4        0xc /Applications/ARM/bin/../lib/gcc/arm-none-eabi/10.3.1/../../../../arm-none-eabi/lib/thumb/v7e-m+fp/hard/libstdc++.a(class_type_info.o)
                0x000000000800bae4                __cxxabiv1::__class_type_info::__do_find_public_src(int, void const*, __cxxabiv1::__class_type_info const*, void const*) const
 .text._ZN10__cxxabiv117__class_type_infoD2Ev
                0x000000000800baf0       0x14 /Applications/ARM/bin/../lib/gcc/arm-none-eabi/10.3.1/../../../../arm-none-eabi/lib/thumb/v7e-m+fp/hard/libstdc++.a(class_type_info.o)
                0x000000000800baf0                __cxxabiv1::__class_type_info::~__class_type_info()
                0x000000000800baf0                __cxxabiv1::__class_type_info::~__class_type_info()
 .text._ZN10__cxxabiv117__class_type_infoD0Ev
                0x000000000800bb04       0x1c /Applications/ARM/bin/../lib/gcc/arm-none-eabi/10.3.1/../../../../arm-none-eabi/lib/thumb/v7e-m+fp/hard/libstdc++.a(class_type_info.o)
                0x000000000800bb04                __cxxabiv1::__class_type_info::~__class_type_info()
 .text._ZNK10__cxxabiv117__class_type_info12__do_dyncastEiNS0_10__sub_kindEPKS0_PKvS3_S5_RNS0_16__dyncast_resultE
                0x000000000800bb20       0x44 /Applications/ARM/bin/../lib/gcc/arm-none-eabi/10.3.1/../../../../arm-none-eabi/lib/thumb/v7e-m+fp/hard/libstdc++.a(class_type_info.o)
                0x000000000800bb20                __cxxabiv1::__class_type_info::__do_dyncast(int, __cxxabiv1::__class_type_info::__sub_kind, __cxxabiv1::__class_type_info const*, void const*, __cxxabiv1::__class_type_info const*, void const*, __cxxabiv1::__class_type_info::__dyncast_result&) const
 .text._ZNK10__cxxabiv117__class_type_info11__do_upcastEPKS0_PKvRNS0_15__upcast_resultE
                0x000000000800bb64       0x1c /Applications/ARM/bin/../lib/gcc/arm-none-eabi/10.3.1/../../../../arm-none-eabi/lib/thumb/v7e-m+fp/hard/libstdc++.a(class_type_info.o)
                0x000000000800bb64                __cxxabiv1::__class_type_info::__do_upcast(__cxxabiv1::__class_type_info const*, void const*, __cxxabiv1::__class_type_info::__upcast_result&) const
 .text._ZNK10__cxxabiv117__class_type_info10__do_catchEPKSt9type_infoPPvj
                0x000000000800bb80       0x2c /Applications/ARM/bin/../lib/gcc/arm-none-eabi/10.3.1/../../../../arm-none-eabi/lib/thumb/v7e-m+fp/hard/libstdc++.a(class_type_info.o)
                0x000000000800bb80                __cxxabiv1::__class_type_info::__do_catch(std::type_info const*, void**, unsigned int) const
 .text._ZdlPvj  0x000000000800bbac        0x4 /Applications/ARM/bin/../lib/gcc/arm-none-eabi/10.3.1/../../../../arm-none-eabi/lib/thumb/v7e-m+fp/hard/libstdc++.a(del_ops.o)
                0x000000000800bbac                operator delete(void*, unsigned int)
 .text._ZN10__cxxabiv1L24__is_gxx_exception_classEPc
                0x000000000800bbb0       0x3c /Applications/ARM/bin/../lib/gcc/arm-none-eabi/10.3.1/../../../../arm-none-eabi/lib/thumb/v7e-m+fp/hard/libstdc++.a(eh_call.o)
 .text.__cxa_call_terminate
                0x000000000800bbec       0x20 /Applications/ARM/bin/../lib/gcc/arm-none-eabi/10.3.1/../../../../arm-none-eabi/lib/thumb/v7e-m+fp/hard/libstdc++.a(eh_call.o)
                0x000000000800bbec                __cxa_call_terminate
 .text.unlikely.__cxa_call_unexpected
                0x000000000800bc0c       0xe4 /Applications/ARM/bin/../lib/gcc/arm-none-eabi/10.3.1/../../../../arm-none-eabi/lib/thumb/v7e-m+fp/hard/libstdc++.a(eh_call.o)
                0x000000000800bc0c                __cxa_call_unexpected
 .text.__cxa_begin_catch
                0x000000000800bcf0       0x7c /Applications/ARM/bin/../lib/gcc/arm-none-eabi/10.3.1/../../../../arm-none-eabi/lib/thumb/v7e-m+fp/hard/libstdc++.a(eh_catch.o)
                0x000000000800bcf0                __cxa_begin_catch
 .text.__cxa_end_catch
                0x000000000800bd6c       0x8c /Applications/ARM/bin/../lib/gcc/arm-none-eabi/10.3.1/../../../../arm-none-eabi/lib/thumb/v7e-m+fp/hard/libstdc++.a(eh_catch.o)
                0x000000000800bd6c                __cxa_end_catch
 .text._ZL23__gxx_exception_cleanup19_Unwind_Reason_CodeP21_Unwind_Control_Block
                0x000000000800bdf8       0x4c /Applications/ARM/bin/../lib/gcc/arm-none-eabi/10.3.1/../../../../arm-none-eabi/lib/thumb/v7e-m+fp/hard/libstdc++.a(eh_throw.o)
 .text.__cxa_init_primary_exception
                0x000000000800be44       0x58 /Applications/ARM/bin/../lib/gcc/arm-none-eabi/10.3.1/../../../../arm-none-eabi/lib/thumb/v7e-m+fp/hard/libstdc++.a(eh_throw.o)
                0x000000000800be44                __cxa_init_primary_exception
 .text.__cxa_throw
                0x000000000800be9c       0x38 /Applications/ARM/bin/../lib/gcc/arm-none-eabi/10.3.1/../../../../arm-none-eabi/lib/thumb/v7e-m+fp/hard/libstdc++.a(eh_throw.o)
                0x000000000800be9c                __cxa_throw
 .text.__cxa_rethrow
                0x000000000800bed4       0x70 /Applications/ARM/bin/../lib/gcc/arm-none-eabi/10.3.1/../../../../arm-none-eabi/lib/thumb/v7e-m+fp/hard/libstdc++.a(eh_throw.o)
                0x000000000800bed4                __cxa_rethrow
 .text.__cxa_current_exception_type
                0x000000000800bf44       0x1c /Applications/ARM/bin/../lib/gcc/arm-none-eabi/10.3.1/../../../../arm-none-eabi/lib/thumb/v7e-m+fp/hard/libstdc++.a(eh_type.o)
                0x000000000800bf44                __cxa_current_exception_type
 .text._ZdlPv   0x000000000800bf60        0x4 /Applications/ARM/bin/../lib/gcc/arm-none-eabi/10.3.1/../../../../arm-none-eabi/lib/thumb/v7e-m+fp/hard/libstdc++.a(del_op.o)
                0x000000000800bf60                operator delete(void*)
 .text._ZN12_GLOBAL__N_14pool4freeEPv.constprop.0
                0x000000000800bf64       0x88 /Applications/ARM/bin/../lib/gcc/arm-none-eabi/10.3.1/../../../../arm-none-eabi/lib/thumb/v7e-m+fp/hard/libstdc++.a(eh_alloc.o)
 .text._ZN12_GLOBAL__N_14pool8allocateEj.constprop.0
                0x000000000800bfec       0x58 /Applications/ARM/bin/../lib/gcc/arm-none-eabi/10.3.1/../../../../arm-none-eabi/lib/thumb/v7e-m+fp/hard/libstdc++.a(eh_alloc.o)
 .text.__cxa_allocate_exception
                0x000000000800c044       0x30 /Applications/ARM/bin/../lib/gcc/arm-none-eabi/10.3.1/../../../../arm-none-eabi/lib/thumb/v7e-m+fp/hard/libstdc++.a(eh_alloc.o)
                0x000000000800c044                __cxa_allocate_exception
 .text.__cxa_free_exception
                0x000000000800c074       0x20 /Applications/ARM/bin/../lib/gcc/arm-none-eabi/10.3.1/../../../../arm-none-eabi/lib/thumb/v7e-m+fp/hard/libstdc++.a(eh_alloc.o)
                0x000000000800c074                __cxa_free_exception
 .text.startup._GLOBAL__sub_I__ZN9__gnu_cxx9__freeresEv
                0x000000000800c094       0x28 /Applications/ARM/bin/../lib/gcc/arm-none-eabi/10.3.1/../../../../arm-none-eabi/lib/thumb/v7e-m+fp/hard/libstdc++.a(eh_alloc.o)
 .text.unlikely
                0x000000000800c0bc        0xc /Applications/ARM/bin/../lib/gcc/arm-none-eabi/10.3.1/thumb/v7e-m+fp/hard/libgcc.a(pr-support.o)
                0x000000000800c0bc                _Unwind_GetDataRelBase
                0x000000000800c0c2                _Unwind_GetTextRelBase
 .text.abort    0x000000000800c0c8       0x10 /Applications/ARM/bin/../lib/gcc/arm-none-eabi/10.3.1/../../../../arm-none-eabi/lib/thumb/v7e-m+fp/hard/libg.a(lib_a-abort.o)
                0x000000000800c0c8                abort
 .text.__cxa_atexit
                0x000000000800c0d8        0xc /Applications/ARM/bin/../lib/gcc/arm-none-eabi/10.3.1/../../../../arm-none-eabi/lib/thumb/v7e-m+fp/hard/libg.a(lib_a-cxa_atexit.o)
                0x000000000800c0d8                __cxa_atexit
 .text.__errno  0x000000000800c0e4        0xc /Applications/ARM/bin/../lib/gcc/arm-none-eabi/10.3.1/../../../../arm-none-eabi/lib/thumb/v7e-m+fp/hard/libg.a(lib_a-errno.o)
                0x000000000800c0e4                __errno
 .text.fputc    0x000000000800c0f0       0x64 /Applications/ARM/bin/../lib/gcc/arm-none-eabi/10.3.1/../../../../arm-none-eabi/lib/thumb/v7e-m+fp/hard/libg.a(lib_a-fputc.o)
                0x000000000800c0f0                fputc
 .text._fputs_r
                0x000000000800c154       0x88 /Applications/ARM/bin/../lib/gcc/arm-none-eabi/10.3.1/../../../../arm-none-eabi/lib/thumb/v7e-m+fp/hard/libg.a(lib_a-fputs.o)
                0x000000000800c154                _fputs_r
 .text.fputs    0x000000000800c1dc       0x18 /Applications/ARM/bin/../lib/gcc/arm-none-eabi/10.3.1/../../../../arm-none-eabi/lib/thumb/v7e-m+fp/hard/libg.a(lib_a-fputs.o)
                0x000000000800c1dc                fputs
 .text.__sfvwrite_r
                0x000000000800c1f4      0x2f0 /Applications/ARM/bin/../lib/gcc/arm-none-eabi/10.3.1/../../../../arm-none-eabi/lib/thumb/v7e-m+fp/hard/libg.a(lib_a-fvwrite.o)
                0x000000000800c1f4                __sfvwrite_r
 .text._fwrite_r
                0x000000000800c4e4       0xa8 /Applications/ARM/bin/../lib/gcc/arm-none-eabi/10.3.1/../../../../arm-none-eabi/lib/thumb/v7e-m+fp/hard/libg.a(lib_a-fwrite.o)
                0x000000000800c4e4                _fwrite_r
 .text.fwrite   0x000000000800c58c       0x20 /Applications/ARM/bin/../lib/gcc/arm-none-eabi/10.3.1/../../../../arm-none-eabi/lib/thumb/v7e-m+fp/hard/libg.a(lib_a-fwrite.o)
                0x000000000800c58c                fwrite
 .text.__libc_init_array
                0x000000000800c5ac       0x48 /Applications/ARM/bin/../lib/gcc/arm-none-eabi/10.3.1/../../../../arm-none-eabi/lib/thumb/v7e-m+fp/hard/libg.a(lib_a-init.o)
                0x000000000800c5ac                __libc_init_array
 .text.__retarget_lock_init_recursive
                0x000000000800c5f4        0x4 /Applications/ARM/bin/../lib/gcc/arm-none-eabi/10.3.1/../../../../arm-none-eabi/lib/thumb/v7e-m+fp/hard/libg.a(lib_a-lock.o)
                0x000000000800c5f4                __retarget_lock_init_recursive
 .text.__retarget_lock_close_recursive
                0x000000000800c5f8        0x4 /Applications/ARM/bin/../lib/gcc/arm-none-eabi/10.3.1/../../../../arm-none-eabi/lib/thumb/v7e-m+fp/hard/libg.a(lib_a-lock.o)
                0x000000000800c5f8                __retarget_lock_close_recursive
 .text.__retarget_lock_acquire_recursive
                0x000000000800c5fc        0x4 /Applications/ARM/bin/../lib/gcc/arm-none-eabi/10.3.1/../../../../arm-none-eabi/lib/thumb/v7e-m+fp/hard/libg.a(lib_a-lock.o)
                0x000000000800c5fc                __retarget_lock_acquire_recursive
 .text.__retarget_lock_release_recursive
                0x000000000800c600        0x4 /Applications/ARM/bin/../lib/gcc/arm-none-eabi/10.3.1/../../../../arm-none-eabi/lib/thumb/v7e-m+fp/hard/libg.a(lib_a-lock.o)
                0x000000000800c600                __retarget_lock_release_recursive
 .text.malloc   0x000000000800c604       0x10 /Applications/ARM/bin/../lib/gcc/arm-none-eabi/10.3.1/../../../../arm-none-eabi/lib/thumb/v7e-m+fp/hard/libg.a(lib_a-malloc.o)
                0x000000000800c604                malloc
 .text.free     0x000000000800c614       0x10 /Applications/ARM/bin/../lib/gcc/arm-none-eabi/10.3.1/../../../../arm-none-eabi/lib/thumb/v7e-m+fp/hard/libg.a(lib_a-malloc.o)
                0x000000000800c614                free
 .text._malloc_r
                0x000000000800c624      0x560 /Applications/ARM/bin/../lib/gcc/arm-none-eabi/10.3.1/../../../../arm-none-eabi/lib/thumb/v7e-m+fp/hard/libg.a(lib_a-mallocr.o)
                0x000000000800c624                _malloc_r
 .text.memcmp   0x000000000800cb84       0x64 /Applications/ARM/bin/../lib/gcc/arm-none-eabi/10.3.1/../../../../arm-none-eabi/lib/thumb/v7e-m+fp/hard/libg.a(lib_a-memcmp.o)
                0x000000000800cb84                memcmp
 .text.memmove  0x000000000800cbe8       0xf8 /Applications/ARM/bin/../lib/gcc/arm-none-eabi/10.3.1/../../../../arm-none-eabi/lib/thumb/v7e-m+fp/hard/libg.a(lib_a-memmove.o)
                0x000000000800cbe8                memmove
 .text.memset   0x000000000800cce0       0xa4 /Applications/ARM/bin/../lib/gcc/arm-none-eabi/10.3.1/../../../../arm-none-eabi/lib/thumb/v7e-m+fp/hard/libg.a(lib_a-memset.o)
                0x000000000800cce0                memset
 .text.__malloc_lock
                0x000000000800cd84        0xc /Applications/ARM/bin/../lib/gcc/arm-none-eabi/10.3.1/../../../../arm-none-eabi/lib/thumb/v7e-m+fp/hard/libg.a(lib_a-mlock.o)
                0x000000000800cd84                __malloc_lock
 .text.__malloc_unlock
                0x000000000800cd90        0xc /Applications/ARM/bin/../lib/gcc/arm-none-eabi/10.3.1/../../../../arm-none-eabi/lib/thumb/v7e-m+fp/hard/libg.a(lib_a-mlock.o)
                0x000000000800cd90                __malloc_unlock
 .text._putc_r  0x000000000800cd9c       0x74 /Applications/ARM/bin/../lib/gcc/arm-none-eabi/10.3.1/../../../../arm-none-eabi/lib/thumb/v7e-m+fp/hard/libg.a(lib_a-putc.o)
                0x000000000800cd9c                _putc_r
 .text.realloc  0x000000000800ce10       0x18 /Applications/ARM/bin/../lib/gcc/arm-none-eabi/10.3.1/../../../../arm-none-eabi/lib/thumb/v7e-m+fp/hard/libg.a(lib_a-realloc.o)
                0x000000000800ce10                realloc
 .text._realloc_r
                0x000000000800ce28      0x3d8 /Applications/ARM/bin/../lib/gcc/arm-none-eabi/10.3.1/../../../../arm-none-eabi/lib/thumb/v7e-m+fp/hard/libg.a(lib_a-reallocr.o)
                0x000000000800ce28                _realloc_r
 .text._sbrk_r  0x000000000800d200       0x24 /Applications/ARM/bin/../lib/gcc/arm-none-eabi/10.3.1/../../../../arm-none-eabi/lib/thumb/v7e-m+fp/hard/libg.a(lib_a-sbrkr.o)
                0x000000000800d200                _sbrk_r
 .text.raise    0x000000000800d224       0x5c /Applications/ARM/bin/../lib/gcc/arm-none-eabi/10.3.1/../../../../arm-none-eabi/lib/thumb/v7e-m+fp/hard/libg.a(lib_a-signal.o)
                0x000000000800d224                raise
 .text._kill_r  0x000000000800d280       0x2c /Applications/ARM/bin/../lib/gcc/arm-none-eabi/10.3.1/../../../../arm-none-eabi/lib/thumb/v7e-m+fp/hard/libg.a(lib_a-signalr.o)
                0x000000000800d280                _kill_r
 .text._getpid_r
                0x000000000800d2ac        0x4 /Applications/ARM/bin/../lib/gcc/arm-none-eabi/10.3.1/../../../../arm-none-eabi/lib/thumb/v7e-m+fp/hard/libg.a(lib_a-signalr.o)
                0x000000000800d2ac                _getpid_r
 .text.snprintf
                0x000000000800d2b0       0x88 /Applications/ARM/bin/../lib/gcc/arm-none-eabi/10.3.1/../../../../arm-none-eabi/lib/thumb/v7e-m+fp/hard/libg.a(lib_a-snprintf.o)
                0x000000000800d2b0                snprintf
 .text.sprintf  0x000000000800d338       0x40 /Applications/ARM/bin/../lib/gcc/arm-none-eabi/10.3.1/../../../../arm-none-eabi/lib/thumb/v7e-m+fp/hard/libg.a(lib_a-sprintf.o)
                0x000000000800d338                sprintf
 .text.strncmp  0x000000000800d378       0x80 /Applications/ARM/bin/../lib/gcc/arm-none-eabi/10.3.1/../../../../arm-none-eabi/lib/thumb/v7e-m+fp/hard/libg.a(lib_a-strncmp.o)
                0x000000000800d378                strncmp
 .text._svfprintf_r
                0x000000000800d3f8     0x1acc /Applications/ARM/bin/../lib/gcc/arm-none-eabi/10.3.1/../../../../arm-none-eabi/lib/thumb/v7e-m+fp/hard/libg.a(lib_a-svfprintf.o)
                0x000000000800d3f8                _svfprintf_r
 .text.__swbuf_r
                0x000000000800eec4       0xb0 /Applications/ARM/bin/../lib/gcc/arm-none-eabi/10.3.1/../../../../arm-none-eabi/lib/thumb/v7e-m+fp/hard/libg.a(lib_a-wbuf.o)
                0x000000000800eec4                __swbuf_r
 .text._write_r
                0x000000000800ef74       0x2c /Applications/ARM/bin/../lib/gcc/arm-none-eabi/10.3.1/../../../../arm-none-eabi/lib/thumb/v7e-m+fp/hard/libg.a(lib_a-writer.o)
                0x000000000800ef74                _write_r
 .text.__swsetup_r
                0x000000000800efa0       0xd4 /Applications/ARM/bin/../lib/gcc/arm-none-eabi/10.3.1/../../../../arm-none-eabi/lib/thumb/v7e-m+fp/hard/libg.a(lib_a-wsetup.o)
                0x000000000800efa0                __swsetup_r
 .text.__register_exitproc
                0x000000000800f074       0x8c /Applications/ARM/bin/../lib/gcc/arm-none-eabi/10.3.1/../../../../arm-none-eabi/lib/thumb/v7e-m+fp/hard/libg.a(lib_a-__atexit.o)
                0x000000000800f074                __register_exitproc
 .text.startup.register_fini
                0x000000000800f100       0x14 /Applications/ARM/bin/../lib/gcc/arm-none-eabi/10.3.1/../../../../arm-none-eabi/lib/thumb/v7e-m+fp/hard/libg.a(lib_a-__call_atexit.o)
 .text.atexit   0x000000000800f114        0xc /Applications/ARM/bin/../lib/gcc/arm-none-eabi/10.3.1/../../../../arm-none-eabi/lib/thumb/v7e-m+fp/hard/libg.a(lib_a-atexit.o)
                0x000000000800f114                atexit
 .text.quorem   0x000000000800f120      0x128 /Applications/ARM/bin/../lib/gcc/arm-none-eabi/10.3.1/../../../../arm-none-eabi/lib/thumb/v7e-m+fp/hard/libg.a(lib_a-dtoa.o)
 .text._dtoa_r  0x000000000800f248      0xf3c /Applications/ARM/bin/../lib/gcc/arm-none-eabi/10.3.1/../../../../arm-none-eabi/lib/thumb/v7e-m+fp/hard/libg.a(lib_a-dtoa.o)
                0x000000000800f248                _dtoa_r
 .text.__sflush_r
                0x0000000008010184      0x130 /Applications/ARM/bin/../lib/gcc/arm-none-eabi/10.3.1/../../../../arm-none-eabi/lib/thumb/v7e-m+fp/hard/libg.a(lib_a-fflush.o)
                0x0000000008010184                __sflush_r
 .text._fflush_r
                0x00000000080102b4       0x5c /Applications/ARM/bin/../lib/gcc/arm-none-eabi/10.3.1/../../../../arm-none-eabi/lib/thumb/v7e-m+fp/hard/libg.a(lib_a-fflush.o)
                0x00000000080102b4                _fflush_r
 .text._cleanup_r
                0x0000000008010310        0xc /Applications/ARM/bin/../lib/gcc/arm-none-eabi/10.3.1/../../../../arm-none-eabi/lib/thumb/v7e-m+fp/hard/libg.a(lib_a-findfp.o)
                0x0000000008010310                _cleanup_r
 .text.__sinit  0x000000000801031c      0x10c /Applications/ARM/bin/../lib/gcc/arm-none-eabi/10.3.1/../../../../arm-none-eabi/lib/thumb/v7e-m+fp/hard/libg.a(lib_a-findfp.o)
                0x000000000801031c                __sinit
 .text.__sfp_lock_acquire
                0x0000000008010428        0xc /Applications/ARM/bin/../lib/gcc/arm-none-eabi/10.3.1/../../../../arm-none-eabi/lib/thumb/v7e-m+fp/hard/libg.a(lib_a-findfp.o)
                0x0000000008010428                __sfp_lock_acquire
 .text.__sfp_lock_release
                0x0000000008010434        0xc /Applications/ARM/bin/../lib/gcc/arm-none-eabi/10.3.1/../../../../arm-none-eabi/lib/thumb/v7e-m+fp/hard/libg.a(lib_a-findfp.o)
                0x0000000008010434                __sfp_lock_release
 .text.__libc_fini_array
                0x0000000008010440       0x2c /Applications/ARM/bin/../lib/gcc/arm-none-eabi/10.3.1/../../../../arm-none-eabi/lib/thumb/v7e-m+fp/hard/libg.a(lib_a-fini.o)
                0x0000000008010440                __libc_fini_array
 .text._malloc_trim_r
                0x000000000801046c       0xa0 /Applications/ARM/bin/../lib/gcc/arm-none-eabi/10.3.1/../../../../arm-none-eabi/lib/thumb/v7e-m+fp/hard/libg.a(lib_a-freer.o)
                0x000000000801046c                _malloc_trim_r
 .text._free_r  0x000000000801050c      0x20c /Applications/ARM/bin/../lib/gcc/arm-none-eabi/10.3.1/../../../../arm-none-eabi/lib/thumb/v7e-m+fp/hard/libg.a(lib_a-freer.o)
                0x000000000801050c                _free_r
 .text._fwalk_reent
                0x0000000008010718       0x48 /Applications/ARM/bin/../lib/gcc/arm-none-eabi/10.3.1/../../../../arm-none-eabi/lib/thumb/v7e-m+fp/hard/libg.a(lib_a-fwalk.o)
                0x0000000008010718                _fwalk_reent
 .text._localeconv_r
                0x0000000008010760        0x8 /Applications/ARM/bin/../lib/gcc/arm-none-eabi/10.3.1/../../../../arm-none-eabi/lib/thumb/v7e-m+fp/hard/libg.a(lib_a-localeconv.o)
                0x0000000008010760                _localeconv_r
 .text.__smakebuf_r
                0x0000000008010768       0xe0 /Applications/ARM/bin/../lib/gcc/arm-none-eabi/10.3.1/../../../../arm-none-eabi/lib/thumb/v7e-m+fp/hard/libg.a(lib_a-makebuf.o)
                0x0000000008010768                __smakebuf_r
 .text._Balloc  0x0000000008010848       0x4c /Applications/ARM/bin/../lib/gcc/arm-none-eabi/10.3.1/../../../../arm-none-eabi/lib/thumb/v7e-m+fp/hard/libg.a(lib_a-mprec.o)
                0x0000000008010848                _Balloc
 .text._Bfree   0x0000000008010894       0x14 /Applications/ARM/bin/../lib/gcc/arm-none-eabi/10.3.1/../../../../arm-none-eabi/lib/thumb/v7e-m+fp/hard/libg.a(lib_a-mprec.o)
                0x0000000008010894                _Bfree
 .text.__multadd
                0x00000000080108a8       0xa8 /Applications/ARM/bin/../lib/gcc/arm-none-eabi/10.3.1/../../../../arm-none-eabi/lib/thumb/v7e-m+fp/hard/libg.a(lib_a-mprec.o)
                0x00000000080108a8                __multadd
 .text.__hi0bits
                0x0000000008010950       0x40 /Applications/ARM/bin/../lib/gcc/arm-none-eabi/10.3.1/../../../../arm-none-eabi/lib/thumb/v7e-m+fp/hard/libg.a(lib_a-mprec.o)
                0x0000000008010950                __hi0bits
 .text.__lo0bits
                0x0000000008010990       0x60 /Applications/ARM/bin/../lib/gcc/arm-none-eabi/10.3.1/../../../../arm-none-eabi/lib/thumb/v7e-m+fp/hard/libg.a(lib_a-mprec.o)
                0x0000000008010990                __lo0bits
 .text.__i2b    0x00000000080109f0       0x5c /Applications/ARM/bin/../lib/gcc/arm-none-eabi/10.3.1/../../../../arm-none-eabi/lib/thumb/v7e-m+fp/hard/libg.a(lib_a-mprec.o)
                0x00000000080109f0                __i2b
 .text.__multiply
                0x0000000008010a4c      0x15c /Applications/ARM/bin/../lib/gcc/arm-none-eabi/10.3.1/../../../../arm-none-eabi/lib/thumb/v7e-m+fp/hard/libg.a(lib_a-mprec.o)
                0x0000000008010a4c                __multiply
 .text.__pow5mult
                0x0000000008010ba8       0xc0 /Applications/ARM/bin/../lib/gcc/arm-none-eabi/10.3.1/../../../../arm-none-eabi/lib/thumb/v7e-m+fp/hard/libg.a(lib_a-mprec.o)
                0x0000000008010ba8                __pow5mult
 .text.__lshift
                0x0000000008010c68       0xf0 /Applications/ARM/bin/../lib/gcc/arm-none-eabi/10.3.1/../../../../arm-none-eabi/lib/thumb/v7e-m+fp/hard/libg.a(lib_a-mprec.o)
                0x0000000008010c68                __lshift
 .text.__mcmp   0x0000000008010d58       0x44 /Applications/ARM/bin/../lib/gcc/arm-none-eabi/10.3.1/../../../../arm-none-eabi/lib/thumb/v7e-m+fp/hard/libg.a(lib_a-mprec.o)
                0x0000000008010d58                __mcmp
 .text.__mdiff  0x0000000008010d9c      0x14c /Applications/ARM/bin/../lib/gcc/arm-none-eabi/10.3.1/../../../../arm-none-eabi/lib/thumb/v7e-m+fp/hard/libg.a(lib_a-mprec.o)
                0x0000000008010d9c                __mdiff
 .text.__d2b    0x0000000008010ee8       0xd0 /Applications/ARM/bin/../lib/gcc/arm-none-eabi/10.3.1/../../../../arm-none-eabi/lib/thumb/v7e-m+fp/hard/libg.a(lib_a-mprec.o)
                0x0000000008010ee8                __d2b
 .text.frexp    0x0000000008010fb8       0x6c /Applications/ARM/bin/../lib/gcc/arm-none-eabi/10.3.1/../../../../arm-none-eabi/lib/thumb/v7e-m+fp/hard/libg.a(lib_a-s_frexp.o)
                0x0000000008010fb8                frexp
 .text.__sread  0x0000000008011024       0x24 /Applications/ARM/bin/../lib/gcc/arm-none-eabi/10.3.1/../../../../arm-none-eabi/lib/thumb/v7e-m+fp/hard/libg.a(lib_a-stdio.o)
                0x0000000008011024                __sread
 .text.__swrite
                0x0000000008011048       0x40 /Applications/ARM/bin/../lib/gcc/arm-none-eabi/10.3.1/../../../../arm-none-eabi/lib/thumb/v7e-m+fp/hard/libg.a(lib_a-stdio.o)
                0x0000000008011048                __swrite
 .text.__sseek  0x0000000008011088       0x20 /Applications/ARM/bin/../lib/gcc/arm-none-eabi/10.3.1/../../../../arm-none-eabi/lib/thumb/v7e-m+fp/hard/libg.a(lib_a-stdio.o)
                0x0000000008011088                __sseek
 .text.__sclose
                0x00000000080110a8        0x8 /Applications/ARM/bin/../lib/gcc/arm-none-eabi/10.3.1/../../../../arm-none-eabi/lib/thumb/v7e-m+fp/hard/libg.a(lib_a-stdio.o)
                0x00000000080110a8                __sclose
 .text.strncpy  0x00000000080110b0       0x64 /Applications/ARM/bin/../lib/gcc/arm-none-eabi/10.3.1/../../../../arm-none-eabi/lib/thumb/v7e-m+fp/hard/libg.a(lib_a-strncpy.o)
                0x00000000080110b0                strncpy
 .text.__ssprint_r
                0x0000000008011114       0xf8 /Applications/ARM/bin/../lib/gcc/arm-none-eabi/10.3.1/../../../../arm-none-eabi/lib/thumb/v7e-m+fp/hard/libg.a(lib_a-svfiprintf.o)
                0x0000000008011114                __ssprint_r
 .text.__assert_func
                0x000000000801120c       0x40 /Applications/ARM/bin/../lib/gcc/arm-none-eabi/10.3.1/../../../../arm-none-eabi/lib/thumb/v7e-m+fp/hard/libg.a(lib_a-assert.o)
                0x000000000801120c                __assert_func
 .text._calloc_r
                0x000000000801124c       0x78 /Applications/ARM/bin/../lib/gcc/arm-none-eabi/10.3.1/../../../../arm-none-eabi/lib/thumb/v7e-m+fp/hard/libg.a(lib_a-callocr.o)
                0x000000000801124c                _calloc_r
 .text._close_r
                0x00000000080112c4       0x24 /Applications/ARM/bin/../lib/gcc/arm-none-eabi/10.3.1/../../../../arm-none-eabi/lib/thumb/v7e-m+fp/hard/libg.a(lib_a-closer.o)
                0x00000000080112c4                _close_r
 .text._fclose_r
                0x00000000080112e8       0xcc /Applications/ARM/bin/../lib/gcc/arm-none-eabi/10.3.1/../../../../arm-none-eabi/lib/thumb/v7e-m+fp/hard/libg.a(lib_a-fclose.o)
                0x00000000080112e8                _fclose_r
 .text.fiprintf
                0x00000000080113b4       0x28 /Applications/ARM/bin/../lib/gcc/arm-none-eabi/10.3.1/../../../../arm-none-eabi/lib/thumb/v7e-m+fp/hard/libg.a(lib_a-fiprintf.o)
                0x00000000080113b4                fiprintf
 .text._fstat_r
                0x00000000080113dc       0x2c /Applications/ARM/bin/../lib/gcc/arm-none-eabi/10.3.1/../../../../arm-none-eabi/lib/thumb/v7e-m+fp/hard/libg.a(lib_a-fstatr.o)
                0x00000000080113dc                _fstat_r
 .text._isatty_r
                0x0000000008011408       0x24 /Applications/ARM/bin/../lib/gcc/arm-none-eabi/10.3.1/../../../../arm-none-eabi/lib/thumb/v7e-m+fp/hard/libg.a(lib_a-isattyr.o)
                0x0000000008011408                _isatty_r
 .text.__locale_mb_cur_max
                0x000000000801142c        0xc /Applications/ARM/bin/../lib/gcc/arm-none-eabi/10.3.1/../../../../arm-none-eabi/lib/thumb/v7e-m+fp/hard/libg.a(lib_a-locale.o)
                0x000000000801142c                __locale_mb_cur_max
 .text._lseek_r
                0x0000000008011438       0x2c /Applications/ARM/bin/../lib/gcc/arm-none-eabi/10.3.1/../../../../arm-none-eabi/lib/thumb/v7e-m+fp/hard/libg.a(lib_a-lseekr.o)
                0x0000000008011438                _lseek_r
 .text.__ascii_mbtowc
                0x0000000008011464       0x2c /Applications/ARM/bin/../lib/gcc/arm-none-eabi/10.3.1/../../../../arm-none-eabi/lib/thumb/v7e-m+fp/hard/libg.a(lib_a-mbtowc_r.o)
                0x0000000008011464                __ascii_mbtowc
 .text._read_r  0x0000000008011490       0x2c /Applications/ARM/bin/../lib/gcc/arm-none-eabi/10.3.1/../../../../arm-none-eabi/lib/thumb/v7e-m+fp/hard/libg.a(lib_a-readr.o)
                0x0000000008011490                _read_r
 .text.__sprint_r.part.0
                0x00000000080114bc       0x78 /Applications/ARM/bin/../lib/gcc/arm-none-eabi/10.3.1/../../../../arm-none-eabi/lib/thumb/v7e-m+fp/hard/libg.a(lib_a-vfiprintf.o)
 .text._vfiprintf_r
                0x0000000008011534      0xdfc /Applications/ARM/bin/../lib/gcc/arm-none-eabi/10.3.1/../../../../arm-none-eabi/lib/thumb/v7e-m+fp/hard/libg.a(lib_a-vfiprintf.o)
                0x0000000008011534                _vfiprintf_r
 .text.__sbprintf
                0x0000000008012330       0x80 /Applications/ARM/bin/../lib/gcc/arm-none-eabi/10.3.1/../../../../arm-none-eabi/lib/thumb/v7e-m+fp/hard/libg.a(lib_a-vfiprintf.o)
 .text.__ascii_wctomb
                0x00000000080123b0       0x1c /Applications/ARM/bin/../lib/gcc/arm-none-eabi/10.3.1/../../../../arm-none-eabi/lib/thumb/v7e-m+fp/hard/libg.a(lib_a-wctomb_r.o)
                0x00000000080123b0                __ascii_wctomb
 .text.__fputwc
                0x00000000080123cc       0xa8 /Applications/ARM/bin/../lib/gcc/arm-none-eabi/10.3.1/../../../../arm-none-eabi/lib/thumb/v7e-m+fp/hard/libg.a(lib_a-fputwc.o)
                0x00000000080123cc                __fputwc
 .text._fputwc_r
                0x0000000008012474       0x68 /Applications/ARM/bin/../lib/gcc/arm-none-eabi/10.3.1/../../../../arm-none-eabi/lib/thumb/v7e-m+fp/hard/libg.a(lib_a-fputwc.o)
                0x0000000008012474                _fputwc_r
 .text._wcrtomb_r
                0x00000000080124dc       0x3c /Applications/ARM/bin/../lib/gcc/arm-none-eabi/10.3.1/../../../../arm-none-eabi/lib/thumb/v7e-m+fp/hard/libg.a(lib_a-wcrtomb.o)
                0x00000000080124dc                _wcrtomb_r
 *(.glue_7)
 .glue_7        0x0000000008012518        0x0 linker stubs
 *(.glue_7t)
 .glue_7t       0x0000000008012518        0x0 linker stubs
 *(.eh_frame)
 .eh_frame      0x0000000008012518        0x0 /Applications/ARM/bin/../lib/gcc/arm-none-eabi/10.3.1/thumb/v7e-m+fp/hard/crtbegin.o
 *(.init)
 .init          0x0000000008012518        0x4 /Applications/ARM/bin/../lib/gcc/arm-none-eabi/10.3.1/thumb/v7e-m+fp/hard/crti.o
                0x0000000008012518                _init
 .init          0x000000000801251c        0x8 /Applications/ARM/bin/../lib/gcc/arm-none-eabi/10.3.1/thumb/v7e-m+fp/hard/crtn.o
 *(.fini)
 .fini          0x0000000008012524        0x4 /Applications/ARM/bin/../lib/gcc/arm-none-eabi/10.3.1/thumb/v7e-m+fp/hard/crti.o
                0x0000000008012524                _fini
 .fini          0x0000000008012528        0x8 /Applications/ARM/bin/../lib/gcc/arm-none-eabi/10.3.1/thumb/v7e-m+fp/hard/crtn.o
                0x0000000008012530                . = ALIGN (0x4)
                0x0000000008012530                _etext = .

.vfp11_veneer   0x0000000008012530        0x0
 .vfp11_veneer  0x0000000008012530        0x0 linker stubs

.v4_bx          0x0000000008012530        0x0
 .v4_bx         0x0000000008012530        0x0 linker stubs

.iplt           0x0000000008012530        0x0
 .iplt          0x0000000008012530        0x0 /Applications/ARM/bin/../lib/gcc/arm-none-eabi/10.3.1/thumb/v7e-m+fp/hard/crtbegin.o

.rodata         0x0000000008012530     0x165c
                0x0000000008012530                . = ALIGN (0x4)
 *(.rodata)
 .rodata        0x0000000008012530      0x7cc /Applications/ARM/bin/../lib/gcc/arm-none-eabi/10.3.1/../../../../arm-none-eabi/lib/thumb/v7e-m+fp/hard/libstdc++.a(cp-demangle.o)
 *(.rodata*)
 .rodata.RobotTest.str1.4
                0x0000000008012cfc        0xb CMakeFiles/STM32Grape.elf.dir/Core/Src/RobotMain.cpp.obj
 *fill*         0x0000000008012d07        0x1 
 .rodata.AHBPrescTable
                0x0000000008012d08       0x10 CMakeFiles/STM32Grape.elf.dir/Core/Src/system_stm32f4xx.c.obj
                0x0000000008012d08                AHBPrescTable
 .rodata.APBPrescTable
                0x0000000008012d18        0x8 CMakeFiles/STM32Grape.elf.dir/Core/Src/system_stm32f4xx.c.obj
                0x0000000008012d18                APBPrescTable
 .rodata._ZNKSt13bad_exception4whatEv.str1.4
                0x0000000008012d20       0x13 /Applications/ARM/bin/../lib/gcc/arm-none-eabi/10.3.1/../../../../arm-none-eabi/lib/thumb/v7e-m+fp/hard/libstdc++.a(eh_exception.o)
 *fill*         0x0000000008012d33        0x1 
 .rodata._ZTIN10__cxxabiv115__forced_unwindE
                0x0000000008012d34        0x8 /Applications/ARM/bin/../lib/gcc/arm-none-eabi/10.3.1/../../../../arm-none-eabi/lib/thumb/v7e-m+fp/hard/libstdc++.a(eh_exception.o)
                0x0000000008012d34                typeinfo for __cxxabiv1::__forced_unwind
 .rodata._ZTIN10__cxxabiv119__foreign_exceptionE
                0x0000000008012d3c        0x8 /Applications/ARM/bin/../lib/gcc/arm-none-eabi/10.3.1/../../../../arm-none-eabi/lib/thumb/v7e-m+fp/hard/libstdc++.a(eh_exception.o)
                0x0000000008012d3c                typeinfo for __cxxabiv1::__foreign_exception
 .rodata._ZTISt13bad_exception
                0x0000000008012d44        0xc /Applications/ARM/bin/../lib/gcc/arm-none-eabi/10.3.1/../../../../arm-none-eabi/lib/thumb/v7e-m+fp/hard/libstdc++.a(eh_exception.o)
                0x0000000008012d44                typeinfo for std::bad_exception
 .rodata._ZTISt9exception
                0x0000000008012d50        0x8 /Applications/ARM/bin/../lib/gcc/arm-none-eabi/10.3.1/../../../../arm-none-eabi/lib/thumb/v7e-m+fp/hard/libstdc++.a(eh_exception.o)
                0x0000000008012d50                typeinfo for std::exception
 .rodata._ZTSN10__cxxabiv115__forced_unwindE
                0x0000000008012d58       0x20 /Applications/ARM/bin/../lib/gcc/arm-none-eabi/10.3.1/../../../../arm-none-eabi/lib/thumb/v7e-m+fp/hard/libstdc++.a(eh_exception.o)
                0x0000000008012d58                typeinfo name for __cxxabiv1::__forced_unwind
 .rodata._ZTSN10__cxxabiv119__foreign_exceptionE
                0x0000000008012d78       0x24 /Applications/ARM/bin/../lib/gcc/arm-none-eabi/10.3.1/../../../../arm-none-eabi/lib/thumb/v7e-m+fp/hard/libstdc++.a(eh_exception.o)
                0x0000000008012d78                typeinfo name for __cxxabiv1::__foreign_exception
 .rodata._ZTSSt13bad_exception
                0x0000000008012d9c       0x12 /Applications/ARM/bin/../lib/gcc/arm-none-eabi/10.3.1/../../../../arm-none-eabi/lib/thumb/v7e-m+fp/hard/libstdc++.a(eh_exception.o)
                0x0000000008012d9c                typeinfo name for std::bad_exception
 *fill*         0x0000000008012dae        0x2 
 .rodata._ZTSSt9exception
                0x0000000008012db0        0xd /Applications/ARM/bin/../lib/gcc/arm-none-eabi/10.3.1/../../../../arm-none-eabi/lib/thumb/v7e-m+fp/hard/libstdc++.a(eh_exception.o)
                0x0000000008012db0                typeinfo name for std::exception
 *fill*         0x0000000008012dbd        0x3 
 .rodata._ZTVSt13bad_exception
                0x0000000008012dc0       0x14 /Applications/ARM/bin/../lib/gcc/arm-none-eabi/10.3.1/../../../../arm-none-eabi/lib/thumb/v7e-m+fp/hard/libstdc++.a(eh_exception.o)
                0x0000000008012dc0                vtable for std::bad_exception
 .rodata._ZTIN10__cxxabiv120__si_class_type_infoE
                0x0000000008012dd4        0xc /Applications/ARM/bin/../lib/gcc/arm-none-eabi/10.3.1/../../../../arm-none-eabi/lib/thumb/v7e-m+fp/hard/libstdc++.a(si_class_type_info.o)
                0x0000000008012dd4                typeinfo for __cxxabiv1::__si_class_type_info
 .rodata._ZTSN10__cxxabiv120__si_class_type_infoE
                0x0000000008012de0       0x25 /Applications/ARM/bin/../lib/gcc/arm-none-eabi/10.3.1/../../../../arm-none-eabi/lib/thumb/v7e-m+fp/hard/libstdc++.a(si_class_type_info.o)
                0x0000000008012de0                typeinfo name for __cxxabiv1::__si_class_type_info
 *fill*         0x0000000008012e05        0x3 
 .rodata._ZTVN10__cxxabiv120__si_class_type_infoE
                0x0000000008012e08       0x2c /Applications/ARM/bin/../lib/gcc/arm-none-eabi/10.3.1/../../../../arm-none-eabi/lib/thumb/v7e-m+fp/hard/libstdc++.a(si_class_type_info.o)
                0x0000000008012e08                vtable for __cxxabiv1::__si_class_type_info
 .rodata._ZTISt9type_info
                0x0000000008012e34        0x8 /Applications/ARM/bin/../lib/gcc/arm-none-eabi/10.3.1/../../../../arm-none-eabi/lib/thumb/v7e-m+fp/hard/libstdc++.a(tinfo.o)
                0x0000000008012e34                typeinfo for std::type_info
 .rodata._ZTSSt9type_info
                0x0000000008012e3c        0xd /Applications/ARM/bin/../lib/gcc/arm-none-eabi/10.3.1/../../../../arm-none-eabi/lib/thumb/v7e-m+fp/hard/libstdc++.a(tinfo.o)
                0x0000000008012e3c                typeinfo name for std::type_info
 *fill*         0x0000000008012e49        0x3 
 .rodata._ZN9__gnu_cxx27__verbose_terminate_handlerEv.str1.4
                0x0000000008012e4c       0x94 /Applications/ARM/bin/../lib/gcc/arm-none-eabi/10.3.1/../../../../arm-none-eabi/lib/thumb/v7e-m+fp/hard/libstdc++.a(vterminate.o)
 .rodata._ZTIN10__cxxabiv117__class_type_infoE
                0x0000000008012ee0        0xc /Applications/ARM/bin/../lib/gcc/arm-none-eabi/10.3.1/../../../../arm-none-eabi/lib/thumb/v7e-m+fp/hard/libstdc++.a(class_type_info.o)
                0x0000000008012ee0                typeinfo for __cxxabiv1::__class_type_info
 .rodata._ZTSN10__cxxabiv117__class_type_infoE
                0x0000000008012eec       0x22 /Applications/ARM/bin/../lib/gcc/arm-none-eabi/10.3.1/../../../../arm-none-eabi/lib/thumb/v7e-m+fp/hard/libstdc++.a(class_type_info.o)
                0x0000000008012eec                typeinfo name for __cxxabiv1::__class_type_info
 *fill*         0x0000000008012f0e        0x2 
 .rodata._ZTVN10__cxxabiv117__class_type_infoE
                0x0000000008012f10       0x2c /Applications/ARM/bin/../lib/gcc/arm-none-eabi/10.3.1/../../../../arm-none-eabi/lib/thumb/v7e-m+fp/hard/libstdc++.a(class_type_info.o)
                0x0000000008012f10                vtable for __cxxabiv1::__class_type_info
 .rodata.str1.4