Archive member included to satisfy reference by file (symbol)

/Applications/ARM/bin/../lib/gcc/arm-none-eabi/10.3.1/../../../../arm-none-eabi/lib/thumb/v7e-m+fp/hard/libstdc++.a(atexit_arm.o)
                              CMakeFiles/STM32Grape.elf.dir/Core/Src/RobotMain.cpp.obj (__aeabi_atexit)
/Applications/ARM/bin/../lib/gcc/arm-none-eabi/10.3.1/../../../../arm-none-eabi/lib/thumb/v7e-m+fp/hard/libstdc++.a(eh_arm.o)
                              CMakeFiles/STM32Grape.elf.dir/Core/Src/motion.cpp.obj (__cxa_end_cleanup)
/Applications/ARM/bin/../lib/gcc/arm-none-eabi/10.3.1/../../../../arm-none-eabi/lib/thumb/v7e-m+fp/hard/libstdc++.a(eh_exception.o)
                              /Applications/ARM/bin/../lib/gcc/arm-none-eabi/10.3.1/../../../../arm-none-eabi/lib/thumb/v7e-m+fp/hard/libstdc++.a(eh_arm.o) (typeinfo for __cxxabiv1::__forced_unwind)
/Applications/ARM/bin/../lib/gcc/arm-none-eabi/10.3.1/../../../../arm-none-eabi/lib/thumb/v7e-m+fp/hard/libstdc++.a(eh_globals.o)
                              /Applications/ARM/bin/../lib/gcc/arm-none-eabi/10.3.1/../../../../arm-none-eabi/lib/thumb/v7e-m+fp/hard/libstdc++.a(eh_arm.o) (__cxa_get_globals)
/Applications/ARM/bin/../lib/gcc/arm-none-eabi/10.3.1/../../../../arm-none-eabi/lib/thumb/v7e-m+fp/hard/libstdc++.a(eh_personality.o)
                              CMakeFiles/STM32Grape.elf.dir/Core/Src/motion.cpp.obj (__gxx_personality_v0)
/Applications/ARM/bin/../lib/gcc/arm-none-eabi/10.3.1/../../../../arm-none-eabi/lib/thumb/v7e-m+fp/hard/libstdc++.a(eh_terminate.o)
                              /Applications/ARM/bin/../lib/gcc/arm-none-eabi/10.3.1/../../../../arm-none-eabi/lib/thumb/v7e-m+fp/hard/libstdc++.a(eh_arm.o) (std::terminate())
/Applications/ARM/bin/../lib/gcc/arm-none-eabi/10.3.1/../../../../arm-none-eabi/lib/thumb/v7e-m+fp/hard/libstdc++.a(eh_unex_handler.o)
                              /Applications/ARM/bin/../lib/gcc/arm-none-eabi/10.3.1/../../../../arm-none-eabi/lib/thumb/v7e-m+fp/hard/libstdc++.a(eh_terminate.o) (__cxxabiv1::__unexpected_handler)
/Applications/ARM/bin/../lib/gcc/arm-none-eabi/10.3.1/../../../../arm-none-eabi/lib/thumb/v7e-m+fp/hard/libstdc++.a(pure.o)
                              /Applications/ARM/bin/../lib/gcc/arm-none-eabi/10.3.1/../../../../arm-none-eabi/lib/thumb/v7e-m+fp/hard/libstdc++.a(eh_exception.o) (__cxa_pure_virtual)
/Applications/ARM/bin/../lib/gcc/arm-none-eabi/10.3.1/../../../../arm-none-eabi/lib/thumb/v7e-m+fp/hard/libstdc++.a(si_class_type_info.o)
                              /Applications/ARM/bin/../lib/gcc/arm-none-eabi/10.3.1/../../../../arm-none-eabi/lib/thumb/v7e-m+fp/hard/libstdc++.a(eh_exception.o) (vtable for __cxxabiv1::__si_class_type_info)
/Applications/ARM/bin/../lib/gcc/arm-none-eabi/10.3.1/../../../../arm-none-eabi/lib/thumb/v7e-m+fp/hard/libstdc++.a(tinfo.o)
                              /Applications/ARM/bin/../lib/gcc/arm-none-eabi/10.3.1/../../../../arm-none-eabi/lib/thumb/v7e-m+fp/hard/libstdc++.a(si_class_type_info.o) (std::type_info::__is_pointer_p() const)
/Applications/ARM/bin/../lib/gcc/arm-none-eabi/10.3.1/../../../../arm-none-eabi/lib/thumb/v7e-m+fp/hard/libstdc++.a(vterminate.o)
                              /Applications/ARM/bin/../lib/gcc/arm-none-eabi/10.3.1/../../../../arm-none-eabi/lib/thumb/v7e-m+fp/hard/libstdc++.a(eh_terminate.o) (__gnu_cxx::__verbose_terminate_handler())
/Applications/ARM/bin/../lib/gcc/arm-none-eabi/10.3.1/../../../../arm-none-eabi/lib/thumb/v7e-m+fp/hard/libstdc++.a(class_type_info.o)
                              /Applications/ARM/bin/../lib/gcc/arm-none-eabi/10.3.1/../../../../arm-none-eabi/lib/thumb/v7e-m+fp/hard/libstdc++.a(si_class_type_info.o) (__cxxabiv1::__class_type_info::__do_upcast(__cxxabiv1::__class_type_info const*, void**) const)
/Applications/ARM/bin/../lib/gcc/arm-none-eabi/10.3.1/../../../../arm-none-eabi/lib/thumb/v7e-m+fp/hard/libstdc++.a(cp-demangle.o)
                              /Applications/ARM/bin/../lib/gcc/arm-none-eabi/10.3.1/../../../../arm-none-eabi/lib/thumb/v7e-m+fp/hard/libstdc++.a(vterminate.o) (__cxa_demangle)
/Applications/ARM/bin/../lib/gcc/arm-none-eabi/10.3.1/../../../../arm-none-eabi/lib/thumb/v7e-m+fp/hard/libstdc++.a(del_ops.o)
                              /Applications/ARM/bin/../lib/gcc/arm-none-eabi/10.3.1/../../../../arm-none-eabi/lib/thumb/v7e-m+fp/hard/libstdc++.a(eh_exception.o) (operator delete(void*, unsigned int))
/Applications/ARM/bin/../lib/gcc/arm-none-eabi/10.3.1/../../../../arm-none-eabi/lib/thumb/v7e-m+fp/hard/libstdc++.a(eh_call.o)
                              /Applications/ARM/bin/../lib/gcc/arm-none-eabi/10.3.1/../../../../arm-none-eabi/lib/thumb/v7e-m+fp/hard/libstdc++.a(eh_personality.o) (__cxa_call_terminate)
/Applications/ARM/bin/../lib/gcc/arm-none-eabi/10.3.1/../../../../arm-none-eabi/lib/thumb/v7e-m+fp/hard/libstdc++.a(eh_catch.o)
[...]
Memory Configuration

Name             Origin             Length             Attributes
CCMRAM           0x0000000010000000 0x0000000000010000 xrw
RAM              0x0000000020000000 0x0000000000020000 xrw
FLASH            0x0000000008000000 0x0000000000100000 xr
*default*        0x0000000000000000 0xffffffffffffffff

Linker script and memory map

LOAD /Applications/ARM/bin/../lib/gcc/arm-none-eabi/10.3.1/thumb/v7e-m+fp/hard/crti.o
LOAD /Applications/ARM/bin/../lib/gcc/arm-none-eabi/10.3.1/thumb/v7e-m+fp/hard/crtbegin.o
LOAD /Applications/ARM/bin/../lib/gcc/arm-none-eabi/10.3.1/../../../../arm-none-eabi/lib/thumb/v7e-m+fp/hard/crt0.o
LOAD CMakeFiles/STM32Grape.elf.dir/Core/Src/RobotMain.cpp.obj
LOAD CMakeFiles/STM32Grape.elf.dir/Core/Src/freertos.c.obj
LOAD CMakeFiles/STM32Grape.elf.dir/Core/Src/gpio.c.obj
LOAD CMakeFiles/STM32Grape.elf.dir/Core/Src/main.c.obj
LOAD CMakeFiles/STM32Grape.elf.dir/Core/Src/motion.cpp.obj
LOAD CMakeFiles/STM32Grape.elf.dir/Core/Src/motor.cpp.obj
LOAD CMakeFiles/STM32Grape.elf.dir/Core/Src/pid.cpp.obj
LOAD CMakeFiles/STM32Grape.elf.dir/Core/Src/robot.c.obj
LOAD CMakeFiles/STM32Grape.elf.dir/Core/Src/stm32f4xx_hal_msp.c.obj
LOAD CMakeFiles/STM32Grape.elf.dir/Core/Src/stm32f4xx_hal_timebase_tim.c.obj
LOAD CMakeFiles/STM32Grape.elf.dir/Core/Src/stm32f4xx_it.c.obj
LOAD CMakeFiles/STM32Grape.elf.dir/Core/Src/syscalls.c.obj
LOAD CMakeFiles/STM32Grape.elf.dir/Core/Src/sysmem.c.obj
LOAD CMakeFiles/STM32Grape.elf.dir/Core/Src/system_stm32f4xx.c.obj
LOAD CMakeFiles/STM32Grape.elf.dir/Core/Src/tim.c.obj
LOAD CMakeFiles/STM32Grape.elf.dir/Core/Src/usart.c.obj
LOAD CMakeFiles/STM32Grape.elf.dir/Core/Startup/startup_stm32f407zgtx.s.obj
LOAD CMakeFiles/STM32Grape.elf.dir/Drivers/STM32F4xx_HAL_Driver/Src/stm32f4xx_hal.c.obj
LOAD CMakeFiles/STM32Grape.elf.dir/Drivers/STM32F4xx_HAL_Driver/Src/stm32f4xx_hal_cortex.c.obj
LOAD CMakeFiles/STM32Grape.elf.dir/Drivers/STM32F4xx_HAL_Driver/Src/stm32f4xx_hal_dma.c.obj
LOAD CMakeFiles/STM32Grape.elf.dir/Drivers/STM32F4xx_HAL_Driver/Src/stm32f4xx_hal_dma_ex.c.obj
LOAD CMakeFiles/STM32Grape.elf.dir/Drivers/STM32F4xx_HAL_Driver/Src/stm32f4xx_hal_exti.c.obj
LOAD CMakeFiles/STM32Grape.elf.dir/Drivers/STM32F4xx_HAL_Driver/Src/stm32f4xx_hal_flash.c.obj
LOAD CMakeFiles/STM32Grape.elf.dir/Drivers/STM32F4xx_HAL_Driver/Src/stm32f4xx_hal_flash_ex.c.obj
LOAD CMakeFiles/STM32Grape.elf.dir/Drivers/STM32F4xx_HAL_Driver/Src/stm32f4xx_hal_flash_ramfunc.c.obj
LOAD CMakeFiles/STM32Grape.elf.dir/Drivers/STM32F4xx_HAL_Driver/Src/stm32f4xx_hal_gpio.c.obj
LOAD CMakeFiles/STM32Grape.elf.dir/Drivers/STM32F4xx_HAL_Driver/Src/stm32f4xx_hal_pwr.c.obj
LOAD CMakeFiles/STM32Grape.elf.dir/Drivers/STM32F4xx_HAL_Driver/Src/stm32f4xx_hal_pwr_ex.c.obj
LOAD CMakeFiles/STM32Grape.elf.dir/Drivers/STM32F4xx_HAL_Driver/Src/stm32f4xx_hal_rcc.c.obj
LOAD CMakeFiles/STM32Grape.elf.dir/Drivers/STM32F4xx_HAL_Driver/Src/stm32f4xx_hal_rcc_ex.c.obj
LOAD CMakeFiles/STM32Grape.elf.dir/Drivers/STM32F4xx_HAL_Driver/Src/stm32f4xx_hal_tim.c.obj
LOAD CMakeFiles/STM32Grape.elf.dir/Drivers/STM32F4xx_HAL_Driver/Src/stm32f4xx_hal_tim_ex.c.obj
LOAD CMakeFiles/STM32Grape.elf.dir/Drivers/STM32F4xx_HAL_Driver/Src/stm32f4xx_hal_uart.c.obj
LOAD CMakeFiles/STM32Grape.elf.dir/Middlewares/Third_Party/FreeRTOS/Source/CMSIS_RTOS_V2/cmsis_os2.c.obj
LOAD CMakeFiles/STM32Grape.elf.dir/Middlewares/Third_Party/FreeRTOS/Source/croutine.c.obj
LOAD CMakeFiles/STM32Grape.elf.dir/Middlewares/Third_Party/FreeRTOS/Source/event_groups.c.obj
LOAD CMakeFiles/STM32Grape.elf.dir/Middlewares/Third_Party/FreeRTOS/Source/list.c.obj
LOAD CMakeFiles/STM32Grape.elf.dir/Middlewares/Third_Party/FreeRTOS/Source/portable/GCC/ARM_CM4F/port.c.obj
LOAD CMakeFiles/STM32Grape.elf.dir/Middlewares/Third_Party/FreeRTOS/Source/portable/MemMang/heap_4.c.obj
LOAD CMakeFiles/STM32Grape.elf.dir/Middlewares/Third_Party/FreeRTOS/Source/queue.c.obj
LOAD CMakeFiles/STM32Grape.elf.dir/Middlewares/Third_Party/FreeRTOS/Source/stream_buffer.c.obj
LOAD CMakeFiles/STM32Grape.elf.dir/Middlewares/Third_Party/FreeRTOS/Source/tasks.c.obj
LOAD CMakeFiles/STM32Grape.elf.dir/Middlewares/Third_Party/FreeRTOS/Source/timers.c.obj
LOAD /Applications/ARM/bin/../lib/gcc/arm-none-eabi/10.3.1/../../../../arm-none-eabi/lib/thumb/v7e-m+fp/hard/libstdc++.a
LOAD /Applications/ARM/bin/../lib/gcc/arm-none-eabi/10.3.1/../../../../arm-none-eabi/lib/thumb/v7e-m+fp/hard/libm.a
START GROUP
LOAD /Applications/ARM/bin/../lib/gcc/arm-none-eabi/10.3.1/thumb/v7e-m+fp/hard/libgcc.a
LOAD /Applications/ARM/bin/../lib/gcc/arm-none-eabi/10.3.1/../../../../arm-none-eabi/lib/thumb/v7e-m+fp/hard/libg.a
LOAD /Applications/ARM/bin/../lib/gcc/arm-none-eabi/10.3.1/../../../../arm-none-eabi/lib/thumb/v7e-m+fp/hard/libc.a
END GROUP
LOAD /Applications/ARM/bin/../lib/gcc/arm-none-eabi/10.3.1/thumb/v7e-m+fp/hard/crtend.o
LOAD /Applications/ARM/bin/../lib/gcc/arm-none-eabi/10.3.1/thumb/v7e-m+fp/hard/crtn.o
                0x0000000020020000                _estack = (ORIGIN (RAM) + LENGTH (RAM))
                0x0000000000000200                _Min_Heap_Size = 0x200
                0x0000000000000400                _Min_Stack_Size = 0x400

.isr_vector     0x0000000008000000      0x188
                0x0000000008000000                . = ALIGN (0x4)
 *(.isr_vector)
 .isr_vector    0x0000000008000000      0x188 CMakeFiles/STM32Grape.elf.dir/Core/Startup/startup_stm32f407zgtx.s.obj
                0x0000000008000000                g_pfnVectors
                0x0000000008000188                . = ALIGN (0x4)

.text           0x00000000080001c0    0x19408
                0x00000000080001c0                . = ALIGN (0x4)
 *(.text)
 .text          0x00000000080001c0       0x40 /Applications/ARM/bin/../lib/gcc/arm-none-eabi/10.3.1/thumb/v7e-m+fp/hard/crtbegin.o
 .text          0x0000000008000200     0x5ee4 /Applications/ARM/bin/../lib/gcc/arm-none-eabi/10.3.1/../../../../arm-none-eabi/lib/thumb/v7e-m+fp/hard/libstdc++.a(cp-demangle.o)
                0x0000000008005ffc                __cxa_demangle
                0x00000000080060c0                __gcclibcxx_demangle_callback
 .text          0x00000000080060e4      0x378 /Applications/ARM/bin/../lib/gcc/arm-none-eabi/10.3.1/thumb/v7e-m+fp/hard/libgcc.a(_arm_addsubdf3.o)
                0x00000000080060e4                __aeabi_drsub
                0x00000000080060ec                __subdf3
                0x00000000080060ec                __aeabi_dsub
                0x00000000080060f0                __aeabi_dadd
                0x00000000080060f0                __adddf3
                0x0000000008006368                __aeabi_ui2d
                0x0000000008006368                __floatunsidf
                0x0000000008006388                __floatsidf
                0x0000000008006388                __aeabi_i2d
                0x00000000080063ac                __extendsfdf2
                0x00000000080063ac                __aeabi_f2d
                0x00000000080063f0                __aeabi_ul2d
                0x00000000080063f0                __floatundidf
                0x0000000008006400                __aeabi_l2d
                0x0000000008006400                __floatdidf
 .text          0x000000000800645c      0x110 /Applications/ARM/bin/../lib/gcc/arm-none-eabi/10.3.1/thumb/v7e-m+fp/hard/libgcc.a(_arm_cmpdf2.o)
                0x000000000800645c                __gedf2
                0x000000000800645c                __gtdf2
                0x0000000008006464                __ledf2
                0x0000000008006464                __ltdf2
                0x000000000800646c                __cmpdf2
                0x000000000800646c                __eqdf2
                0x000000000800646c                __nedf2
                0x00000000080064e8                __aeabi_cdrcmple
                0x00000000080064f8                __aeabi_cdcmple
                0x00000000080064f8                __aeabi_cdcmpeq
                0x0000000008006508                __aeabi_dcmpeq
                0x000000000800651c                __aeabi_dcmplt
                0x0000000008006530                __aeabi_dcmple
                0x0000000008006544                __aeabi_dcmpge
                0x0000000008006558                __aeabi_dcmpgt
 .text          0x000000000800656c       0x40 /Applications/ARM/bin/../lib/gcc/arm-none-eabi/10.3.1/thumb/v7e-m+fp/hard/libgcc.a(_arm_fixunsdfsi.o)
                0x000000000800656c                __fixunsdfsi
                0x000000000800656c                __aeabi_d2uiz
 .text          0x00000000080065ac       0x30 /Applications/ARM/bin/../lib/gcc/arm-none-eabi/10.3.1/thumb/v7e-m+fp/hard/libgcc.a(_aeabi_uldivmod.o)
                0x00000000080065ac                __aeabi_uldivmod
 .text          0x00000000080065dc      0x2d0 /Applications/ARM/bin/../lib/gcc/arm-none-eabi/10.3.1/thumb/v7e-m+fp/hard/libgcc.a(_udivmoddi4.o)
                0x00000000080065dc                __udivmoddi4
 .text          0x00000000080068ac      0x9d8 /Applications/ARM/bin/../lib/gcc/arm-none-eabi/10.3.1/thumb/v7e-m+fp/hard/libgcc.a(unwind-arm.o)
                0x0000000008006b54                _Unwind_GetCFA
                0x0000000008006b58                __gnu_Unwind_RaiseException
                0x0000000008006bc0                __gnu_Unwind_ForcedUnwind
                0x0000000008006bd0                __gnu_Unwind_Resume
                0x0000000008006c14                __gnu_Unwind_Resume_or_Rethrow
                0x0000000008006c24                _Unwind_Complete
                0x0000000008006c28                _Unwind_DeleteException
                0x0000000008006c34                _Unwind_VRS_Get
                0x0000000008006c80                _Unwind_VRS_Set
                0x0000000008006cc8                __gnu_Unwind_Backtrace
                0x0000000008006ff4                __aeabi_unwind_cpp_pr0
                0x0000000008006ff8                __aeabi_unwind_cpp_pr1
                0x0000000008006ffc                __aeabi_unwind_cpp_pr2
                0x0000000008007000                _Unwind_VRS_Pop
 .text          0x0000000008007284      0x1ac /Applications/ARM/bin/../lib/gcc/arm-none-eabi/10.3.1/thumb/v7e-m+fp/hard/libgcc.a(libunwind.o)
                0x0000000008007284                __restore_core_regs
                0x0000000008007284                restore_core_regs
                0x000000000800729c                __gnu_Unwind_Restore_VFP
                0x00000000080072a4                __gnu_Unwind_Save_VFP
                0x00000000080072ac                __gnu_Unwind_Restore_VFP_D
                0x00000000080072b4                __gnu_Unwind_Save_VFP_D
                0x00000000080072bc                __gnu_Unwind_Restore_VFP_D_16_to_31
                0x00000000080072c4                __gnu_Unwind_Save_VFP_D_16_to_31
                0x00000000080072cc                __gnu_Unwind_Restore_WMMXD
                0x0000000008007310                __gnu_Unwind_Save_WMMXD
                0x0000000008007354                __gnu_Unwind_Restore_WMMXC
                0x0000000008007368                __gnu_Unwind_Save_WMMXC
                0x000000000800737c                _Unwind_RaiseException
                0x000000000800737c                ___Unwind_RaiseException
                0x00000000080073a0                ___Unwind_Resume
                0x00000000080073a0                _Unwind_Resume
                0x00000000080073c4                ___Unwind_Resume_or_Rethrow
                0x00000000080073c4                _Unwind_Resume_or_Rethrow
                0x00000000080073e8                _Unwind_ForcedUnwind
                0x00000000080073e8                ___Unwind_ForcedUnwind
                0x000000000800740c                _Unwind_Backtrace
                0x000000000800740c                ___Unwind_Backtrace
 .text          0x0000000008007430      0x350 /Applications/ARM/bin/../lib/gcc/arm-none-eabi/10.3.1/thumb/v7e-m+fp/hard/libgcc.a(pr-support.o)
                0x0000000008007488                __gnu_unwind_execute
                0x0000000008007734                __gnu_unwind_frame
                0x0000000008007760                _Unwind_GetRegionStart
                0x000000000800776c                _Unwind_GetLanguageSpecificData
 .text          0x0000000008007780        0x4 /Applications/ARM/bin/../lib/gcc/arm-none-eabi/10.3.1/thumb/v7e-m+fp/hard/libgcc.a(_dvmd_tls.o)
                0x0000000008007780                __aeabi_ldiv0
                0x0000000008007780                __aeabi_idiv0
 *fill*         0x0000000008007784        0xc 
 .text          0x0000000008007790       0xa0 /Applications/ARM/bin/../lib/gcc/arm-none-eabi/10.3.1/../../../../arm-none-eabi/lib/thumb/v7e-m+fp/hard/libg.a(lib_a-memchr.o)
                0x0000000008007790                memchr
 .text          0x0000000008007830      0x134 /Applications/ARM/bin/../lib/gcc/arm-none-eabi/10.3.1/../../../../arm-none-eabi/lib/thumb/v7e-m+fp/hard/libg.a(lib_a-memcpy.o)
                0x0000000008007830                memcpy
 *fill*         0x0000000008007964       0x1c 
 .text          0x0000000008007980      0x2dc /Applications/ARM/bin/../lib/gcc/arm-none-eabi/10.3.1/../../../../arm-none-eabi/lib/thumb/v7e-m+fp/hard/libg.a(lib_a-strcmp.o)
                0x0000000008007988                strcmp
 *fill*         0x0000000008007c5c       0x24 
 .text          0x0000000008007c80       0xdc /Applications/ARM/bin/../lib/gcc/arm-none-eabi/10.3.1/../../../../arm-none-eabi/lib/thumb/v7e-m+fp/hard/libg.a(lib_a-strlen.o)
                0x0000000008007c80                strlen
 .text          0x0000000008007d5c      0x424 /Applications/ARM/bin/../lib/gcc/arm-none-eabi/10.3.1/thumb/v7e-m+fp/hard/libgcc.a(_arm_muldivdf3.o)
                0x0000000008007d5c                __aeabi_dmul
                0x0000000008007d5c                __muldf3
                0x0000000008007fb0                __aeabi_ddiv
                0x0000000008007fb0                __divdf3
 .text          0x0000000008008180       0x2c /Applications/ARM/bin/../lib/gcc/arm-none-eabi/10.3.1/thumb/v7e-m+fp/hard/libgcc.a(_arm_unorddf2.o)
                0x0000000008008180                __aeabi_dcmpun
                0x0000000008008180                __unorddf2
 .text          0x00000000080081ac       0x50 /Applications/ARM/bin/../lib/gcc/arm-none-eabi/10.3.1/thumb/v7e-m+fp/hard/libgcc.a(_arm_fixdfsi.o)
                0x00000000080081ac                __fixdfsi
                0x00000000080081ac                __aeabi_d2iz
 .text          0x00000000080081fc       0xa0 /Applications/ARM/bin/../lib/gcc/arm-none-eabi/10.3.1/thumb/v7e-m+fp/hard/libgcc.a(_arm_truncdfsf2.o)
                0x00000000080081fc                __aeabi_d2f
                0x00000000080081fc                __truncdfsf2
 .text          0x000000000800829c       0x30 /Applications/ARM/bin/../lib/gcc/arm-none-eabi/10.3.1/thumb/v7e-m+fp/hard/libgcc.a(_fixdfdi.o)
                0x000000000800829c                __aeabi_d2lz
                0x000000000800829c                __fixdfdi
 .text          0x00000000080082cc       0x3c /Applications/ARM/bin/../lib/gcc/arm-none-eabi/10.3.1/thumb/v7e-m+fp/hard/libgcc.a(_fixunsdfdi.o)
                0x00000000080082cc                __aeabi_d2ulz
                0x00000000080082cc                __fixunsdfdi
 *(.text*)
 .text._Z14Motor1Callbackd
                0x0000000008008308       0x80 CMakeFiles/STM32Grape.elf.dir/Core/Src/RobotMain.cpp.obj
                0x0000000008008308                Motor1Callback(double)
 .text._Z14Motor2Callbackd
                0x0000000008008388       0x80 CMakeFiles/STM32Grape.elf.dir/Core/Src/RobotMain.cpp.obj
                0x0000000008008388                Motor2Callback(double)
 .text._Z14Motor3Callbackd
                0x0000000008008408       0x80 CMakeFiles/STM32Grape.elf.dir/Core/Src/RobotMain.cpp.obj
                0x0000000008008408                Motor3Callback(double)
 .text._Z14Motor4Callbackd
                0x0000000008008488       0x80 CMakeFiles/STM32Grape.elf.dir/Core/Src/RobotMain.cpp.obj
                0x0000000008008488                Motor4Callback(double)
 .text._Z41__static_initialization_and_destruction_0ii
                0x0000000008008508       0x90 CMakeFiles/STM32Grape.elf.dir/Core/Src/RobotMain.cpp.obj
 .text.RobotInit
                0x0000000008008598      0x1d4 CMakeFiles/STM32Grape.elf.dir/Core/Src/RobotMain.cpp.obj
                0x0000000008008598                RobotInit
 .text.RobotTick
                0x000000000800876c       0x88 CMakeFiles/STM32Grape.elf.dir/Core/Src/RobotMain.cpp.obj
                0x000000000800876c                RobotTick
 .text.RobotMove
                0x00000000080087f4       0x10 CMakeFiles/STM32Grape.elf.dir/Core/Src/RobotMain.cpp.obj
                0x00000000080087f4                RobotMove
 .text.RobotMoveX
                0x0000000008008804       0x34 CMakeFiles/STM32Grape.elf.dir/Core/Src/RobotMain.cpp.obj
                0x0000000008008804                RobotMoveX
 .text.RobotMoveY
                0x0000000008008838       0x34 CMakeFiles/STM32Grape.elf.dir/Core/Src/RobotMain.cpp.obj
                0x0000000008008838                RobotMoveY
 .text.RobotMoveZ
                0x000000000800886c       0x34 CMakeFiles/STM32Grape.elf.dir/Core/Src/RobotMain.cpp.obj
                0x000000000800886c                RobotMoveZ
 .text.RobotStop
                0x00000000080088a0       0x18 CMakeFiles/STM32Grape.elf.dir/Core/Src/RobotMain.cpp.obj
                0x00000000080088a0                RobotStop
 .text._GLOBAL__sub_I_encodingMotor1
                0x00000000080088b8        0xe CMakeFiles/STM32Grape.elf.dir/Core/Src/RobotMain.cpp.obj
 *fill*         0x00000000080088c6        0x2 
 .text.StartDefaultTask
                0x00000000080088c8       0x64 CMakeFiles/STM32Grape.elf.dir/Core/Src/freertos.c.obj
                0x00000000080088c8                StartDefaultTask
 .text.startsWith
                0x000000000800892c       0x36 CMakeFiles/STM32Grape.elf.dir/Core/Src/freertos.c.obj
                0x000000000800892c                startsWith
 *fill*         0x0000000008008962        0x2 
 .text.RobotMotion
                0x0000000008008964      0x168 CMakeFiles/STM32Grape.elf.dir/Core/Src/freertos.c.obj
                0x0000000008008964                RobotMotion
 .text.MX_FREERTOS_Init
                0x0000000008008acc       0x60 CMakeFiles/STM32Grape.elf.dir/Core/Src/freertos.c.obj
                0x0000000008008acc                MX_FREERTOS_Init
 .text.MX_GPIO_Init
                0x0000000008008b2c       0xdc CMakeFiles/STM32Grape.elf.dir/Core/Src/gpio.c.obj
                0x0000000008008b2c                MX_GPIO_Init
 .text.HAL_UART_RxCpltCallback
                0x0000000008008c08       0x18 CMakeFiles/STM32Grape.elf.dir/Core/Src/main.c.obj
                0x0000000008008c08                HAL_UART_RxCpltCallback
 .text.HAL_TIM_PeriodElapsedCallback
                0x0000000008008c20       0x2c CMakeFiles/STM32Grape.elf.dir/Core/Src/main.c.obj
                0x0000000008008c20                HAL_TIM_PeriodElapsedCallback
 .text.Error_Handler
                0x0000000008008c4c        0x4 CMakeFiles/STM32Grape.elf.dir/Core/Src/main.c.obj
                0x0000000008008c4c                Error_Handler
 .text.SystemClock_Config
                0x0000000008008c50       0xa0 CMakeFiles/STM32Grape.elf.dir/Core/Src/main.c.obj
                0x0000000008008c50                SystemClock_Config
 .text.main     0x0000000008008cf0       0xac CMakeFiles/STM32Grape.elf.dir/Core/Src/main.c.obj
                0x0000000008008cf0                main
 *fill*         0x0000000008008d9c        0x4 
 .text._ZN3RDK13MecanumMotionC2Ev
                0x0000000008008da0       0xc0 CMakeFiles/STM32Grape.elf.dir/Core/Src/motion.cpp.obj
                0x0000000008008da0                RDK::MecanumMotion::MecanumMotion()
                0x0000000008008da0                RDK::MecanumMotion::MecanumMotion()
 .text._ZN3RDK13MecanumMotionD2Ev
                0x0000000008008e60        0x2 CMakeFiles/STM32Grape.elf.dir/Core/Src/motion.cpp.obj
                0x0000000008008e60                RDK::MecanumMotion::~MecanumMotion()
                0x0000000008008e60                RDK::MecanumMotion::~MecanumMotion()
 .text._ZN3RDK13MecanumMotion17SetEncodingMotor1EPNS_13EncodingMotorE
                0x0000000008008e62        0x4 CMakeFiles/STM32Grape.elf.dir/Core/Src/motion.cpp.obj
                0x0000000008008e62                RDK::MecanumMotion::SetEncodingMotor1(RDK::EncodingMotor*)
 .text._ZN3RDK13MecanumMotion17SetEncodingMotor2EPNS_13EncodingMotorE
                0x0000000008008e66        0x4 CMakeFiles/STM32Grape.elf.dir/Core/Src/motion.cpp.obj
                0x0000000008008e66                RDK::MecanumMotion::SetEncodingMotor2(RDK::EncodingMotor*)
 .text._ZN3RDK13MecanumMotion17SetEncodingMotor3EPNS_13EncodingMotorE
                0x0000000008008e6a        0x4 CMakeFiles/STM32Grape.elf.dir/Core/Src/motion.cpp.obj
                0x0000000008008e6a                RDK::MecanumMotion::SetEncodingMotor3(RDK::EncodingMotor*)
 .text._ZN3RDK13MecanumMotion17SetEncodingMotor4EPNS_13EncodingMotorE
                0x0000000008008e6e        0x4 CMakeFiles/STM32Grape.elf.dir/Core/Src/motion.cpp.obj
                0x0000000008008e6e                RDK::MecanumMotion::SetEncodingMotor4(RDK::EncodingMotor*)
 .text._ZN3RDK13MecanumMotion10ClearSpeedEv
                0x0000000008008e72       0x16 CMakeFiles/STM32Grape.elf.dir/Core/Src/motion.cpp.obj
                0x0000000008008e72                RDK::MecanumMotion::ClearSpeed()
 .text._ZN3RDK13MecanumMotion9AddXSpeedEd
                0x0000000008008e88       0x4c CMakeFiles/STM32Grape.elf.dir/Core/Src/motion.cpp.obj
                0x0000000008008e88                RDK::MecanumMotion::AddXSpeed(double)
 .text._ZN3RDK13MecanumMotion9AddYSpeedEd
                0x0000000008008ed4       0x4c CMakeFiles/STM32Grape.elf.dir/Core/Src/motion.cpp.obj
                0x0000000008008ed4                RDK::MecanumMotion::AddYSpeed(double)
 .text._ZN3RDK13MecanumMotion9AddZSpeedEd
                0x0000000008008f20       0x4c CMakeFiles/STM32Grape.elf.dir/Core/Src/motion.cpp.obj
                0x0000000008008f20                RDK::MecanumMotion::AddZSpeed(double)
 .text._ZN3RDK13MecanumMotion11CommitSpeedEv
                0x0000000008008f6c       0x36 CMakeFiles/STM32Grape.elf.dir/Core/Src/motion.cpp.obj
                0x0000000008008f6c                RDK::MecanumMotion::CommitSpeed()
 *fill*         0x0000000008008fa2        0x2 
 .text._ZN3RDK13MecanumMotion4MoveEddd
                0x0000000008008fa4      0x3e0 CMakeFiles/STM32Grape.elf.dir/Core/Src/motion.cpp.obj
                0x0000000008008fa4                RDK::MecanumMotion::Move(double, double, double)
 .text._ZN3RDK13EncodingMotorC2Ev
                0x0000000008009384       0x2e CMakeFiles/STM32Grape.elf.dir/Core/Src/motor.cpp.obj
                0x0000000008009384                RDK::EncodingMotor::EncodingMotor()
                0x0000000008009384                RDK::EncodingMotor::EncodingMotor()
 .text._ZN3RDK13EncodingMotorD2Ev
                0x00000000080093b2        0xe CMakeFiles/STM32Grape.elf.dir/Core/Src/motor.cpp.obj
                0x00000000080093b2                RDK::EncodingMotor::~EncodingMotor()
                0x00000000080093b2                RDK::EncodingMotor::~EncodingMotor()
 .text._ZN3RDK13EncodingMotor6SetPIDEddd
                0x00000000080093c0       0x42 CMakeFiles/STM32Grape.elf.dir/Core/Src/motor.cpp.obj
                0x00000000080093c0                RDK::EncodingMotor::SetPID(double, double, double)
 .text._ZN3RDK13EncodingMotor14SetOutputRangeEdd
                0x0000000008009402       0x18 CMakeFiles/STM32Grape.elf.dir/Core/Src/motor.cpp.obj
                0x0000000008009402                RDK::EncodingMotor::SetOutputRange(double, double)
 .text._ZN3RDK13EncodingMotor10SetReverseEb
                0x000000000800941a        0x4 CMakeFiles/STM32Grape.elf.dir/Core/Src/motor.cpp.obj
                0x000000000800941a                RDK::EncodingMotor::SetReverse(bool)
 .text._ZN3RDK13EncodingMotor8SetSpeedEd
                0x000000000800941e       0x1e CMakeFiles/STM32Grape.elf.dir/Core/Src/motor.cpp.obj
                0x000000000800941e                RDK::EncodingMotor::SetSpeed(double)
 .text._ZN3RDK13EncodingMotor11SetCallbackEPFvdE
                0x000000000800943c        0x4 CMakeFiles/STM32Grape.elf.dir/Core/Src/motor.cpp.obj
                0x000000000800943c                RDK::EncodingMotor::SetCallback(void (*)(double))
 .text._ZN3RDK13EncodingMotor8AddPulseEi
                0x0000000008009440       0x26 CMakeFiles/STM32Grape.elf.dir/Core/Src/motor.cpp.obj
                0x0000000008009440                RDK::EncodingMotor::AddPulse(int)
 .text._ZNV3RDK13EncodingMotor8GetPulseEv
                0x0000000008009466        0x4 CMakeFiles/STM32Grape.elf.dir/Core/Src/motor.cpp.obj
                0x0000000008009466                RDK::EncodingMotor::GetPulse() volatile
 .text._ZN3RDK13EncodingMotor10ClearPulseEv
                0x000000000800946a        0x8 CMakeFiles/STM32Grape.elf.dir/Core/Src/motor.cpp.obj
                0x000000000800946a                RDK::EncodingMotor::ClearPulse()
 .text._ZN3RDK13EncodingMotor4TickEv
                0x0000000008009472       0x1c CMakeFiles/STM32Grape.elf.dir/Core/Src/motor.cpp.obj
                0x0000000008009472                RDK::EncodingMotor::Tick()
 .text._ZN3RDK3PID10CheckRangeEdRKSt4pairIddE
                0x000000000800948e       0x50 CMakeFiles/STM32Grape.elf.dir/Core/Src/pid.cpp.obj
                0x000000000800948e                RDK::PID::CheckRange(double, std::pair<double, double> const&)
 *fill*         0x00000000080094de        0x2 
 .text._ZN3RDK3PIDC2Ev
                0x00000000080094e0       0x30 CMakeFiles/STM32Grape.elf.dir/Core/Src/pid.cpp.obj
                0x00000000080094e0                RDK::PID::PID()
                0x00000000080094e0                RDK::PID::PID()
 .text._ZN3RDK3PIDC2ENS_7PIDTypeEddd
                0x0000000008009510       0x40 CMakeFiles/STM32Grape.elf.dir/Core/Src/pid.cpp.obj
                0x0000000008009510                RDK::PID::PID(RDK::PIDType, double, double, double)
                0x0000000008009510                RDK::PID::PID(RDK::PIDType, double, double, double)
 .text._ZN3RDK3PIDD2Ev
                0x0000000008009550        0x2 CMakeFiles/STM32Grape.elf.dir/Core/Src/pid.cpp.obj
                0x0000000008009550                RDK::PID::~PID()
                0x0000000008009550                RDK::PID::~PID()
 .text._ZN3RDK3PID10SetPIDTypeENS_7PIDTypeE
                0x0000000008009552        0x6 CMakeFiles/STM32Grape.elf.dir/Core/Src/pid.cpp.obj
                0x0000000008009552                RDK::PID::SetPIDType(RDK::PIDType)
 .text._ZN3RDK3PID5SetKpEd
                0x0000000008009558        0x6 CMakeFiles/STM32Grape.elf.dir/Core/Src/pid.cpp.obj
                0x0000000008009558                RDK::PID::SetKp(double)
 .text._ZN3RDK3PID5SetKiEd
                0x000000000800955e        0x6 CMakeFiles/STM32Grape.elf.dir/Core/Src/pid.cpp.obj
                0x000000000800955e                RDK::PID::SetKi(double)
 .text._ZN3RDK3PID5SetKdEd
                0x0000000008009564        0x6 CMakeFiles/STM32Grape.elf.dir/Core/Src/pid.cpp.obj
                0x0000000008009564                RDK::PID::SetKd(double)
 .text._ZN3RDK3PID8SetInputEd
                0x000000000800956a        0x6 CMakeFiles/STM32Grape.elf.dir/Core/Src/pid.cpp.obj
                0x000000000800956a                RDK::PID::SetInput(double)
 .text._ZN3RDK3PID9SetTargetEd
                0x0000000008009570        0x6 CMakeFiles/STM32Grape.elf.dir/Core/Src/pid.cpp.obj
                0x0000000008009570                RDK::PID::SetTarget(double)
 .text._ZN3RDK3PID9GetOutputEv
                0x0000000008009576        0x6 CMakeFiles/STM32Grape.elf.dir/Core/Src/pid.cpp.obj
                0x0000000008009576                RDK::PID::GetOutput()
 .text._ZN3RDK3PID18SetTotalErrorRangeEdd
                0x000000000800957c       0x4a CMakeFiles/STM32Grape.elf.dir/Core/Src/pid.cpp.obj
                0x000000000800957c                RDK::PID::SetTotalErrorRange(double, double)
 .text._ZN3RDK3PID18GetTotalErrorRangeEv
                0x00000000080095c6       0x1a CMakeFiles/STM32Grape.elf.dir/Core/Src/pid.cpp.obj
                0x00000000080095c6                RDK::PID::GetTotalErrorRange()
 .text._ZN3RDK3PID14SetOutputRangeEdd
                0x00000000080095e0       0x4a CMakeFiles/STM32Grape.elf.dir/Core/Src/pid.cpp.obj
                0x00000000080095e0                RDK::PID::SetOutputRange(double, double)
 .text._ZN3RDK3PID14GetOutputRangeEv
                0x000000000800962a       0x1a CMakeFiles/STM32Grape.elf.dir/Core/Src/pid.cpp.obj
                0x000000000800962a                RDK::PID::GetOutputRange()
 .text._ZN3RDK3PID7IncTickEv
                0x0000000008009644       0xe8 CMakeFiles/STM32Grape.elf.dir/Core/Src/pid.cpp.obj
                0x0000000008009644                RDK::PID::IncTick()
 .text._ZN3RDK3PID7PosTickEv
                0x000000000800972c       0xe2 CMakeFiles/STM32Grape.elf.dir/Core/Src/pid.cpp.obj
                0x000000000800972c                RDK::PID::PosTick()
 .text._ZN3RDK3PID4TickEv
                0x000000000800980e       0x22 CMakeFiles/STM32Grape.elf.dir/Core/Src/pid.cpp.obj
                0x000000000800980e                RDK::PID::Tick()
 .text.Robot_RxCpltCallback
                0x0000000008009830       0x78 CMakeFiles/STM32Grape.elf.dir/Core/Src/robot.c.obj
                0x0000000008009830                Robot_RxCpltCallback
 .text.HAL_MspInit
                0x00000000080098a8       0x44 CMakeFiles/STM32Grape.elf.dir/Core/Src/stm32f4xx_hal_msp.c.obj
                0x00000000080098a8                HAL_MspInit
 .text.HAL_InitTick
                0x00000000080098ec       0x7c CMakeFiles/STM32Grape.elf.dir/Core/Src/stm32f4xx_hal_timebase_tim.c.obj
                0x00000000080098ec                HAL_InitTick
 .text.NMI_Handler
                0x0000000008009968        0x2 CMakeFiles/STM32Grape.elf.dir/Core/Src/stm32f4xx_it.c.obj
                0x0000000008009968                NMI_Handler
 .text.HardFault_Handler
                0x000000000800996a        0x2 CMakeFiles/STM32Grape.elf.dir/Core/Src/stm32f4xx_it.c.obj
                0x000000000800996a                HardFault_Handler
 .text.MemManage_Handler
                0x000000000800996c        0x2 CMakeFiles/STM32Grape.elf.dir/Core/Src/stm32f4xx_it.c.obj
                0x000000000800996c                MemManage_Handler
 .text.BusFault_Handler
                0x000000000800996e        0x2 CMakeFiles/STM32Grape.elf.dir/Core/Src/stm32f4xx_it.c.obj
                0x000000000800996e                BusFault_Handler
 .text.UsageFault_Handler
                0x0000000008009970        0x2 CMakeFiles/STM32Grape.elf.dir/Core/Src/stm32f4xx_it.c.obj
                0x0000000008009970                UsageFault_Handler
 .text.DebugMon_Handler
                0x0000000008009972        0x2 CMakeFiles/STM32Grape.elf.dir/Core/Src/stm32f4xx_it.c.obj
                0x0000000008009972                DebugMon_Handler
 .text.USART1_IRQHandler
                0x0000000008009974       0x10 CMakeFiles/STM32Grape.elf.dir/Core/Src/stm32f4xx_it.c.obj
                0x0000000008009974                USART1_IRQHandler
 .text.TIM6_DAC_IRQHandler
                0x0000000008009984       0x10 CMakeFiles/STM32Grape.elf.dir/Core/Src/stm32f4xx_it.c.obj
                0x0000000008009984                TIM6_DAC_IRQHandler
 .text.TIM7_IRQHandler
                0x0000000008009994       0x10 CMakeFiles/STM32Grape.elf.dir/Core/Src/stm32f4xx_it.c.obj
                0x0000000008009994                TIM7_IRQHandler
 .text._getpid  0x00000000080099a4        0x4 CMakeFiles/STM32Grape.elf.dir/Core/Src/syscalls.c.obj
                0x00000000080099a4                _getpid
 .text._kill    0x00000000080099a8       0x10 CMakeFiles/STM32Grape.elf.dir/Core/Src/syscalls.c.obj
                0x00000000080099a8                _kill
 .text._exit    0x00000000080099b8        0xc CMakeFiles/STM32Grape.elf.dir/Core/Src/syscalls.c.obj
                0x00000000080099b8                _exit
 .text._read    0x00000000080099c4       0x20 CMakeFiles/STM32Grape.elf.dir/Core/Src/syscalls.c.obj
                0x00000000080099c4                _read
 .text._write   0x00000000080099e4       0x1c CMakeFiles/STM32Grape.elf.dir/Core/Src/syscalls.c.obj
                0x00000000080099e4                _write
 .text._close   0x0000000008009a00        0x6 CMakeFiles/STM32Grape.elf.dir/Core/Src/syscalls.c.obj
                0x0000000008009a00                _close
 .text._fstat   0x0000000008009a06        0xa CMakeFiles/STM32Grape.elf.dir/Core/Src/syscalls.c.obj
                0x0000000008009a06                _fstat
 .text._isatty  0x0000000008009a10        0x4 CMakeFiles/STM32Grape.elf.dir/Core/Src/syscalls.c.obj
                0x0000000008009a10                _isatty
 .text._lseek   0x0000000008009a14        0x4 CMakeFiles/STM32Grape.elf.dir/Core/Src/syscalls.c.obj
                0x0000000008009a14                _lseek
 .text._sbrk    0x0000000008009a18       0x48 CMakeFiles/STM32Grape.elf.dir/Core/Src/sysmem.c.obj
                0x0000000008009a18                _sbrk
 .text.SystemInit
                0x0000000008009a60       0x14 CMakeFiles/STM32Grape.elf.dir/Core/Src/system_stm32f4xx.c.obj
                0x0000000008009a60                SystemInit
 .text.MX_TIM2_Init
                0x0000000008009a74       0x64 CMakeFiles/STM32Grape.elf.dir/Core/Src/tim.c.obj
                0x0000000008009a74                MX_TIM2_Init
 .text.MX_TIM3_Init
                0x0000000008009ad8       0x64 CMakeFiles/STM32Grape.elf.dir/Core/Src/tim.c.obj
                0x0000000008009ad8                MX_TIM3_Init
 .text.MX_TIM4_Init
                0x0000000008009b3c       0x64 CMakeFiles/STM32Grape.elf.dir/Core/Src/tim.c.obj
                0x0000000008009b3c                MX_TIM4_Init
 .text.MX_TIM7_Init
                0x0000000008009ba0       0x50 CMakeFiles/STM32Grape.elf.dir/Core/Src/tim.c.obj
                0x0000000008009ba0                MX_TIM7_Init
 .text.MX_TIM8_Init
                0x0000000008009bf0       0x68 CMakeFiles/STM32Grape.elf.dir/Core/Src/tim.c.obj
                0x0000000008009bf0                MX_TIM8_Init
 .text.HAL_TIM_Base_MspInit
                0x0000000008009c58       0x68 CMakeFiles/STM32Grape.elf.dir/Core/Src/tim.c.obj
                0x0000000008009c58                HAL_TIM_Base_MspInit
 .text.HAL_TIM_Encoder_MspInit
                0x0000000008009cc0      0x15c CMakeFiles/STM32Grape.elf.dir/Core/Src/tim.c.obj
                0x0000000008009cc0                HAL_TIM_Encoder_MspInit
 .text.HAL_TIM_MspPostInit
                0x0000000008009e1c       0x5c CMakeFiles/STM32Grape.elf.dir/Core/Src/tim.c.obj
                0x0000000008009e1c                HAL_TIM_MspPostInit
 .text.MX_TIM1_Init
                0x0000000008009e78      0x120 CMakeFiles/STM32Grape.elf.dir/Core/Src/tim.c.obj
                0x0000000008009e78                MX_TIM1_Init
 .text.MX_USART1_UART_Init
                0x0000000008009f98       0x34 CMakeFiles/STM32Grape.elf.dir/Core/Src/usart.c.obj
                0x0000000008009f98                MX_USART1_UART_Init
 .text.HAL_UART_MspInit
                0x0000000008009fcc       0x80 CMakeFiles/STM32Grape.elf.dir/Core/Src/usart.c.obj
                0x0000000008009fcc                HAL_UART_MspInit
 .text.Reset_Handler
                0x000000000800a04c       0x50 CMakeFiles/STM32Grape.elf.dir/Core/Startup/startup_stm32f407zgtx.s.obj
                0x000000000800a04c                Reset_Handler
 .text.Default_Handler
                0x000000000800a09c        0x2 CMakeFiles/STM32Grape.elf.dir/Core/Startup/startup_stm32f407zgtx.s.obj
                0x000000000800a09c                DMA1_Stream3_IRQHandler
                0x000000000800a09c                HASH_RNG_IRQHandler
                0x000000000800a09c                EXTI2_IRQHandler
                0x000000000800a09c                TIM8_CC_IRQHandler
                0x000000000800a09c                TIM1_CC_IRQHandler
                0x000000000800a09c                DMA2_Stream5_IRQHandler
                0x000000000800a09c                DMA1_Stream5_IRQHandler
                0x000000000800a09c                PVD_IRQHandler
                0x000000000800a09c                SDIO_IRQHandler
                0x000000000800a09c                TAMP_STAMP_IRQHandler
                0x000000000800a09c                CAN2_RX1_IRQHandler
                0x000000000800a09c                EXTI3_IRQHandler
                0x000000000800a09c                TIM8_TRG_COM_TIM14_IRQHandler
                0x000000000800a09c                TIM1_UP_TIM10_IRQHandler
                0x000000000800a09c                TIM8_UP_TIM13_IRQHandler
                0x000000000800a09c                I2C3_ER_IRQHandler
                0x000000000800a09c                EXTI0_IRQHandler
                0x000000000800a09c                I2C2_EV_IRQHandler
                0x000000000800a09c                DMA1_Stream2_IRQHandler
                0x000000000800a09c                CAN1_RX0_IRQHandler
                0x000000000800a09c                FPU_IRQHandler
                0x000000000800a09c                OTG_HS_WKUP_IRQHandler
                0x000000000800a09c                CAN2_SCE_IRQHandler
                0x000000000800a09c                DMA2_Stream2_IRQHandler
                0x000000000800a09c                SPI1_IRQHandler
                0x000000000800a09c                TIM1_BRK_TIM9_IRQHandler
                0x000000000800a09c                DCMI_IRQHandler
                0x000000000800a09c                CAN2_RX0_IRQHandler
                0x000000000800a09c                DMA2_Stream3_IRQHandler
                0x000000000800a09c                USART6_IRQHandler
                0x000000000800a09c                USART3_IRQHandler
                0x000000000800a09c                CAN1_RX1_IRQHandler
                0x000000000800a09c                UART5_IRQHandler
                0x000000000800a09c                DMA2_Stream0_IRQHandler
                0x000000000800a09c                TIM4_IRQHandler
                0x000000000800a09c                I2C1_EV_IRQHandler
                0x000000000800a09c                DMA1_Stream6_IRQHandler
                0x000000000800a09c                DMA1_Stream1_IRQHandler
                0x000000000800a09c                UART4_IRQHandler
                0x000000000800a09c                TIM3_IRQHandler
                0x000000000800a09c                RCC_IRQHandler
                0x000000000800a09c                TIM8_BRK_TIM12_IRQHandler
                0x000000000800a09c                Default_Handler
                0x000000000800a09c                EXTI15_10_IRQHandler
                0x000000000800a09c                ADC_IRQHandler
                0x000000000800a09c                DMA1_Stream7_IRQHandler
                0x000000000800a09c                CAN2_TX_IRQHandler
                0x000000000800a09c                TIM5_IRQHandler
                0x000000000800a09c                DMA2_Stream7_IRQHandler
                0x000000000800a09c                I2C3_EV_IRQHandler
                0x000000000800a09c                EXTI9_5_IRQHandler
                0x000000000800a09c                RTC_WKUP_IRQHandler
                0x000000000800a09c                ETH_WKUP_IRQHandler
                0x000000000800a09c                SPI2_IRQHandler
                0x000000000800a09c                OTG_HS_EP1_IN_IRQHandler
                0x000000000800a09c                DMA1_Stream0_IRQHandler
                0x000000000800a09c                CAN1_TX_IRQHandler
                0x000000000800a09c                EXTI4_IRQHandler
                0x000000000800a09c                FSMC_IRQHandler
                0x000000000800a09c                ETH_IRQHandler
                0x000000000800a09c                OTG_HS_EP1_OUT_IRQHandler
                0x000000000800a09c                WWDG_IRQHandler
                0x000000000800a09c                TIM2_IRQHandler
                0x000000000800a09c                OTG_FS_WKUP_IRQHandler
                0x000000000800a09c                TIM1_TRG_COM_TIM11_IRQHandler
                0x000000000800a09c                OTG_HS_IRQHandler
                0x000000000800a09c                EXTI1_IRQHandler
                0x000000000800a09c                USART2_IRQHandler
                0x000000000800a09c                I2C2_ER_IRQHandler
                0x000000000800a09c                DMA2_Stream1_IRQHandler
                0x000000000800a09c                CAN1_SCE_IRQHandler
                0x000000000800a09c                FLASH_IRQHandler
                0x000000000800a09c                DMA2_Stream4_IRQHandler
                0x000000000800a09c                OTG_FS_IRQHandler
                0x000000000800a09c                SPI3_IRQHandler
                0x000000000800a09c                DMA1_Stream4_IRQHandler
                0x000000000800a09c                I2C1_ER_IRQHandler
                0x000000000800a09c                DMA2_Stream6_IRQHandler
                0x000000000800a09c                RTC_Alarm_IRQHandler
 *fill*         0x000000000800a09e        0x2 
 .text.HAL_Init
                0x000000000800a0a0       0x34 CMakeFiles/STM32Grape.elf.dir/Drivers/STM32F4xx_HAL_Driver/Src/stm32f4xx_hal.c.obj
                0x000000000800a0a0                HAL_Init
 .text.HAL_IncTick
                0x000000000800a0d4       0x18 CMakeFiles/STM32Grape.elf.dir/Drivers/STM32F4xx_HAL_Driver/Src/stm32f4xx_hal.c.obj
                0x000000000800a0d4                HAL_IncTick
 .text.HAL_GetTick
                0x000000000800a0ec        0xc CMakeFiles/STM32Grape.elf.dir/Drivers/STM32F4xx_HAL_Driver/Src/stm32f4xx_hal.c.obj
                0x000000000800a0ec                HAL_GetTick
 .text.HAL_NVIC_SetPriorityGrouping
                0x000000000800a0f8       0x24 CMakeFiles/STM32Grape.elf.dir/Drivers/STM32F4xx_HAL_Driver/Src/stm32f4xx_hal_cortex.c.obj
                0x000000000800a0f8                HAL_NVIC_SetPriorityGrouping
 .text.HAL_NVIC_SetPriority
                0x000000000800a11c       0x70 CMakeFiles/STM32Grape.elf.dir/Drivers/STM32F4xx_HAL_Driver/Src/stm32f4xx_hal_cortex.c.obj
                0x000000000800a11c                HAL_NVIC_SetPriority
 .text.HAL_NVIC_EnableIRQ
                0x000000000800a18c       0x1c CMakeFiles/STM32Grape.elf.dir/Drivers/STM32F4xx_HAL_Driver/Src/stm32f4xx_hal_cortex.c.obj
                0x000000000800a18c                HAL_NVIC_EnableIRQ
 .text.HAL_DMA_Abort
                0x000000000800a1a8       0x94 CMakeFiles/STM32Grape.elf.dir/Drivers/STM32F4xx_HAL_Driver/Src/stm32f4xx_hal_dma.c.obj
                0x000000000800a1a8                HAL_DMA_Abort
 .text.HAL_DMA_Abort_IT
                0x000000000800a23c       0x26 CMakeFiles/STM32Grape.elf.dir/Drivers/STM32F4xx_HAL_Driver/Src/stm32f4xx_hal_dma.c.obj
                0x000000000800a23c                HAL_DMA_Abort_IT
 *fill*         0x000000000800a262        0x2 
 .text.HAL_GPIO_Init
                0x000000000800a264      0x1e4 CMakeFiles/STM32Grape.elf.dir/Drivers/STM32F4xx_HAL_Driver/Src/stm32f4xx_hal_gpio.c.obj
                0x000000000800a264                HAL_GPIO_Init
 .text.HAL_GPIO_WritePin
                0x000000000800a448        0xc CMakeFiles/STM32Grape.elf.dir/Drivers/STM32F4xx_HAL_Driver/Src/stm32f4xx_hal_gpio.c.obj
                0x000000000800a448                HAL_GPIO_WritePin
 .text.HAL_RCC_OscConfig
                0x000000000800a454      0x3f8 CMakeFiles/STM32Grape.elf.dir/Drivers/STM32F4xx_HAL_Driver/Src/stm32f4xx_hal_rcc.c.obj
                0x000000000800a454                HAL_RCC_OscConfig
 .text.HAL_RCC_GetSysClockFreq
                0x000000000800a84c       0xa4 CMakeFiles/STM32Grape.elf.dir/Drivers/STM32F4xx_HAL_Driver/Src/stm32f4xx_hal_rcc.c.obj
                0x000000000800a84c                HAL_RCC_GetSysClockFreq
 .text.HAL_RCC_ClockConfig
                0x000000000800a8f0      0x160 CMakeFiles/STM32Grape.elf.dir/Drivers/STM32F4xx_HAL_Driver/Src/stm32f4xx_hal_rcc.c.obj
                0x000000000800a8f0                HAL_RCC_ClockConfig
 .text.HAL_RCC_GetHCLKFreq
                0x000000000800aa50        0xc CMakeFiles/STM32Grape.elf.dir/Drivers/STM32F4xx_HAL_Driver/Src/stm32f4xx_hal_rcc.c.obj
                0x000000000800aa50                HAL_RCC_GetHCLKFreq
 .text.HAL_RCC_GetPCLK1Freq
                0x000000000800aa5c       0x20 CMakeFiles/STM32Grape.elf.dir/Drivers/STM32F4xx_HAL_Driver/Src/stm32f4xx_hal_rcc.c.obj
                0x000000000800aa5c                HAL_RCC_GetPCLK1Freq
 .text.HAL_RCC_GetPCLK2Freq
                0x000000000800aa7c       0x20 CMakeFiles/STM32Grape.elf.dir/Drivers/STM32F4xx_HAL_Driver/Src/stm32f4xx_hal_rcc.c.obj
                0x000000000800aa7c                HAL_RCC_GetPCLK2Freq
 .text.HAL_RCC_GetClockConfig
                0x000000000800aa9c       0x3c CMakeFiles/STM32Grape.elf.dir/Drivers/STM32F4xx_HAL_Driver/Src/stm32f4xx_hal_rcc.c.obj
                0x000000000800aa9c                HAL_RCC_GetClockConfig
 .text.TIM_OC1_SetConfig
                0x000000000800aad8       0x68 CMakeFiles/STM32Grape.elf.dir/Drivers/STM32F4xx_HAL_Driver/Src/stm32f4xx_hal_tim.c.obj
 .text.TIM_OC3_SetConfig
                0x000000000800ab40       0x70 CMakeFiles/STM32Grape.elf.dir/Drivers/STM32F4xx_HAL_Driver/Src/stm32f4xx_hal_tim.c.obj
 .text.TIM_OC4_SetConfig
                0x000000000800abb0       0x50 CMakeFiles/STM32Grape.elf.dir/Drivers/STM32F4xx_HAL_Driver/Src/stm32f4xx_hal_tim.c.obj
 .text.TIM_TI1_ConfigInputStage
                0x000000000800ac00       0x26 CMakeFiles/STM32Grape.elf.dir/Drivers/STM32F4xx_HAL_Driver/Src/stm32f4xx_hal_tim.c.obj
 .text.TIM_TI2_ConfigInputStage
                0x000000000800ac26       0x28 CMakeFiles/STM32Grape.elf.dir/Drivers/STM32F4xx_HAL_Driver/Src/stm32f4xx_hal_tim.c.obj
 .text.TIM_ITRx_SetConfig
                0x000000000800ac4e       0x10 CMakeFiles/STM32Grape.elf.dir/Drivers/STM32F4xx_HAL_Driver/Src/stm32f4xx_hal_tim.c.obj
 *fill*         0x000000000800ac5e        0x2 
 .text.HAL_TIM_Base_Start_IT
                0x000000000800ac60       0x88 CMakeFiles/STM32Grape.elf.dir/Drivers/STM32F4xx_HAL_Driver/Src/stm32f4xx_hal_tim.c.obj
                0x000000000800ac60                HAL_TIM_Base_Start_IT
 .text.HAL_TIM_PWM_MspInit
                0x000000000800ace8        0x2 CMakeFiles/STM32Grape.elf.dir/Drivers/STM32F4xx_HAL_Driver/Src/stm32f4xx_hal_tim.c.obj
                0x000000000800ace8                HAL_TIM_PWM_MspInit
 .text.HAL_TIM_OC_DelayElapsedCallback
                0x000000000800acea        0x2 CMakeFiles/STM32Grape.elf.dir/Drivers/STM32F4xx_HAL_Driver/Src/stm32f4xx_hal_tim.c.obj
                0x000000000800acea                HAL_TIM_OC_DelayElapsedCallback
 .text.HAL_TIM_IC_CaptureCallback
                0x000000000800acec        0x2 CMakeFiles/STM32Grape.elf.dir/Drivers/STM32F4xx_HAL_Driver/Src/stm32f4xx_hal_tim.c.obj
                0x000000000800acec                HAL_TIM_IC_CaptureCallback
 .text.HAL_TIM_PWM_PulseFinishedCallback
                0x000000000800acee        0x2 CMakeFiles/STM32Grape.elf.dir/Drivers/STM32F4xx_HAL_Driver/Src/stm32f4xx_hal_tim.c.obj
                0x000000000800acee                HAL_TIM_PWM_PulseFinishedCallback
 .text.HAL_TIM_TriggerCallback
                0x000000000800acf0        0x2 CMakeFiles/STM32Grape.elf.dir/Drivers/STM32F4xx_HAL_Driver/Src/stm32f4xx_hal_tim.c.obj
                0x000000000800acf0                HAL_TIM_TriggerCallback
 .text.HAL_TIM_IRQHandler
                0x000000000800acf2      0x17a CMakeFiles/STM32Grape.elf.dir/Drivers/STM32F4xx_HAL_Driver/Src/stm32f4xx_hal_tim.c.obj
                0x000000000800acf2                HAL_TIM_IRQHandler
 .text.TIM_Base_SetConfig
                0x000000000800ae6c       0xc8 CMakeFiles/STM32Grape.elf.dir/Drivers/STM32F4xx_HAL_Driver/Src/stm32f4xx_hal_tim.c.obj
                0x000000000800ae6c                TIM_Base_SetConfig
 .text.HAL_TIM_Base_Init
                0x000000000800af34       0x58 CMakeFiles/STM32Grape.elf.dir/Drivers/STM32F4xx_HAL_Driver/Src/stm32f4xx_hal_tim.c.obj
                0x000000000800af34                HAL_TIM_Base_Init
 .text.HAL_TIM_PWM_Init
                0x000000000800af8c       0x58 CMakeFiles/STM32Grape.elf.dir/Drivers/STM32F4xx_HAL_Driver/Src/stm32f4xx_hal_tim.c.obj
                0x000000000800af8c                HAL_TIM_PWM_Init
 .text.HAL_TIM_Encoder_Init
                0x000000000800afe4       0xb6 CMakeFiles/STM32Grape.elf.dir/Drivers/STM32F4xx_HAL_Driver/Src/stm32f4xx_hal_tim.c.obj
                0x000000000800afe4                HAL_TIM_Encoder_Init
 *fill*         0x000000000800b09a        0x2 
 .text.TIM_OC2_SetConfig
                0x000000000800b09c       0x70 CMakeFiles/STM32Grape.elf.dir/Drivers/STM32F4xx_HAL_Driver/Src/stm32f4xx_hal_tim.c.obj
                0x000000000800b09c                TIM_OC2_SetConfig
 .text.HAL_TIM_PWM_ConfigChannel
                0x000000000800b10c       0xdc CMakeFiles/STM32Grape.elf.dir/Drivers/STM32F4xx_HAL_Driver/Src/stm32f4xx_hal_tim.c.obj
                0x000000000800b10c                HAL_TIM_PWM_ConfigChannel
 .text.TIM_ETR_SetConfig
                0x000000000800b1e8       0x1a CMakeFiles/STM32Grape.elf.dir/Drivers/STM32F4xx_HAL_Driver/Src/stm32f4xx_hal_tim.c.obj
                0x000000000800b1e8                TIM_ETR_SetConfig
 .text.HAL_TIM_ConfigClockSource
                0x000000000800b202       0xfe CMakeFiles/STM32Grape.elf.dir/Drivers/STM32F4xx_HAL_Driver/Src/stm32f4xx_hal_tim.c.obj
                0x000000000800b202                HAL_TIM_ConfigClockSource
 .text.TIM_CCxChannelCmd
                0x000000000800b300       0x1e CMakeFiles/STM32Grape.elf.dir/Drivers/STM32F4xx_HAL_Driver/Src/stm32f4xx_hal_tim.c.obj
                0x000000000800b300                TIM_CCxChannelCmd
 *fill*         0x000000000800b31e        0x2 
 .text.HAL_TIM_PWM_Start
                0x000000000800b320      0x104 CMakeFiles/STM32Grape.elf.dir/Drivers/STM32F4xx_HAL_Driver/Src/stm32f4xx_hal_tim.c.obj
                0x000000000800b320                HAL_TIM_PWM_Start
 .text.HAL_TIM_Encoder_Start
                0x000000000800b424       0xcc CMakeFiles/STM32Grape.elf.dir/Drivers/STM32F4xx_HAL_Driver/Src/stm32f4xx_hal_tim.c.obj
                0x000000000800b424                HAL_TIM_Encoder_Start
 .text.HAL_TIMEx_MasterConfigSynchronization
                0x000000000800b4f0       0x8c CMakeFiles/STM32Grape.elf.dir/Drivers/STM32F4xx_HAL_Driver/Src/stm32f4xx_hal_tim_ex.c.obj
                0x000000000800b4f0                HAL_TIMEx_MasterConfigSynchronization
 .text.HAL_TIMEx_ConfigBreakDeadTime
                0x000000000800b57c       0x52 CMakeFiles/STM32Grape.elf.dir/Drivers/STM32F4xx_HAL_Driver/Src/stm32f4xx_hal_tim_ex.c.obj
                0x000000000800b57c                HAL_TIMEx_ConfigBreakDeadTime
 .text.HAL_TIMEx_CommutCallback
                0x000000000800b5ce        0x2 CMakeFiles/STM32Grape.elf.dir/Drivers/STM32F4xx_HAL_Driver/Src/stm32f4xx_hal_tim_ex.c.obj
                0x000000000800b5ce                HAL_TIMEx_CommutCallback
 .text.HAL_TIMEx_BreakCallback
                0x000000000800b5d0        0x2 CMakeFiles/STM32Grape.elf.dir/Drivers/STM32F4xx_HAL_Driver/Src/stm32f4xx_hal_tim_ex.c.obj
                0x000000000800b5d0                HAL_TIMEx_BreakCallback
 .text.UART_EndRxTransfer
                0x000000000800b5d2       0x5c CMakeFiles/STM32Grape.elf.dir/Drivers/STM32F4xx_HAL_Driver/Src/stm32f4xx_hal_uart.c.obj
 .text.UART_Transmit_IT
                0x000000000800b62e       0x60 CMakeFiles/STM32Grape.elf.dir/Drivers/STM32F4xx_HAL_Driver/Src/stm32f4xx_hal_uart.c.obj
 *fill*         0x000000000800b68e        0x2 
 .text.UART_SetConfig
                0x000000000800b690      0x110 CMakeFiles/STM32Grape.elf.dir/Drivers/STM32F4xx_HAL_Driver/Src/stm32f4xx_hal_uart.c.obj
 .text.UART_WaitOnFlagUntilTimeout
                0x000000000800b7a0       0x88 CMakeFiles/STM32Grape.elf.dir/Drivers/STM32F4xx_HAL_Driver/Src/stm32f4xx_hal_uart.c.obj
 .text.HAL_UART_Init
                0x000000000800b828       0x5e CMakeFiles/STM32Grape.elf.dir/Drivers/STM32F4xx_HAL_Driver/Src/stm32f4xx_hal_uart.c.obj
                0x000000000800b828                HAL_UART_Init
 .text.HAL_UART_Transmit
                0x000000000800b886       0xd8 CMakeFiles/STM32Grape.elf.dir/Drivers/STM32F4xx_HAL_Driver/Src/stm32f4xx_hal_uart.c.obj
                0x000000000800b886                HAL_UART_Transmit
 .text.HAL_UART_TxCpltCallback
                0x000000000800b95e        0x2 CMakeFiles/STM32Grape.elf.dir/Drivers/STM32F4xx_HAL_Driver/Src/stm32f4xx_hal_uart.c.obj
                0x000000000800b95e                HAL_UART_TxCpltCallback
 .text.UART_EndTransmit_IT
                0x000000000800b960       0x1a CMakeFiles/STM32Grape.elf.dir/Drivers/STM32F4xx_HAL_Driver/Src/stm32f4xx_hal_uart.c.obj
 .text.HAL_UART_ErrorCallback
                0x000000000800b97a        0x2 CMakeFiles/STM32Grape.elf.dir/Drivers/STM32F4xx_HAL_Driver/Src/stm32f4xx_hal_uart.c.obj
                0x000000000800b97a                HAL_UART_ErrorCallback
 .text.UART_DMAAbortOnError
                0x000000000800b97c       0x10 CMakeFiles/STM32Grape.elf.dir/Drivers/STM32F4xx_HAL_Driver/Src/stm32f4xx_hal_uart.c.obj
 .text.HAL_UARTEx_RxEventCallback
                0x000000000800b98c        0x2 CMakeFiles/STM32Grape.elf.dir/Drivers/STM32F4xx_HAL_Driver/Src/stm32f4xx_hal_uart.c.obj
                0x000000000800b98c                HAL_UARTEx_RxEventCallback
 .text.UART_Receive_IT
                0x000000000800b98e       0xe2 CMakeFiles/STM32Grape.elf.dir/Drivers/STM32F4xx_HAL_Driver/Src/stm32f4xx_hal_uart.c.obj
 .text.HAL_UART_IRQHandler
                0x000000000800ba70      0x280 CMakeFiles/STM32Grape.elf.dir/Drivers/STM32F4xx_HAL_Driver/Src/stm32f4xx_hal_uart.c.obj
                0x000000000800ba70                HAL_UART_IRQHandler
 .text.HAL_UART_GetState
                0x000000000800bcf0        0xc CMakeFiles/STM32Grape.elf.dir/Drivers/STM32F4xx_HAL_Driver/Src/stm32f4xx_hal_uart.c.obj
                0x000000000800bcf0                HAL_UART_GetState
 .text.UART_Start_Receive_IT
                0x000000000800bcfc       0x36 CMakeFiles/STM32Grape.elf.dir/Drivers/STM32F4xx_HAL_Driver/Src/stm32f4xx_hal_uart.c.obj
                0x000000000800bcfc                UART_Start_Receive_IT
 .text.HAL_UART_Receive_IT
                0x000000000800bd32       0x38 CMakeFiles/STM32Grape.elf.dir/Drivers/STM32F4xx_HAL_Driver/Src/stm32f4xx_hal_uart.c.obj
                0x000000000800bd32                HAL_UART_Receive_IT
 .text.SysTick_Handler
                0x000000000800bd6a       0x18 CMakeFiles/STM32Grape.elf.dir/Middlewares/Third_Party/FreeRTOS/Source/CMSIS_RTOS_V2/cmsis_os2.c.obj
                0x000000000800bd6a                SysTick_Handler
 *fill*         0x000000000800bd82        0x2 
 .text.osKernelInitialize
                0x000000000800bd84       0x24 CMakeFiles/STM32Grape.elf.dir/Middlewares/Third_Party/FreeRTOS/Source/CMSIS_RTOS_V2/cmsis_os2.c.obj
                0x000000000800bd84                osKernelInitialize
 .text.osKernelStart
                0x000000000800bda8       0x38 CMakeFiles/STM32Grape.elf.dir/Middlewares/Third_Party/FreeRTOS/Source/CMSIS_RTOS_V2/cmsis_os2.c.obj
                0x000000000800bda8                osKernelStart
 .text.osThreadNew
                0x000000000800bde0       0xbc CMakeFiles/STM32Grape.elf.dir/Middlewares/Third_Party/FreeRTOS/Source/CMSIS_RTOS_V2/cmsis_os2.c.obj
                0x000000000800bde0                osThreadNew
 .text.osDelay  0x000000000800be9c       0x1c CMakeFiles/STM32Grape.elf.dir/Middlewares/Third_Party/FreeRTOS/Source/CMSIS_RTOS_V2/cmsis_os2.c.obj
                0x000000000800be9c                osDelay
 .text.osMutexNew
                0x000000000800beb8       0x94 CMakeFiles/STM32Grape.elf.dir/Middlewares/Third_Party/FreeRTOS/Source/CMSIS_RTOS_V2/cmsis_os2.c.obj
                0x000000000800beb8                osMutexNew
 .text.vApplicationGetIdleTaskMemory
                0x000000000800bf4c       0x18 CMakeFiles/STM32Grape.elf.dir/Middlewares/Third_Party/FreeRTOS/Source/CMSIS_RTOS_V2/cmsis_os2.c.obj
                0x000000000800bf4c                vApplicationGetIdleTaskMemory
 .text.vApplicationGetTimerTaskMemory
                0x000000000800bf64       0x18 CMakeFiles/STM32Grape.elf.dir/Middlewares/Third_Party/FreeRTOS/Source/CMSIS_RTOS_V2/cmsis_os2.c.obj
                0x000000000800bf64                vApplicationGetTimerTaskMemory
 .text.vListInitialise
                0x000000000800bf7c       0x16 CMakeFiles/STM32Grape.elf.dir/Middlewares/Third_Party/FreeRTOS/Source/list.c.obj
                0x000000000800bf7c                vListInitialise
 .text.vListInitialiseItem
                0x000000000800bf92        0x6 CMakeFiles/STM32Grape.elf.dir/Middlewares/Third_Party/FreeRTOS/Source/list.c.obj
                0x000000000800bf92                vListInitialiseItem
 .text.vListInsertEnd
                0x000000000800bf98       0x16 CMakeFiles/STM32Grape.elf.dir/Middlewares/Third_Party/FreeRTOS/Source/list.c.obj
                0x000000000800bf98                vListInsertEnd
 .text.vListInsert
                0x000000000800bfae       0x32 CMakeFiles/STM32Grape.elf.dir/Middlewares/Third_Party/FreeRTOS/Source/list.c.obj
                0x000000000800bfae                vListInsert
 .text.uxListRemove
                0x000000000800bfe0       0x26 CMakeFiles/STM32Grape.elf.dir/Middlewares/Third_Party/FreeRTOS/Source/list.c.obj
                0x000000000800bfe0                uxListRemove
 *fill*         0x000000000800c006        0x2 
 .text.prvTaskExitError
                0x000000000800c008       0x40 CMakeFiles/STM32Grape.elf.dir/Middlewares/Third_Party/FreeRTOS/Source/portable/GCC/ARM_CM4F/port.c.obj
 .text.prvPortStartFirstTask
                0x000000000800c048       0x28 CMakeFiles/STM32Grape.elf.dir/Middlewares/Third_Party/FreeRTOS/Source/portable/GCC/ARM_CM4F/port.c.obj
 .text.vPortEnableVFP
                0x000000000800c070       0x14 CMakeFiles/STM32Grape.elf.dir/Middlewares/Third_Party/FreeRTOS/Source/portable/GCC/ARM_CM4F/port.c.obj
 .text.pxPortInitialiseStack
                0x000000000800c084       0x2c CMakeFiles/STM32Grape.elf.dir/Middlewares/Third_Party/FreeRTOS/Source/portable/GCC/ARM_CM4F/port.c.obj
                0x000000000800c084                pxPortInitialiseStack
 .text.SVC_Handler
                0x000000000800c0b0       0x24 CMakeFiles/STM32Grape.elf.dir/Middlewares/Third_Party/FreeRTOS/Source/portable/GCC/ARM_CM4F/port.c.obj
                0x000000000800c0b0                SVC_Handler
 .text.vPortEnterCritical
                0x000000000800c0d4       0x44 CMakeFiles/STM32Grape.elf.dir/Middlewares/Third_Party/FreeRTOS/Source/portable/GCC/ARM_CM4F/port.c.obj
                0x000000000800c0d4                vPortEnterCritical
 .text.vPortExitCritical
                0x000000000800c118       0x2c CMakeFiles/STM32Grape.elf.dir/Middlewares/Third_Party/FreeRTOS/Source/portable/GCC/ARM_CM4F/port.c.obj
                0x000000000800c118                vPortExitCritical
 *fill*         0x000000000800c144        0xc 
 .text.PendSV_Handler
                0x000000000800c150       0x64 CMakeFiles/STM32Grape.elf.dir/Middlewares/Third_Party/FreeRTOS/Source/portable/GCC/ARM_CM4F/port.c.obj
                0x000000000800c150                PendSV_Handler
 .text.xPortSysTickHandler
                0x000000000800c1b4       0x2c CMakeFiles/STM32Grape.elf.dir/Middlewares/Third_Party/FreeRTOS/Source/portable/GCC/ARM_CM4F/port.c.obj
                0x000000000800c1b4                xPortSysTickHandler
 .text.vPortSetupTimerInterrupt
                0x000000000800c1e0       0x28 CMakeFiles/STM32Grape.elf.dir/Middlewares/Third_Party/FreeRTOS/Source/portable/GCC/ARM_CM4F/port.c.obj
                0x000000000800c1e0                vPortSetupTimerInterrupt
 .text.xPortStartScheduler
                0x000000000800c208      0x118 CMakeFiles/STM32Grape.elf.dir/Middlewares/Third_Party/FreeRTOS/Source/portable/GCC/ARM_CM4F/port.c.obj
                0x000000000800c208                xPortStartScheduler
 .text.vPortValidateInterruptPriority
                0x000000000800c320       0x5c CMakeFiles/STM32Grape.elf.dir/Middlewares/Third_Party/FreeRTOS/Source/portable/GCC/ARM_CM4F/port.c.obj
                0x000000000800c320                vPortValidateInterruptPriority
 .text.prvHeapInit
                0x000000000800c37c       0x64 CMakeFiles/STM32Grape.elf.dir/Middlewares/Third_Party/FreeRTOS/Source/portable/MemMang/heap_4.c.obj
 .text.prvInsertBlockIntoFreeList
                0x000000000800c3e0       0x64 CMakeFiles/STM32Grape.elf.dir/Middlewares/Third_Party/FreeRTOS/Source/portable/MemMang/heap_4.c.obj
 .text.pvPortMalloc
                0x000000000800c444       0xfc CMakeFiles/STM32Grape.elf.dir/Middlewares/Third_Party/FreeRTOS/Source/portable/MemMang/heap_4.c.obj
                0x000000000800c444                pvPortMalloc
 .text.vPortFree
                0x000000000800c540       0x7c CMakeFiles/STM32Grape.elf.dir/Middlewares/Third_Party/FreeRTOS/Source/portable/MemMang/heap_4.c.obj
                0x000000000800c540                vPortFree
 .text.prvGetDisinheritPriorityAfterTimeout
                0x000000000800c5bc       0x10 CMakeFiles/STM32Grape.elf.dir/Middlewares/Third_Party/FreeRTOS/Source/queue.c.obj
 .text.prvIsQueueFull
                0x000000000800c5cc       0x1e CMakeFiles/STM32Grape.elf.dir/Middlewares/Third_Party/FreeRTOS/Source/queue.c.obj
 .text.prvIsQueueEmpty
                0x000000000800c5ea       0x1a CMakeFiles/STM32Grape.elf.dir/Middlewares/Third_Party/FreeRTOS/Source/queue.c.obj
 .text.prvCopyDataToQueue
                0x000000000800c604       0x76 CMakeFiles/STM32Grape.elf.dir/Middlewares/Third_Party/FreeRTOS/Source/queue.c.obj
 .text.prvCopyDataFromQueue
                0x000000000800c67a       0x24 CMakeFiles/STM32Grape.elf.dir/Middlewares/Third_Party/FreeRTOS/Source/queue.c.obj
 .text.prvUnlockQueue
                0x000000000800c69e       0x6e CMakeFiles/STM32Grape.elf.dir/Middlewares/Third_Party/FreeRTOS/Source/queue.c.obj
 .text.xQueueGenericReset
                0x000000000800c70c       0x84 CMakeFiles/STM32Grape.elf.dir/Middlewares/Third_Party/FreeRTOS/Source/queue.c.obj
                0x000000000800c70c                xQueueGenericReset
 .text.prvInitialiseNewQueue
                0x000000000800c790       0x22 CMakeFiles/STM32Grape.elf.dir/Middlewares/Third_Party/FreeRTOS/Source/queue.c.obj
 .text.xQueueGenericCreateStatic
                0x000000000800c7b2       0x94 CMakeFiles/STM32Grape.elf.dir/Middlewares/Third_Party/FreeRTOS/Source/queue.c.obj
                0x000000000800c7b2                xQueueGenericCreateStatic
 .text.xQueueGenericCreate
                0x000000000800c846       0x48 CMakeFiles/STM32Grape.elf.dir/Middlewares/Third_Party/FreeRTOS/Source/queue.c.obj
                0x000000000800c846                xQueueGenericCreate
 .text.xQueueGenericSend
                0x000000000800c88e      0x188 CMakeFiles/STM32Grape.elf.dir/Middlewares/Third_Party/FreeRTOS/Source/queue.c.obj
                0x000000000800c88e                xQueueGenericSend
 .text.prvInitialiseMutex
                0x000000000800ca16       0x18 CMakeFiles/STM32Grape.elf.dir/Middlewares/Third_Party/FreeRTOS/Source/queue.c.obj
 .text.xQueueCreateMutex
                0x000000000800ca2e       0x16 CMakeFiles/STM32Grape.elf.dir/Middlewares/Third_Party/FreeRTOS/Source/queue.c.obj
                0x000000000800ca2e                xQueueCreateMutex
 .text.xQueueCreateMutexStatic
                0x000000000800ca44       0x1e CMakeFiles/STM32Grape.elf.dir/Middlewares/Third_Party/FreeRTOS/Source/queue.c.obj
                0x000000000800ca44                xQueueCreateMutexStatic
 .text.xQueueGenericSendFromISR
                0x000000000800ca62       0xce CMakeFiles/STM32Grape.elf.dir/Middlewares/Third_Party/FreeRTOS/Source/queue.c.obj
                0x000000000800ca62                xQueueGenericSendFromISR
 .text.xQueueReceive
                0x000000000800cb30      0x15e CMakeFiles/STM32Grape.elf.dir/Middlewares/Third_Party/FreeRTOS/Source/queue.c.obj
                0x000000000800cb30                xQueueReceive
 .text.xQueueSemaphoreTake
                0x000000000800cc8e      0x1a6 CMakeFiles/STM32Grape.elf.dir/Middlewares/Third_Party/FreeRTOS/Source/queue.c.obj
                0x000000000800cc8e                xQueueSemaphoreTake
 .text.vQueueAddToRegistry
                0x000000000800ce34       0x28 CMakeFiles/STM32Grape.elf.dir/Middlewares/Third_Party/FreeRTOS/Source/queue.c.obj
                0x000000000800ce34                vQueueAddToRegistry
 .text.vQueueWaitForMessageRestricted
                0x000000000800ce5c       0x52 CMakeFiles/STM32Grape.elf.dir/Middlewares/Third_Party/FreeRTOS/Source/queue.c.obj
                0x000000000800ce5c                vQueueWaitForMessageRestricted
 .text.prvBytesInBuffer
                0x000000000800ceae       0x12 CMakeFiles/STM32Grape.elf.dir/Middlewares/Third_Party/FreeRTOS/Source/stream_buffer.c.obj
 .text.prvInitialiseNewStreamBuffer
                0x000000000800cec0       0x40 CMakeFiles/STM32Grape.elf.dir/Middlewares/Third_Party/FreeRTOS/Source/stream_buffer.c.obj
 .text.prvWriteBytesToBuffer
                0x000000000800cf00       0x8c CMakeFiles/STM32Grape.elf.dir/Middlewares/Third_Party/FreeRTOS/Source/stream_buffer.c.obj
 .text.prvWriteMessageToBuffer
                0x000000000800cf8c       0x44 CMakeFiles/STM32Grape.elf.dir/Middlewares/Third_Party/FreeRTOS/Source/stream_buffer.c.obj
 .text.prvReadBytesFromBuffer
                0x000000000800cfd0       0x9c CMakeFiles/STM32Grape.elf.dir/Middlewares/Third_Party/FreeRTOS/Source/stream_buffer.c.obj
 .text.prvReadMessageFromBuffer
                0x000000000800d06c       0x4c CMakeFiles/STM32Grape.elf.dir/Middlewares/Third_Party/FreeRTOS/Source/stream_buffer.c.obj
 .text.xStreamBufferGenericCreate
                0x000000000800d0b8       0x74 CMakeFiles/STM32Grape.elf.dir/Middlewares/Third_Party/FreeRTOS/Source/stream_buffer.c.obj
                0x000000000800d0b8                xStreamBufferGenericCreate
 .text.xStreamBufferSpacesAvailable
                0x000000000800d12c       0x2a CMakeFiles/STM32Grape.elf.dir/Middlewares/Third_Party/FreeRTOS/Source/stream_buffer.c.obj
                0x000000000800d12c                xStreamBufferSpacesAvailable
 .text.xStreamBufferSendFromISR
                0x000000000800d156       0xa4 CMakeFiles/STM32Grape.elf.dir/Middlewares/Third_Party/FreeRTOS/Source/stream_buffer.c.obj
                0x000000000800d156                xStreamBufferSendFromISR
 .text.xStreamBufferReceive
                0x000000000800d1fa       0xea CMakeFiles/STM32Grape.elf.dir/Middlewares/Third_Party/FreeRTOS/Source/stream_buffer.c.obj
                0x000000000800d1fa                xStreamBufferReceive
 .text.prvResetNextTaskUnblockTime
                0x000000000800d2e4       0x2c CMakeFiles/STM32Grape.elf.dir/Middlewares/Third_Party/FreeRTOS/Source/tasks.c.obj
 .text.prvInitialiseNewTask
                0x000000000800d310       0xa6 CMakeFiles/STM32Grape.elf.dir/Middlewares/Third_Party/FreeRTOS/Source/tasks.c.obj
 *fill*         0x000000000800d3b6        0x2 
 .text.prvInitialiseTaskLists
                0x000000000800d3b8       0x68 CMakeFiles/STM32Grape.elf.dir/Middlewares/Third_Party/FreeRTOS/Source/tasks.c.obj
 .text.prvAddNewTaskToReadyList
                0x000000000800d420       0xac CMakeFiles/STM32Grape.elf.dir/Middlewares/Third_Party/FreeRTOS/Source/tasks.c.obj
 .text.prvDeleteTCB
                0x000000000800d4cc       0x38 CMakeFiles/STM32Grape.elf.dir/Middlewares/Third_Party/FreeRTOS/Source/tasks.c.obj
 .text.prvCheckTasksWaitingTermination
                0x000000000800d504       0x4c CMakeFiles/STM32Grape.elf.dir/Middlewares/Third_Party/FreeRTOS/Source/tasks.c.obj
 .text.prvIdleTask
                0x000000000800d550       0x28 CMakeFiles/STM32Grape.elf.dir/Middlewares/Third_Party/FreeRTOS/Source/tasks.c.obj
 .text.prvAddCurrentTaskToDelayedList
                0x000000000800d578       0x7c CMakeFiles/STM32Grape.elf.dir/Middlewares/Third_Party/FreeRTOS/Source/tasks.c.obj
 .text.xTaskCreateStatic
                0x000000000800d5f4       0x76 CMakeFiles/STM32Grape.elf.dir/Middlewares/Third_Party/FreeRTOS/Source/tasks.c.obj
                0x000000000800d5f4                xTaskCreateStatic
 .text.xTaskCreate
                0x000000000800d66a       0x68 CMakeFiles/STM32Grape.elf.dir/Middlewares/Third_Party/FreeRTOS/Source/tasks.c.obj
                0x000000000800d66a                xTaskCreate
 *fill*         0x000000000800d6d2        0x2 
 .text.vTaskStartScheduler
                0x000000000800d6d4       0x9c CMakeFiles/STM32Grape.elf.dir/Middlewares/Third_Party/FreeRTOS/Source/tasks.c.obj
                0x000000000800d6d4                vTaskStartScheduler
 .text.vTaskSuspendAll
                0x000000000800d770       0x10 CMakeFiles/STM32Grape.elf.dir/Middlewares/Third_Party/FreeRTOS/Source/tasks.c.obj
                0x000000000800d770                vTaskSuspendAll
 .text.xTaskGetTickCount
                0x000000000800d780        0xc CMakeFiles/STM32Grape.elf.dir/Middlewares/Third_Party/FreeRTOS/Source/tasks.c.obj
                0x000000000800d780                xTaskGetTickCount
 .text.xTaskIncrementTick
                0x000000000800d78c      0x118 CMakeFiles/STM32Grape.elf.dir/Middlewares/Third_Party/FreeRTOS/Source/tasks.c.obj
                0x000000000800d78c                xTaskIncrementTick
 .text.xTaskResumeAll
                0x000000000800d8a4       0xf8 CMakeFiles/STM32Grape.elf.dir/Middlewares/Third_Party/FreeRTOS/Source/tasks.c.obj
                0x000000000800d8a4                xTaskResumeAll
 .text.vTaskDelay
                0x000000000800d99c       0x4c CMakeFiles/STM32Grape.elf.dir/Middlewares/Third_Party/FreeRTOS/Source/tasks.c.obj
                0x000000000800d99c                vTaskDelay
 .text.vTaskSwitchContext
                0x000000000800d9e8       0x94 CMakeFiles/STM32Grape.elf.dir/Middlewares/Third_Party/FreeRTOS/Source/tasks.c.obj
                0x000000000800d9e8                vTaskSwitchContext
 .text.vTaskPlaceOnEventList
                0x000000000800da7c       0x30 CMakeFiles/STM32Grape.elf.dir/Middlewares/Third_Party/FreeRTOS/Source/tasks.c.obj
                0x000000000800da7c                vTaskPlaceOnEventList
 .text.vTaskPlaceOnEventListRestricted
                0x000000000800daac       0x38 CMakeFiles/STM32Grape.elf.dir/Middlewares/Third_Party/FreeRTOS/Source/tasks.c.obj
                0x000000000800daac                vTaskPlaceOnEventListRestricted
 .text.xTaskRemoveFromEventList
                0x000000000800dae4       0x8c CMakeFiles/STM32Grape.elf.dir/Middlewares/Third_Party/FreeRTOS/Source/tasks.c.obj
                0x000000000800dae4                xTaskRemoveFromEventList
 .text.vTaskInternalSetTimeOutState
                0x000000000800db70       0x18 CMakeFiles/STM32Grape.elf.dir/Middlewares/Third_Party/FreeRTOS/Source/tasks.c.obj
                0x000000000800db70                vTaskInternalSetTimeOutState
 .text.xTaskCheckForTimeOut
                0x000000000800db88       0x84 CMakeFiles/STM32Grape.elf.dir/Middlewares/Third_Party/FreeRTOS/Source/tasks.c.obj
                0x000000000800db88                xTaskCheckForTimeOut
 .text.vTaskMissedYield
                0x000000000800dc0c        0xc CMakeFiles/STM32Grape.elf.dir/Middlewares/Third_Party/FreeRTOS/Source/tasks.c.obj
                0x000000000800dc0c                vTaskMissedYield
 .text.xTaskGetCurrentTaskHandle
                0x000000000800dc18        0xc CMakeFiles/STM32Grape.elf.dir/Middlewares/Third_Party/FreeRTOS/Source/tasks.c.obj
                0x000000000800dc18                xTaskGetCurrentTaskHandle
 .text.xTaskGetSchedulerState
                0x000000000800dc24       0x20 CMakeFiles/STM32Grape.elf.dir/Middlewares/Third_Party/FreeRTOS/Source/tasks.c.obj
                0x000000000800dc24                xTaskGetSchedulerState
 .text.xTaskPriorityInherit
                0x000000000800dc44       0x98 CMakeFiles/STM32Grape.elf.dir/Middlewares/Third_Party/FreeRTOS/Source/tasks.c.obj
                0x000000000800dc44                xTaskPriorityInherit
 .text.xTaskPriorityDisinherit
                0x000000000800dcdc       0x90 CMakeFiles/STM32Grape.elf.dir/Middlewares/Third_Party/FreeRTOS/Source/tasks.c.obj
                0x000000000800dcdc                xTaskPriorityDisinherit
 .text.vTaskPriorityDisinheritAfterTimeout
                0x000000000800dd6c       0xa0 CMakeFiles/STM32Grape.elf.dir/Middlewares/Third_Party/FreeRTOS/Source/tasks.c.obj
                0x000000000800dd6c                vTaskPriorityDisinheritAfterTimeout
 .text.pvTaskIncrementMutexHeldCount
                0x000000000800de0c       0x1c CMakeFiles/STM32Grape.elf.dir/Middlewares/Third_Party/FreeRTOS/Source/tasks.c.obj
                0x000000000800de0c                pvTaskIncrementMutexHeldCount
 .text.xTaskNotifyWait
                0x000000000800de28       0x98 CMakeFiles/STM32Grape.elf.dir/Middlewares/Third_Party/FreeRTOS/Source/tasks.c.obj
                0x000000000800de28                xTaskNotifyWait
 .text.xTaskGenericNotify
                0x000000000800dec0      0x100 CMakeFiles/STM32Grape.elf.dir/Middlewares/Third_Party/FreeRTOS/Source/tasks.c.obj
                0x000000000800dec0                xTaskGenericNotify
 .text.xTaskGenericNotifyFromISR
                0x000000000800dfc0      0x134 CMakeFiles/STM32Grape.elf.dir/Middlewares/Third_Party/FreeRTOS/Source/tasks.c.obj
                0x000000000800dfc0                xTaskGenericNotifyFromISR
 .text.xTaskNotifyStateClear
                0x000000000800e0f4       0x34 CMakeFiles/STM32Grape.elf.dir/Middlewares/Third_Party/FreeRTOS/Source/tasks.c.obj
                0x000000000800e0f4                xTaskNotifyStateClear
 .text.prvGetNextExpireTime
                0x000000000800e128       0x20 CMakeFiles/STM32Grape.elf.dir/Middlewares/Third_Party/FreeRTOS/Source/timers.c.obj
 .text.prvInsertTimerInActiveList
                0x000000000800e148       0x48 CMakeFiles/STM32Grape.elf.dir/Middlewares/Third_Party/FreeRTOS/Source/timers.c.obj
 .text.prvCheckForValidListAndQueue
                0x000000000800e190       0x70 CMakeFiles/STM32Grape.elf.dir/Middlewares/Third_Party/FreeRTOS/Source/timers.c.obj
 .text.xTimerCreateTimerTask
                0x000000000800e200       0x64 CMakeFiles/STM32Grape.elf.dir/Middlewares/Third_Party/FreeRTOS/Source/timers.c.obj
                0x000000000800e200                xTimerCreateTimerTask
 .text.xTimerGenericCommand
                0x000000000800e264       0x6c CMakeFiles/STM32Grape.elf.dir/Middlewares/Third_Party/FreeRTOS/Source/timers.c.obj
                0x000000000800e264                xTimerGenericCommand
 .text.prvSwitchTimerLists
                0x000000000800e2d0       0x7c CMakeFiles/STM32Grape.elf.dir/Middlewares/Third_Party/FreeRTOS/Source/timers.c.obj
 .text.prvSampleTimeNow
                0x000000000800e34c       0x2c CMakeFiles/STM32Grape.elf.dir/Middlewares/Third_Party/FreeRTOS/Source/timers.c.obj
 .text.prvProcessExpiredTimer
                0x000000000800e378       0x6c CMakeFiles/STM32Grape.elf.dir/Middlewares/Third_Party/FreeRTOS/Source/timers.c.obj
 .text.prvProcessTimerOrBlockTask
                0x000000000800e3e4       0x74 CMakeFiles/STM32Grape.elf.dir/Middlewares/Third_Party/FreeRTOS/Source/timers.c.obj
 .text.prvProcessReceivedCommands
                0x000000000800e458      0x10c CMakeFiles/STM32Grape.elf.dir/Middlewares/Third_Party/FreeRTOS/Source/timers.c.obj
 .text.prvTimerTask
                0x000000000800e564       0x16 CMakeFiles/STM32Grape.elf.dir/Middlewares/Third_Party/FreeRTOS/Source/timers.c.obj
 *fill*         0x000000000800e57a        0x2 
 .text.__aeabi_atexit
                0x000000000800e57c        0xc /Applications/ARM/bin/../lib/gcc/arm-none-eabi/10.3.1/../../../../arm-none-eabi/lib/thumb/v7e-m+fp/hard/libstdc++.a(atexit_arm.o)
                0x000000000800e57c                __aeabi_atexit
 .text.__cxa_end_cleanup
                0x000000000800e588        0xc /Applications/ARM/bin/../lib/gcc/arm-none-eabi/10.3.1/../../../../arm-none-eabi/lib/thumb/v7e-m+fp/hard/libstdc++.a(eh_arm.o)
                0x000000000800e588                __cxa_end_cleanup
 .text.__cxa_type_match
                0x000000000800e594       0xb4 /Applications/ARM/bin/../lib/gcc/arm-none-eabi/10.3.1/../../../../arm-none-eabi/lib/thumb/v7e-m+fp/hard/libstdc++.a(eh_arm.o)
                0x000000000800e594                __cxa_type_match
 .text.__cxa_begin_cleanup
                0x000000000800e648       0x64 /Applications/ARM/bin/../lib/gcc/arm-none-eabi/10.3.1/../../../../arm-none-eabi/lib/thumb/v7e-m+fp/hard/libstdc++.a(eh_arm.o)
                0x000000000800e648                __cxa_begin_cleanup
 .text.__gnu_end_cleanup
                0x000000000800e6ac       0x70 /Applications/ARM/bin/../lib/gcc/arm-none-eabi/10.3.1/../../../../arm-none-eabi/lib/thumb/v7e-m+fp/hard/libstdc++.a(eh_arm.o)
                0x000000000800e6ac                __gnu_end_cleanup
 .text._ZNSt13bad_exceptionD2Ev
                0x000000000800e71c        0x4 /Applications/ARM/bin/../lib/gcc/arm-none-eabi/10.3.1/../../../../arm-none-eabi/lib/thumb/v7e-m+fp/hard/libstdc++.a(eh_exception.o)
                0x000000000800e71c                std::bad_exception::~bad_exception()
                0x000000000800e71c                std::bad_exception::~bad_exception()
 .text._ZNKSt13bad_exception4whatEv
                0x000000000800e720        0x8 /Applications/ARM/bin/../lib/gcc/arm-none-eabi/10.3.1/../../../../arm-none-eabi/lib/thumb/v7e-m+fp/hard/libstdc++.a(eh_exception.o)
                0x000000000800e720                transaction clone for std::bad_exception::what() const
                0x000000000800e720                std::bad_exception::what() const
 .text._ZNSt13bad_exceptionD0Ev
                0x000000000800e728       0x10 /Applications/ARM/bin/../lib/gcc/arm-none-eabi/10.3.1/../../../../arm-none-eabi/lib/thumb/v7e-m+fp/hard/libstdc++.a(eh_exception.o)
                0x000000000800e728                std::bad_exception::~bad_exception()
 .text.__cxa_get_globals_fast
                0x000000000800e738        0x8 /Applications/ARM/bin/../lib/gcc/arm-none-eabi/10.3.1/../../../../arm-none-eabi/lib/thumb/v7e-m+fp/hard/libstdc++.a(eh_globals.o)
                0x000000000800e738                __cxa_get_globals_fast
 .text.__cxa_get_globals
                0x000000000800e740        0x8 /Applications/ARM/bin/../lib/gcc/arm-none-eabi/10.3.1/../../../../arm-none-eabi/lib/thumb/v7e-m+fp/hard/libstdc++.a(eh_globals.o)
                0x000000000800e740                __cxa_get_globals
 .text._ZL28read_encoded_value_with_basehjPKhPj
                0x000000000800e748       0xc0 /Applications/ARM/bin/../lib/gcc/arm-none-eabi/10.3.1/../../../../arm-none-eabi/lib/thumb/v7e-m+fp/hard/libstdc++.a(eh_personality.o)
 .text._ZL21base_of_encoded_valuehP15_Unwind_Context
                0x000000000800e808       0x50 /Applications/ARM/bin/../lib/gcc/arm-none-eabi/10.3.1/../../../../arm-none-eabi/lib/thumb/v7e-m+fp/hard/libstdc++.a(eh_personality.o)
 .text._ZL17parse_lsda_headerP15_Unwind_ContextPKhP16lsda_header_info
                0x000000000800e858       0x94 /Applications/ARM/bin/../lib/gcc/arm-none-eabi/10.3.1/../../../../arm-none-eabi/lib/thumb/v7e-m+fp/hard/libstdc++.a(eh_personality.o)
 .text.__gxx_personality_v0
                0x000000000800e8ec      0x4a8 /Applications/ARM/bin/../lib/gcc/arm-none-eabi/10.3.1/../../../../arm-none-eabi/lib/thumb/v7e-m+fp/hard/libstdc++.a(eh_personality.o)
                0x000000000800e8ec                __gxx_personality_v0
 .text._ZN10__cxxabiv111__terminateEPFvvE
                0x000000000800ed94       0x28 /Applications/ARM/bin/../lib/gcc/arm-none-eabi/10.3.1/../../../../arm-none-eabi/lib/thumb/v7e-m+fp/hard/libstdc++.a(eh_terminate.o)
                0x000000000800ed94                __cxxabiv1::__terminate(void (*)())
 .text._ZSt9terminatev
                0x000000000800edbc       0x14 /Applications/ARM/bin/../lib/gcc/arm-none-eabi/10.3.1/../../../../arm-none-eabi/lib/thumb/v7e-m+fp/hard/libstdc++.a(eh_terminate.o)
                0x000000000800edbc                std::terminate()
 .text._ZN10__cxxabiv112__unexpectedEPFvvE
                0x000000000800edd0        0x8 /Applications/ARM/bin/../lib/gcc/arm-none-eabi/10.3.1/../../../../arm-none-eabi/lib/thumb/v7e-m+fp/hard/libstdc++.a(eh_terminate.o)
                0x000000000800edd0                __cxxabiv1::__unexpected(void (*)())
 .text._ZSt10unexpectedv
                0x000000000800edd8       0x14 /Applications/ARM/bin/../lib/gcc/arm-none-eabi/10.3.1/../../../../arm-none-eabi/lib/thumb/v7e-m+fp/hard/libstdc++.a(eh_terminate.o)
                0x000000000800edd8                std::unexpected()
 .text._ZSt13get_terminatev
                0x000000000800edec       0x10 /Applications/ARM/bin/../lib/gcc/arm-none-eabi/10.3.1/../../../../arm-none-eabi/lib/thumb/v7e-m+fp/hard/libstdc++.a(eh_terminate.o)
                0x000000000800edec                std::get_terminate()
 .text._ZSt14get_unexpectedv
                0x000000000800edfc       0x10 /Applications/ARM/bin/../lib/gcc/arm-none-eabi/10.3.1/../../../../arm-none-eabi/lib/thumb/v7e-m+fp/hard/libstdc++.a(eh_terminate.o)
                0x000000000800edfc                std::get_unexpected()
 .text._ZN10__cxxabiv120__si_class_type_infoD2Ev
                0x000000000800ee0c       0x14 /Applications/ARM/bin/../lib/gcc/arm-none-eabi/10.3.1/../../../../arm-none-eabi/lib/thumb/v7e-m+fp/hard/libstdc++.a(si_class_type_info.o)
                0x000000000800ee0c                __cxxabiv1::__si_class_type_info::~__si_class_type_info()
                0x000000000800ee0c                __cxxabiv1::__si_class_type_info::~__si_class_type_info()
 .text._ZN10__cxxabiv120__si_class_type_infoD0Ev
                0x000000000800ee20       0x1c /Applications/ARM/bin/../lib/gcc/arm-none-eabi/10.3.1/../../../../arm-none-eabi/lib/thumb/v7e-m+fp/hard/libstdc++.a(si_class_type_info.o)
                0x000000000800ee20                __cxxabiv1::__si_class_type_info::~__si_class_type_info()
 .text._ZNK10__cxxabiv120__si_class_type_info20__do_find_public_srcEiPKvPKNS_17__class_type_infoES2_
                0x000000000800ee3c       0x3c /Applications/ARM/bin/../lib/gcc/arm-none-eabi/10.3.1/../../../../arm-none-eabi/lib/thumb/v7e-m+fp/hard/libstdc++.a(si_class_type_info.o)
                0x000000000800ee3c                __cxxabiv1::__si_class_type_info::__do_find_public_src(int, void const*, __cxxabiv1::__class_type_info const*, void const*) const
 .text._ZNK10__cxxabiv120__si_class_type_info12__do_dyncastEiNS_17__class_type_info10__sub_kindEPKS1_PKvS4_S6_RNS1_16__dyncast_resultE
                0x000000000800ee78       0x80 /Applications/ARM/bin/../lib/gcc/arm-none-eabi/10.3.1/../../../../arm-none-eabi/lib/thumb/v7e-m+fp/hard/libstdc++.a(si_class_type_info.o)
                0x000000000800ee78                __cxxabiv1::__si_class_type_info::__do_dyncast(int, __cxxabiv1::__class_type_info::__sub_kind, __cxxabiv1::__class_type_info const*, void const*, __cxxabiv1::__class_type_info const*, void const*, __cxxabiv1::__class_type_info::__dyncast_result&) const
 .text._ZNK10__cxxabiv120__si_class_type_info11__do_upcastEPKNS_17__class_type_infoEPKvRNS1_15__upcast_resultE
                0x000000000800eef8       0x2c /Applications/ARM/bin/../lib/gcc/arm-none-eabi/10.3.1/../../../../arm-none-eabi/lib/thumb/v7e-m+fp/hard/libstdc++.a(si_class_type_info.o)
                0x000000000800eef8                __cxxabiv1::__si_class_type_info::__do_upcast(__cxxabiv1::__class_type_info const*, void const*, __cxxabiv1::__class_type_info::__upcast_result&) const
 .text._ZNSt9type_infoD2Ev
                0x000000000800ef24        0x4 /Applications/ARM/bin/../lib/gcc/arm-none-eabi/10.3.1/../../../../arm-none-eabi/lib/thumb/v7e-m+fp/hard/libstdc++.a(tinfo.o)
                0x000000000800ef24                std::type_info::~type_info()
                0x000000000800ef24                std::type_info::~type_info()
 .text._ZNKSt9type_info14__is_pointer_pEv
                0x000000000800ef28        0x4 /Applications/ARM/bin/../lib/gcc/arm-none-eabi/10.3.1/../../../../arm-none-eabi/lib/thumb/v7e-m+fp/hard/libstdc++.a(tinfo.o)
                0x000000000800ef28                std::type_info::__is_function_p() const
                0x000000000800ef28                std::type_info::__is_pointer_p() const
 .text._ZNKSt9type_infoeqERKS_
                0x000000000800ef2c       0x2c /Applications/ARM/bin/../lib/gcc/arm-none-eabi/10.3.1/../../../../arm-none-eabi/lib/thumb/v7e-m+fp/hard/libstdc++.a(tinfo.o)
                0x000000000800ef2c                std::type_info::operator==(std::type_info const&) const
 .text._ZN9__gnu_cxx27__verbose_terminate_handlerEv
                0x000000000800ef58      0x10c /Applications/ARM/bin/../lib/gcc/arm-none-eabi/10.3.1/../../../../arm-none-eabi/lib/thumb/v7e-m+fp/hard/libstdc++.a(vterminate.o)
                0x000000000800ef58                __gnu_cxx::__verbose_terminate_handler()
 .text._ZNK10__cxxabiv117__class_type_info11__do_upcastEPKS0_PPv
                0x000000000800f064       0x34 /Applications/ARM/bin/../lib/gcc/arm-none-eabi/10.3.1/../../../../arm-none-eabi/lib/thumb/v7e-m+fp/hard/libstdc++.a(class_type_info.o)
                0x000000000800f064                __cxxabiv1::__class_type_info::__do_upcast(__cxxabiv1::__class_type_info const*, void**) const
 .text._ZNK10__cxxabiv117__class_type_info20__do_find_public_srcEiPKvPKS0_S2_
                0x000000000800f098        0xc /Applications/ARM/bin/../lib/gcc/arm-none-eabi/10.3.1/../../../../arm-none-eabi/lib/thumb/v7e-m+fp/hard/libstdc++.a(class_type_info.o)
                0x000000000800f098                __cxxabiv1::__class_type_info::__do_find_public_src(int, void const*, __cxxabiv1::__class_type_info const*, void const*) const
 .text._ZN10__cxxabiv117__class_type_infoD2Ev
                0x000000000800f0a4       0x14 /Applications/ARM/bin/../lib/gcc/arm-none-eabi/10.3.1/../../../../arm-none-eabi/lib/thumb/v7e-m+fp/hard/libstdc++.a(class_type_info.o)
                0x000000000800f0a4                __cxxabiv1::__class_type_info::~__class_type_info()
                0x000000000800f0a4                __cxxabiv1::__class_type_info::~__class_type_info()
 .text._ZN10__cxxabiv117__class_type_infoD0Ev
                0x000000000800f0b8       0x1c /Applications/ARM/bin/../lib/gcc/arm-none-eabi/10.3.1/../../../../arm-none-eabi/lib/thumb/v7e-m+fp/hard/libstdc++.a(class_type_info.o)
                0x000000000800f0b8                __cxxabiv1::__class_type_info::~__class_type_info()
 .text._ZNK10__cxxabiv117__class_type_info12__do_dyncastEiNS0_10__sub_kindEPKS0_PKvS3_S5_RNS0_16__dyncast_resultE
                0x000000000800f0d4       0x44 /Applications/ARM/bin/../lib/gcc/arm-none-eabi/10.3.1/../../../../arm-none-eabi/lib/thumb/v7e-m+fp/hard/libstdc++.a(class_type_info.o)
                0x000000000800f0d4                __cxxabiv1::__class_type_info::__do_dyncast(int, __cxxabiv1::__class_type_info::__sub_kind, __cxxabiv1::__class_type_info const*, void const*, __cxxabiv1::__class_type_info const*, void const*, __cxxabiv1::__class_type_info::__dyncast_result&) const
 .text._ZNK10__cxxabiv117__class_type_info11__do_upcastEPKS0_PKvRNS0_15__upcast_resultE
                0x000000000800f118       0x1c /Applications/ARM/bin/../lib/gcc/arm-none-eabi/10.3.1/../../../../arm-none-eabi/lib/thumb/v7e-m+fp/hard/libstdc++.a(class_type_info.o)
                0x000000000800f118                __cxxabiv1::__class_type_info::__do_upcast(__cxxabiv1::__class_type_info const*, void const*, __cxxabiv1::__class_type_info::__upcast_result&) const
 .text._ZNK10__cxxabiv117__class_type_info10__do_catchEPKSt9type_infoPPvj
                0x000000000800f134       0x2c /Applications/ARM/bin/../lib/gcc/arm-none-eabi/10.3.1/../../../../arm-none-eabi/lib/thumb/v7e-m+fp/hard/libstdc++.a(class_type_info.o)
                0x000000000800f134                __cxxabiv1::__class_type_info::__do_catch(std::type_info const*, void**, unsigned int) const
 .text._ZdlPvj  0x000000000800f160        0x4 /Applications/ARM/bin/../lib/gcc/arm-none-eabi/10.3.1/../../../../arm-none-eabi/lib/thumb/v7e-m+fp/hard/libstdc++.a(del_ops.o)
                0x000000000800f160                operator delete(void*, unsigned int)
 .text._ZN10__cxxabiv1L24__is_gxx_exception_classEPc
                0x000000000800f164       0x3c /Applications/ARM/bin/../lib/gcc/arm-none-eabi/10.3.1/../../../../arm-none-eabi/lib/thumb/v7e-m+fp/hard/libstdc++.a(eh_call.o)
 .text.__cxa_call_terminate
                0x000000000800f1a0       0x20 /Applications/ARM/bin/../lib/gcc/arm-none-eabi/10.3.1/../../../../arm-none-eabi/lib/thumb/v7e-m+fp/hard/libstdc++.a(eh_call.o)
                0x000000000800f1a0                __cxa_call_terminate
 .text.unlikely.__cxa_call_unexpected
                0x000000000800f1c0       0xe4 /Applications/ARM/bin/../lib/gcc/arm-none-eabi/10.3.1/../../../../arm-none-eabi/lib/thumb/v7e-m+fp/hard/libstdc++.a(eh_call.o)
                0x000000000800f1c0                __cxa_call_unexpected
 .text.__cxa_begin_catch
                0x000000000800f2a4       0x7c /Applications/ARM/bin/../lib/gcc/arm-none-eabi/10.3.1/../../../../arm-none-eabi/lib/thumb/v7e-m+fp/hard/libstdc++.a(eh_catch.o)
                0x000000000800f2a4                __cxa_begin_catch
 .text.__cxa_end_catch
                0x000000000800f320       0x8c /Applications/ARM/bin/../lib/gcc/arm-none-eabi/10.3.1/../../../../arm-none-eabi/lib/thumb/v7e-m+fp/hard/libstdc++.a(eh_catch.o)
                0x000000000800f320                __cxa_end_catch
 .text._ZL23__gxx_exception_cleanup19_Unwind_Reason_CodeP21_Unwind_Control_Block
                0x000000000800f3ac       0x4c /Applications/ARM/bin/../lib/gcc/arm-none-eabi/10.3.1/../../../../arm-none-eabi/lib/thumb/v7e-m+fp/hard/libstdc++.a(eh_throw.o)
 .text.__cxa_init_primary_exception
                0x000000000800f3f8       0x58 /Applications/ARM/bin/../lib/gcc/arm-none-eabi/10.3.1/../../../../arm-none-eabi/lib/thumb/v7e-m+fp/hard/libstdc++.a(eh_throw.o)
                0x000000000800f3f8                __cxa_init_primary_exception
 .text.__cxa_throw
                0x000000000800f450       0x38 /Applications/ARM/bin/../lib/gcc/arm-none-eabi/10.3.1/../../../../arm-none-eabi/lib/thumb/v7e-m+fp/hard/libstdc++.a(eh_throw.o)
                0x000000000800f450                __cxa_throw
 .text.__cxa_rethrow
                0x000000000800f488       0x70 /Applications/ARM/bin/../lib/gcc/arm-none-eabi/10.3.1/../../../../arm-none-eabi/lib/thumb/v7e-m+fp/hard/libstdc++.a(eh_throw.o)
                0x000000000800f488                __cxa_rethrow
 .text.__cxa_current_exception_type
                0x000000000800f4f8       0x1c /Applications/ARM/bin/../lib/gcc/arm-none-eabi/10.3.1/../../../../arm-none-eabi/lib/thumb/v7e-m+fp/hard/libstdc++.a(eh_type.o)
                0x000000000800f4f8                __cxa_current_exception_type
 .text._ZdlPv   0x000000000800f514        0x4 /Applications/ARM/bin/../lib/gcc/arm-none-eabi/10.3.1/../../../../arm-none-eabi/lib/thumb/v7e-m+fp/hard/libstdc++.a(del_op.o)
                0x000000000800f514                operator delete(void*)
 .text._ZN12_GLOBAL__N_14pool4freeEPv.constprop.0
                0x000000000800f518       0x88 /Applications/ARM/bin/../lib/gcc/arm-none-eabi/10.3.1/../../../../arm-none-eabi/lib/thumb/v7e-m+fp/hard/libstdc++.a(eh_alloc.o)
 .text._ZN12_GLOBAL__N_14pool8allocateEj.constprop.0
                0x000000000800f5a0       0x58 /Applications/ARM/bin/../lib/gcc/arm-none-eabi/10.3.1/../../../../arm-none-eabi/lib/thumb/v7e-m+fp/hard/libstdc++.a(eh_alloc.o)
 .text.__cxa_allocate_exception
                0x000000000800f5f8       0x30 /Applications/ARM/bin/../lib/gcc/arm-none-eabi/10.3.1/../../../../arm-none-eabi/lib/thumb/v7e-m+fp/hard/libstdc++.a(eh_alloc.o)
                0x000000000800f5f8                __cxa_allocate_exception
 .text.__cxa_free_exception
                0x000000000800f628       0x20 /Applications/ARM/bin/../lib/gcc/arm-none-eabi/10.3.1/../../../../arm-none-eabi/lib/thumb/v7e-m+fp/hard/libstdc++.a(eh_alloc.o)
                0x000000000800f628                __cxa_free_exception
 .text.startup._GLOBAL__sub_I__ZN9__gnu_cxx9__freeresEv
                0x000000000800f648       0x28 /Applications/ARM/bin/../lib/gcc/arm-none-eabi/10.3.1/../../../../arm-none-eabi/lib/thumb/v7e-m+fp/hard/libstdc++.a(eh_alloc.o)
 .text.unlikely
                0x000000000800f670        0xc /Applications/ARM/bin/../lib/gcc/arm-none-eabi/10.3.1/thumb/v7e-m+fp/hard/libgcc.a(pr-support.o)
                0x000000000800f670                _Unwind_GetDataRelBase
                0x000000000800f676                _Unwind_GetTextRelBase
 .text.abort    0x000000000800f67c       0x10 /Applications/ARM/bin/../lib/gcc/arm-none-eabi/10.3.1/../../../../arm-none-eabi/lib/thumb/v7e-m+fp/hard/libg.a(lib_a-abort.o)
                0x000000000800f67c                abort
 .text.__cxa_atexit
                0x000000000800f68c        0xc /Applications/ARM/bin/../lib/gcc/arm-none-eabi/10.3.1/../../../../arm-none-eabi/lib/thumb/v7e-m+fp/hard/libg.a(lib_a-cxa_atexit.o)
                0x000000000800f68c                __cxa_atexit
 .text.__errno  0x000000000800f698        0xc /Applications/ARM/bin/../lib/gcc/arm-none-eabi/10.3.1/../../../../arm-none-eabi/lib/thumb/v7e-m+fp/hard/libg.a(lib_a-errno.o)
                0x000000000800f698                __errno
 .text.fputc    0x000000000800f6a4       0x64 /Applications/ARM/bin/../lib/gcc/arm-none-eabi/10.3.1/../../../../arm-none-eabi/lib/thumb/v7e-m+fp/hard/libg.a(lib_a-fputc.o)
                0x000000000800f6a4                fputc
 .text._fputs_r
                0x000000000800f708       0x88 /Applications/ARM/bin/../lib/gcc/arm-none-eabi/10.3.1/../../../../arm-none-eabi/lib/thumb/v7e-m+fp/hard/libg.a(lib_a-fputs.o)
                0x000000000800f708                _fputs_r